Component: ARM Compiler 5.06 update 6 (build 750) Tool: armlink [4d35ed]

==============================================================================

Section Cross References

    startup_stm32f407xx.o(RESET) refers to startup_stm32f407xx.o(STACK) for __initial_sp
    startup_stm32f407xx.o(RESET) refers to startup_stm32f407xx.o(.text) for Reset_Handler
    startup_stm32f407xx.o(RESET) refers to stm32f4xx_it.o(i.SVC_Handler) for SVC_Handler
    startup_stm32f407xx.o(RESET) refers to stm32f4xx_it.o(i.PendSV_Handler) for PendSV_Handler
    startup_stm32f407xx.o(RESET) refers to stm32f4xx_it.o(i.SysTick_Handler) for SysTick_Handler
    startup_stm32f407xx.o(RESET) refers to stm32f4xx_it.o(i.UART4_IRQHandler) for UART4_IRQHandler
    startup_stm32f407xx.o(.text) refers to system_stm32f4xx.o(i.SystemInit) for SystemInit
    startup_stm32f407xx.o(.text) refers to entry.o(.ARM.Collect$$$$00000000) for __main
    system_stm32f4xx.o(i.SystemCoreClockUpdate) refers to system_stm32f4xx.o(.data) for .data
    system_stm32f4xx.o(i.SystemCoreClockUpdate) refers to system_stm32f4xx.o(.constdata) for .constdata
    diskio.o(i.disk_initialize) refers to ff_gen_drv.o(.bss) for disk
    diskio.o(i.disk_ioctl) refers to ff_gen_drv.o(.bss) for disk
    diskio.o(i.disk_read) refers to ff_gen_drv.o(.bss) for disk
    diskio.o(i.disk_status) refers to ff_gen_drv.o(.bss) for disk
    diskio.o(i.disk_write) refers to ff_gen_drv.o(.bss) for disk
    ff.o(i.check_fs) refers to ff.o(i.move_window) for move_window
    ff.o(i.create_chain) refers to ff.o(i.get_fat) for get_fat
    ff.o(i.create_chain) refers to ff.o(i.put_fat) for put_fat
    ff.o(i.create_name) refers to ff.o(i.mem_set) for mem_set
    ff.o(i.create_name) refers to ff.o(.constdata) for .constdata
    ff.o(i.dir_next) refers to ff.o(i.get_fat) for get_fat
    ff.o(i.dir_next) refers to ff.o(i.create_chain) for create_chain
    ff.o(i.dir_next) refers to ff.o(i.sync_window) for sync_window
    ff.o(i.dir_next) refers to ff.o(i.mem_set) for mem_set
    ff.o(i.dir_next) refers to ff.o(i.clust2sect) for clust2sect
    ff.o(i.dir_read) refers to ff.o(i.move_window) for move_window
    ff.o(i.dir_read) refers to ff.o(i.dir_next) for dir_next
    ff.o(i.dir_register) refers to ff.o(i.dir_sdi) for dir_sdi
    ff.o(i.dir_register) refers to ff.o(i.move_window) for move_window
    ff.o(i.dir_register) refers to ff.o(i.dir_next) for dir_next
    ff.o(i.dir_register) refers to ff.o(i.mem_set) for mem_set
    ff.o(i.dir_register) refers to ff.o(i.mem_cpy) for mem_cpy
    ff.o(i.dir_remove) refers to ff.o(i.dir_sdi) for dir_sdi
    ff.o(i.dir_remove) refers to ff.o(i.move_window) for move_window
    ff.o(i.dir_remove) refers to ff.o(i.mem_set) for mem_set
    ff.o(i.dir_sdi) refers to ff.o(i.get_fat) for get_fat
    ff.o(i.dir_sdi) refers to ff.o(i.clust2sect) for clust2sect
    ff.o(i.f_chmod) refers to ff.o(i.find_volume) for find_volume
    ff.o(i.f_chmod) refers to ff.o(i.follow_path) for follow_path
    ff.o(i.f_chmod) refers to ff.o(i.sync_fs) for sync_fs
    ff.o(i.f_close) refers to ff.o(i.f_sync) for f_sync
    ff.o(i.f_close) refers to ff.o(i.validate) for validate
    ff.o(i.f_closedir) refers to ff.o(i.validate) for validate
    ff.o(i.f_getfree) refers to ff.o(i.find_volume) for find_volume
    ff.o(i.f_getfree) refers to ff.o(i.get_fat) for get_fat
    ff.o(i.f_getfree) refers to ff.o(i.move_window) for move_window
    ff.o(i.f_gets) refers to ff.o(i.f_read) for f_read
    ff.o(i.f_lseek) refers to ff.o(i.validate) for validate
    ff.o(i.f_lseek) refers to ff.o(i.clmt_clust) for clmt_clust
    ff.o(i.f_lseek) refers to ff.o(i.clust2sect) for clust2sect
    ff.o(i.f_lseek) refers to diskio.o(i.disk_write) for disk_write
    ff.o(i.f_lseek) refers to ff.o(i.get_fat) for get_fat
    ff.o(i.f_lseek) refers to diskio.o(i.disk_read) for disk_read
    ff.o(i.f_lseek) refers to ff.o(i.create_chain) for create_chain
    ff.o(i.f_mkdir) refers to fatfs.o(i.get_fattime) for get_fattime
    ff.o(i.f_mkdir) refers to ff.o(i.find_volume) for find_volume
    ff.o(i.f_mkdir) refers to ff.o(i.follow_path) for follow_path
    ff.o(i.f_mkdir) refers to ff.o(i.create_chain) for create_chain
    ff.o(i.f_mkdir) refers to ff.o(i.sync_window) for sync_window
    ff.o(i.f_mkdir) refers to ff.o(i.clust2sect) for clust2sect
    ff.o(i.f_mkdir) refers to ff.o(i.mem_set) for mem_set
    ff.o(i.f_mkdir) refers to ff.o(i.st_clust) for st_clust
    ff.o(i.f_mkdir) refers to ff.o(i.mem_cpy) for mem_cpy
    ff.o(i.f_mkdir) refers to ff.o(i.dir_register) for dir_register
    ff.o(i.f_mkdir) refers to ff.o(i.remove_chain) for remove_chain
    ff.o(i.f_mkdir) refers to ff.o(i.sync_fs) for sync_fs
    ff.o(i.f_mkfs) refers to ff.o(i.get_ldnumber) for get_ldnumber
    ff.o(i.f_mkfs) refers to diskio.o(i.disk_initialize) for disk_initialize
    ff.o(i.f_mkfs) refers to diskio.o(i.disk_ioctl) for disk_ioctl
    ff.o(i.f_mkfs) refers to ff.o(i.mem_set) for mem_set
[...]
    ../clib/microlib/string/memcpy.c         0x00000000   Number         0  memcpyb.o ABSOLUTE
    ../clib/microlib/string/memset.c         0x00000000   Number         0  memseta.o ABSOLUTE
    ../clib/microlib/string/strcat.c         0x00000000   Number         0  strcat.o ABSOLUTE
    ../clib/microlib/string/strcmp.c         0x00000000   Number         0  strcmp.o ABSOLUTE
    ../clib/microlib/string/strcpy.c         0x00000000   Number         0  strcpy.o ABSOLUTE
    ../clib/microlib/string/strlen.c         0x00000000   Number         0  strlen.o ABSOLUTE
    ../clib/microlib/string/strtok.c         0x00000000   Number         0  strtok_r.o ABSOLUTE
    ../clib/microlib/string/strtok.c         0x00000000   Number         0  strtok.o ABSOLUTE
    ../clib/microlib/stubs.s                 0x00000000   Number         0  iusesemip.o ABSOLUTE
    ../clib/microlib/stubs.s                 0x00000000   Number         0  iusefp.o ABSOLUTE
    ../clib/scanf.c                          0x00000000   Number         0  _chval.o ABSOLUTE
    ../clib/scanf.c                          0x00000000   Number         0  _strtoul.o ABSOLUTE
    ../clib/scanf.c                          0x00000000   Number         0  strtol.o ABSOLUTE
    ../clib/scanf.c                          0x00000000   Number         0  atoi.o ABSOLUTE
    ../fplib/microlib/fpadd.c                0x00000000   Number         0  dadd.o ABSOLUTE
    ../fplib/microlib/fpdiv.c                0x00000000   Number         0  ddiv.o ABSOLUTE
    ../fplib/microlib/fpepilogue.c           0x00000000   Number         0  depilogue.o ABSOLUTE
    ../fplib/microlib/fpfix.c                0x00000000   Number         0  dfixul.o ABSOLUTE
    ../fplib/microlib/fpmul.c                0x00000000   Number         0  dmul.o ABSOLUTE
    ..\Drivers\STM32F4xx_HAL_Driver\Src\stm32f4xx_hal.c 0x00000000   Number         0  stm32f4xx_hal.o ABSOLUTE
    ..\Drivers\STM32F4xx_HAL_Driver\Src\stm32f4xx_hal_cortex.c 0x00000000   Number         0  stm32f4xx_hal_cortex.o ABSOLUTE
    ..\Drivers\STM32F4xx_HAL_Driver\Src\stm32f4xx_hal_dma.c 0x00000000   Number         0  stm32f4xx_hal_dma.o ABSOLUTE
    ..\Drivers\STM32F4xx_HAL_Driver\Src\stm32f4xx_hal_dma_ex.c 0x00000000   Number         0  stm32f4xx_hal_dma_ex.o ABSOLUTE
    ..\Drivers\STM32F4xx_HAL_Driver\Src\stm32f4xx_hal_flash.c 0x00000000   Number         0  stm32f4xx_hal_flash.o ABSOLUTE
    ..\Drivers\STM32F4xx_HAL_Driver\Src\stm32f4xx_hal_flash_ex.c 0x00000000   Number         0  stm32f4xx_hal_flash_ex.o ABSOLUTE
    ..\Drivers\STM32F4xx_HAL_Driver\Src\stm32f4xx_hal_flash_ramfunc.c 0x00000000   Number         0  stm32f4xx_hal_flash_ramfunc.o ABSOLUTE
    ..\Drivers\STM32F4xx_HAL_Driver\Src\stm32f4xx_hal_gpio.c 0x00000000   Number         0  stm32f4xx_hal_gpio.o ABSOLUTE
    ..\Drivers\STM32F4xx_HAL_Driver\Src\stm32f4xx_hal_pwr.c 0x00000000   Number         0  stm32f4xx_hal_pwr.o ABSOLUTE
    ..\Drivers\STM32F4xx_HAL_Driver\Src\stm32f4xx_hal_pwr_ex.c 0x00000000   Number         0  stm32f4xx_hal_pwr_ex.o ABSOLUTE
    ..\Drivers\STM32F4xx_HAL_Driver\Src\stm32f4xx_hal_rcc.c 0x00000000   Number         0  stm32f4xx_hal_rcc.o ABSOLUTE
    ..\Drivers\STM32F4xx_HAL_Driver\Src\stm32f4xx_hal_rcc_ex.c 0x00000000   Number         0  stm32f4xx_hal_rcc_ex.o ABSOLUTE
    ..\Drivers\STM32F4xx_HAL_Driver\Src\stm32f4xx_hal_sd.c 0x00000000   Number         0  stm32f4xx_hal_sd.o ABSOLUTE
    ..\Drivers\STM32F4xx_HAL_Driver\Src\stm32f4xx_hal_spi.c 0x00000000   Number         0  stm32f4xx_hal_spi.o ABSOLUTE
    ..\Drivers\STM32F4xx_HAL_Driver\Src\stm32f4xx_hal_tim.c 0x00000000   Number         0  stm32f4xx_hal_tim.o ABSOLUTE
    ..\Drivers\STM32F4xx_HAL_Driver\Src\stm32f4xx_hal_tim_ex.c 0x00000000   Number         0  stm32f4xx_hal_tim_ex.o ABSOLUTE
    ..\Drivers\STM32F4xx_HAL_Driver\Src\stm32f4xx_hal_uart.c 0x00000000   Number         0  stm32f4xx_hal_uart.o ABSOLUTE
    ..\Drivers\STM32F4xx_HAL_Driver\Src\stm32f4xx_ll_sdmmc.c 0x00000000   Number         0  stm32f4xx_ll_sdmmc.o ABSOLUTE
    ..\Middlewares\Third_Party\FatFs\src\diskio.c 0x00000000   Number         0  diskio.o ABSOLUTE
    ..\Middlewares\Third_Party\FatFs\src\drivers\sd_diskio.c 0x00000000   Number         0  sd_diskio.o ABSOLUTE
    ..\Middlewares\Third_Party\FatFs\src\ff.c 0x00000000   Number         0  ff.o ABSOLUTE
    ..\Middlewares\Third_Party\FatFs\src\ff_gen_drv.c 0x00000000   Number         0  ff_gen_drv.o ABSOLUTE
    ..\Middlewares\Third_Party\FatFs\src\option\syscall.c 0x00000000   Number         0  syscall.o ABSOLUTE
    ..\Src\bsp_driver_sd.c                   0x00000000   Number         0  bsp_driver_sd.o ABSOLUTE
    ..\Src\fatfs.c                           0x00000000   Number         0  fatfs.o ABSOLUTE
    ..\Src\main.c                            0x00000000   Number         0  main.o ABSOLUTE
    ..\Src\stm32f4xx_hal_msp.c               0x00000000   Number         0  stm32f4xx_hal_msp.o ABSOLUTE
    ..\Src\stm32f4xx_it.c                    0x00000000   Number         0  stm32f4xx_it.o ABSOLUTE
    ..\Src\system_stm32f4xx.c                0x00000000   Number         0  system_stm32f4xx.o ABSOLUTE
    cdrcmple.s                               0x00000000   Number         0  cdrcmple.o ABSOLUTE
    dc.s                                     0x00000000   Number         0  dc.o ABSOLUTE
    handlers.s                               0x00000000   Number         0  handlers.o ABSOLUTE
    init.s                                   0x00000000   Number         0  init.o ABSOLUTE
    startup_stm32f407xx.s                    0x00000000   Number         0  startup_stm32f407xx.o ABSOLUTE
    RESET                                    0x08000000   Section      392  startup_stm32f407xx.o(RESET)
    .ARM.Collect$$$$00000000                 0x08000188   Section        0  entry.o(.ARM.Collect$$$$00000000)
    .ARM.Collect$$$$00000001                 0x08000188   Section        4  entry2.o(.ARM.Collect$$$$00000001)
    .ARM.Collect$$$$00000004                 0x0800018c   Section        4  entry5.o(.ARM.Collect$$$$00000004)
    .ARM.Collect$$$$00000008                 0x08000190   Section        0  entry7b.o(.ARM.Collect$$$$00000008)
    .ARM.Collect$$$$0000000A                 0x08000190   Section        0  entry8b.o(.ARM.Collect$$$$0000000A)
    .ARM.Collect$$$$0000000B                 0x08000190   Section        8  entry9a.o(.ARM.Collect$$$$0000000B)
    .ARM.Collect$$$$0000000D                 0x08000198   Section        0  entry10a.o(.ARM.Collect$$$$0000000D)
    .ARM.Collect$$$$0000000F                 0x08000198   Section        0  entry11a.o(.ARM.Collect$$$$0000000F)
    .ARM.Collect$$$$00002712                 0x08000198   Section        4  entry2.o(.ARM.Collect$$$$00002712)
    __lit__00000000                          0x08000198   Data           4  entry2.o(.ARM.Collect$$$$00002712)
    .text                                    0x0800019c   Section       36  startup_stm32f407xx.o(.text)
    $v0                                      0x0800019c   Number         0  startup_stm32f407xx.o(.text)
    .text                                    0x080001c0   Section        0  memcpya.o(.text)
    .text                                    0x080001e4   Section        0  memseta.o(.text)
    .text                                    0x08000208   Section        0  strcat.o(.text)
    .text                                    0x08000220   Section        0  strlen.o(.text)
    .text                                    0x0800022e   Section        0  strcmp.o(.text)
    .text                                    0x0800024a   Section        0  strcpy.o(.text)
    .text                                    0x0800025c   Section        0  strtok.o(.text)
    .text                                    0x080002a0   Section        0  atoi.o(.text)
    .text                                    0x080002ba   Section        0  uidiv.o(.text)
    .text                                    0x080002e6   Section        0  strtol.o(.text)
    .text                                    0x08000358   Section       36  init.o(.text)
    .text                                    0x0800037c   Section        0  ctype_o.o(.text)
    .text                                    0x08000384   Section        0  _strtoul.o(.text)
    .text                                    0x08000422   Section        0  _chval.o(.text)
    i.BSP_SD_GetCardInfo                     0x08000440   Section        0  bsp_driver_sd.o(i.BSP_SD_GetCardInfo)
    i.BSP_SD_GetCardState                    0x0800044c   Section        0  bsp_driver_sd.o(i.BSP_SD_GetCardState)
    i.BSP_SD_Init                            0x08000464   Section        0  bsp_driver_sd.o(i.BSP_SD_Init)
    i.BSP_SD_ReadBlocks                      0x08000498   Section        0  bsp_driver_sd.o(i.BSP_SD_ReadBlocks)
    i.BSP_SD_WriteBlocks                     0x080004b8   Section        0  bsp_driver_sd.o(i.BSP_SD_WriteBlocks)
    i.FATFS_LinkDriver                       0x080004d8   Section        0  ff_gen_drv.o(i.FATFS_LinkDriver)
    i.FATFS_LinkDriverEx                     0x080004e0   Section        0  ff_gen_drv.o(i.FATFS_LinkDriverEx)
    i.HAL_DMA_Abort_IT                       0x08000520   Section        0  stm32f4xx_hal_dma.o(i.HAL_DMA_Abort_IT)
    i.HAL_Delay                              0x08000544   Section        0  stm32f4xx_hal.o(i.HAL_Delay)
    i.HAL_GPIO_Init                          0x08000560   Section        0  stm32f4xx_hal_gpio.o(i.HAL_GPIO_Init)
    i.HAL_GPIO_WritePin                      0x08000710   Section        0  stm32f4xx_hal_gpio.o(i.HAL_GPIO_WritePin)
    i.HAL_GetTick                            0x0800071c   Section        0  stm32f4xx_hal.o(i.HAL_GetTick)
    i.HAL_IncTick                            0x08000728   Section        0  stm32f4xx_hal.o(i.HAL_IncTick)
    i.HAL_Init                               0x08000738   Section        0  stm32f4xx_hal.o(i.HAL_Init)
    i.HAL_InitTick                           0x0800076c   Section        0  stm32f4xx_hal.o(i.HAL_InitTick)
    i.HAL_MspInit                            0x08000794   Section        0  stm32f4xx_hal_msp.o(i.HAL_MspInit)
    i.HAL_NVIC_EnableIRQ                     0x080007ec   Section        0  stm32f4xx_hal_cortex.o(i.HAL_NVIC_EnableIRQ)
    i.HAL_NVIC_SetPriority                   0x08000804   Section        0  stm32f4xx_hal_cortex.o(i.HAL_NVIC_SetPriority)
    i.HAL_NVIC_SetPriorityGrouping           0x08000844   Section        0  stm32f4xx_hal_cortex.o(i.HAL_NVIC_SetPriorityGrouping)
    i.HAL_RCC_ClockConfig                    0x08000868   Section        0  stm32f4xx_hal_rcc.o(i.HAL_RCC_ClockConfig)
    i.HAL_RCC_GetHCLKFreq                    0x080009e4   Section        0  stm32f4xx_hal_rcc.o(i.HAL_RCC_GetHCLKFreq)
    i.HAL_RCC_GetPCLK1Freq                   0x080009f0   Section        0  stm32f4xx_hal_rcc.o(i.HAL_RCC_GetPCLK1Freq)
    i.HAL_RCC_GetPCLK2Freq                   0x08000a20   Section        0  stm32f4xx_hal_rcc.o(i.HAL_RCC_GetPCLK2Freq)
    i.HAL_RCC_GetSysClockFreq                0x08000a50   Section        0  stm32f4xx_hal_rcc.o(i.HAL_RCC_GetSysClockFreq)
    i.HAL_RCC_OscConfig                      0x08000ac0   Section        0  stm32f4xx_hal_rcc.o(i.HAL_RCC_OscConfig)
    i.HAL_SD_ConfigWideBusOperation          0x08000dd4   Section        0  stm32f4xx_hal_sd.o(i.HAL_SD_ConfigWideBusOperation)
    i.HAL_SD_GetCardCSD                      0x08000e4c   Section        0  stm32f4xx_hal_sd.o(i.HAL_SD_GetCardCSD)
    i.HAL_SD_GetCardInfo                     0x08001026   Section        0  stm32f4xx_hal_sd.o(i.HAL_SD_GetCardInfo)
    i.HAL_SD_GetCardState                    0x0800104a   Section        0  stm32f4xx_hal_sd.o(i.HAL_SD_GetCardState)
    i.HAL_SD_Init                            0x08001076   Section        0  stm32f4xx_hal_sd.o(i.HAL_SD_Init)
    i.HAL_SD_InitCard                        0x080010ac   Section        0  stm32f4xx_hal_sd.o(i.HAL_SD_InitCard)
    i.HAL_SD_MspInit                         0x08001100   Section        0  stm32f4xx_hal_msp.o(i.HAL_SD_MspInit)
    i.HAL_SD_ReadBlocks                      0x08001158   Section        0  stm32f4xx_hal_sd.o(i.HAL_SD_ReadBlocks)
    i.HAL_SD_WriteBlocks                     0x0800130c   Section        0  stm32f4xx_hal_sd.o(i.HAL_SD_WriteBlocks)
    i.HAL_SPI_Init                           0x080014a6   Section        0  stm32f4xx_hal_spi.o(i.HAL_SPI_Init)
    i.HAL_SPI_MspInit                        0x08001528   Section        0  stm32f4xx_hal_msp.o(i.HAL_SPI_MspInit)
    i.HAL_SPI_Transmit                       0x080015bc   Section        0  stm32f4xx_hal_spi.o(i.HAL_SPI_Transmit)
    i.HAL_SYSTICK_CLKSourceConfig            0x08001724   Section        0  stm32f4xx_hal_cortex.o(i.HAL_SYSTICK_CLKSourceConfig)
    i.HAL_SYSTICK_Callback                   0x0800173c   Section        0  stm32f4xx_hal_cortex.o(i.HAL_SYSTICK_Callback)
    i.HAL_SYSTICK_Config                     0x0800173e   Section        0  stm32f4xx_hal_cortex.o(i.HAL_SYSTICK_Config)
    i.HAL_SYSTICK_IRQHandler                 0x08001766   Section        0  stm32f4xx_hal_cortex.o(i.HAL_SYSTICK_IRQHandler)
    i.HAL_UART_ErrorCallback                 0x0800176e   Section        0  stm32f4xx_hal_uart.o(i.HAL_UART_ErrorCallback)
    i.HAL_UART_IRQHandler                    0x08001770   Section        0  stm32f4xx_hal_uart.o(i.HAL_UART_IRQHandler)
    i.HAL_UART_Init                          0x08001880   Section        0  stm32f4xx_hal_uart.o(i.HAL_UART_Init)
    i.HAL_UART_MspInit                       0x080018e4   Section        0  stm32f4xx_hal_msp.o(i.HAL_UART_MspInit)
    i.HAL_UART_Receive                       0x0800193c   Section        0  stm32f4xx_hal_uart.o(i.HAL_UART_Receive)
    i.HAL_UART_RxCpltCallback                0x080019f4   Section        0  stm32f4xx_hal_uart.o(i.HAL_UART_RxCpltCallback)
    i.HAL_UART_Transmit                      0x080019f6   Section        0  stm32f4xx_hal_uart.o(i.HAL_UART_Transmit)
    i.HAL_UART_TxCpltCallback                0x08001ab0   Section        0  stm32f4xx_hal_uart.o(i.HAL_UART_TxCpltCallback)
    i.MX_FATFS_Init                          0x08001ab4   Section        0  fatfs.o(i.MX_FATFS_Init)
    i.MX_GPIO_Init                           0x08001ad0   Section        0  main.o(i.MX_GPIO_Init)
    MX_GPIO_Init                             0x08001ad1   Thumb Code   110  main.o(i.MX_GPIO_Init)
    i.MX_SPI1_Init                           0x08001b48   Section        0  main.o(i.MX_SPI1_Init)
    MX_SPI1_Init                             0x08001b49   Thumb Code    54  main.o(i.MX_SPI1_Init)
    i.NVIC_SetPriority                       0x08001b88   Section        0  stm32f4xx_hal_cortex.o(i.NVIC_SetPriority)
    NVIC_SetPriority                         0x08001b89   Thumb Code    32  stm32f4xx_hal_cortex.o(i.NVIC_SetPriority)
    i.PendSV_Handler                         0x08001ba8   Section        0  stm32f4xx_it.o(i.PendSV_Handler)
    i.SDIO_ConfigData                        0x08001baa   Section        0  stm32f4xx_ll_sdmmc.o(i.SDIO_ConfigData)
    i.SDIO_GetPowerState                     0x08001bce   Section        0  stm32f4xx_ll_sdmmc.o(i.SDIO_GetPowerState)
    i.SDIO_GetResponse                       0x08001bd6   Section        0  stm32f4xx_ll_sdmmc.o(i.SDIO_GetResponse)
    i.SDIO_Init                              0x08001be2   Section        0  stm32f4xx_ll_sdmmc.o(i.SDIO_Init)
    i.SDIO_PowerState_ON                     0x08001c06   Section        0  stm32f4xx_ll_sdmmc.o(i.SDIO_PowerState_ON)
    i.SDIO_ReadFIFO                          0x08001c0e   Section        0  stm32f4xx_ll_sdmmc.o(i.SDIO_ReadFIFO)
    i.SDIO_SendCommand                       0x08001c14   Section        0  stm32f4xx_ll_sdmmc.o(i.SDIO_SendCommand)
    i.SDIO_WriteFIFO                         0x08001c34   Section        0  stm32f4xx_ll_sdmmc.o(i.SDIO_WriteFIFO)
    i.SDMMC_CmdAppCommand                    0x08001c3e   Section        0  stm32f4xx_ll_sdmmc.o(i.SDMMC_CmdAppCommand)
    i.SDMMC_CmdAppOperCommand                0x08001c70   Section        0  stm32f4xx_ll_sdmmc.o(i.SDMMC_CmdAppOperCommand)
    i.SDMMC_CmdBlockLength                   0x08001ca4   Section        0  stm32f4xx_ll_sdmmc.o(i.SDMMC_CmdBlockLength)
    i.SDMMC_CmdBusWidth                      0x08001cd6   Section        0  stm32f4xx_ll_sdmmc.o(i.SDMMC_CmdBusWidth)
    i.SDMMC_CmdGoIdleState                   0x08001d08   Section        0  stm32f4xx_ll_sdmmc.o(i.SDMMC_CmdGoIdleState)
    i.SDMMC_CmdOperCond                      0x08001d58   Section        0  stm32f4xx_ll_sdmmc.o(i.SDMMC_CmdOperCond)
    i.SDMMC_CmdReadMultiBlock                0x08001dc0   Section        0  stm32f4xx_ll_sdmmc.o(i.SDMMC_CmdReadMultiBlock)
    i.SDMMC_CmdReadSingleBlock               0x08001df2   Section        0  stm32f4xx_ll_sdmmc.o(i.SDMMC_CmdReadSingleBlock)
    i.SDMMC_CmdSelDesel                      0x08001e24   Section        0  stm32f4xx_ll_sdmmc.o(i.SDMMC_CmdSelDesel)
    i.SDMMC_CmdSendCID                       0x08001e56   Section        0  stm32f4xx_ll_sdmmc.o(i.SDMMC_CmdSendCID)
    i.SDMMC_CmdSendCSD                       0x08001e82   Section        0  stm32f4xx_ll_sdmmc.o(i.SDMMC_CmdSendCSD)
    i.SDMMC_CmdSendSCR                       0x08001eae   Section        0  stm32f4xx_ll_sdmmc.o(i.SDMMC_CmdSendSCR)
    i.SDMMC_CmdSendStatus                    0x08001ede   Section        0  stm32f4xx_ll_sdmmc.o(i.SDMMC_CmdSendStatus)
    i.SDMMC_CmdSetRelAdd                     0x08001f10   Section        0  stm32f4xx_ll_sdmmc.o(i.SDMMC_CmdSetRelAdd)
    i.SDMMC_CmdStopTransfer                  0x08001f40   Section        0  stm32f4xx_ll_sdmmc.o(i.SDMMC_CmdStopTransfer)
    i.SDMMC_CmdWriteMultiBlock               0x08001f74   Section        0  stm32f4xx_ll_sdmmc.o(i.SDMMC_CmdWriteMultiBlock)
    i.SDMMC_CmdWriteSingleBlock              0x08001fa6   Section        0  stm32f4xx_ll_sdmmc.o(i.SDMMC_CmdWriteSingleBlock)
    i.SDMMC_GetCmdResp1                      0x08001fd8   Section        0  stm32f4xx_ll_sdmmc.o(i.SDMMC_GetCmdResp1)
    SDMMC_GetCmdResp1                        0x08001fd9   Thumb Code   276  stm32f4xx_ll_sdmmc.o(i.SDMMC_GetCmdResp1)
    i.SDMMC_GetCmdResp2                      0x080020f4   Section        0  stm32f4xx_ll_sdmmc.o(i.SDMMC_GetCmdResp2)
    SDMMC_GetCmdResp2                        0x080020f5   Thumb Code    74  stm32f4xx_ll_sdmmc.o(i.SDMMC_GetCmdResp2)
    i.SDMMC_GetCmdResp3                      0x08002144   Section        0  stm32f4xx_ll_sdmmc.o(i.SDMMC_GetCmdResp3)
    SDMMC_GetCmdResp3                        0x08002145   Thumb Code    60  stm32f4xx_ll_sdmmc.o(i.SDMMC_GetCmdResp3)
    i.SDMMC_GetCmdResp6                      0x08002184   Section        0  stm32f4xx_ll_sdmmc.o(i.SDMMC_GetCmdResp6)
    SDMMC_GetCmdResp6                        0x08002185   Thumb Code   128  stm32f4xx_ll_sdmmc.o(i.SDMMC_GetCmdResp6)
    i.SD_FindSCR                             0x08002208   Section        0  stm32f4xx_hal_sd.o(i.SD_FindSCR)
    SD_FindSCR                               0x08002209   Thumb Code   212  stm32f4xx_hal_sd.o(i.SD_FindSCR)
    i.SD_InitCard                            0x080022dc   Section        0  stm32f4xx_hal_sd.o(i.SD_InitCard)
    SD_InitCard                              0x080022dd   Thumb Code   230  stm32f4xx_hal_sd.o(i.SD_InitCard)
    i.SD_PowerON                             0x080023c2   Section        0  stm32f4xx_hal_sd.o(i.SD_PowerON)
    SD_PowerON                               0x080023c3   Thumb Code   162  stm32f4xx_hal_sd.o(i.SD_PowerON)
    i.SD_WideBus_Disable                     0x08002464   Section        0  stm32f4xx_hal_sd.o(i.SD_WideBus_Disable)
    SD_WideBus_Disable                       0x08002465   Thumb Code    78  stm32f4xx_hal_sd.o(i.SD_WideBus_Disable)
    i.SD_WideBus_Enable                      0x080024b2   Section        0  stm32f4xx_hal_sd.o(i.SD_WideBus_Enable)
    SD_WideBus_Enable                        0x080024b3   Thumb Code    78  stm32f4xx_hal_sd.o(i.SD_WideBus_Enable)
    i.SD_initialize                          0x08002500   Section        0  sd_diskio.o(i.SD_initialize)
    i.SD_ioctl                               0x08002520   Section        0  sd_diskio.o(i.SD_ioctl)
    i.SD_read                                0x08002570   Section        0  sd_diskio.o(i.SD_read)
    i.SD_status                              0x080025ac   Section        0  sd_diskio.o(i.SD_status)
    i.SD_write                               0x080025cc   Section        0  sd_diskio.o(i.SD_write)
    i.SPI_CheckFlag_BSY                      0x08002608   Section        0  stm32f4xx_hal_spi.o(i.SPI_CheckFlag_BSY)
    SPI_CheckFlag_BSY                        0x08002609   Thumb Code    32  stm32f4xx_hal_spi.o(i.SPI_CheckFlag_BSY)
    i.SPI_WaitFlagStateUntilTimeout          0x08002628   Section        0  stm32f4xx_hal_spi.o(i.SPI_WaitFlagStateUntilTimeout)
    SPI_WaitFlagStateUntilTimeout            0x08002629   Thumb Code   150  stm32f4xx_hal_spi.o(i.SPI_WaitFlagStateUntilTimeout)
    i.SVC_Handler                            0x080026be   Section        0  stm32f4xx_it.o(i.SVC_Handler)
    i.SysTick_Handler                        0x080026c0   Section        0  stm32f4xx_it.o(i.SysTick_Handler)
    i.SystemClock_Config                     0x080026d0   Section        0  main.o(i.SystemClock_Config)
    i.SystemInit                             0x0800276c   Section        0  system_stm32f4xx.o(i.SystemInit)
    i.UART4_IRQHandler                       0x080027c0   Section        0  stm32f4xx_it.o(i.UART4_IRQHandler)
    i.UART_DMAAbortOnError                   0x080027cc   Section        0  stm32f4xx_hal_uart.o(i.UART_DMAAbortOnError)
    UART_DMAAbortOnError                     0x080027cd   Thumb Code    16  stm32f4xx_hal_uart.o(i.UART_DMAAbortOnError)
    i.UART_EndRxTransfer                     0x080027dc   Section        0  stm32f4xx_hal_uart.o(i.UART_EndRxTransfer)
    UART_EndRxTransfer                       0x080027dd   Thumb Code    28  stm32f4xx_hal_uart.o(i.UART_EndRxTransfer)
    i.UART_Receive_IT                        0x080027f8   Section        0  stm32f4xx_hal_uart.o(i.UART_Receive_IT)
    UART_Receive_IT                          0x080027f9   Thumb Code   140  stm32f4xx_hal_uart.o(i.UART_Receive_IT)
    i.UART_SetConfig                         0x08002884   Section        0  stm32f4xx_hal_uart.o(i.UART_SetConfig)
    UART_SetConfig                           0x08002885   Thumb Code   676  stm32f4xx_hal_uart.o(i.UART_SetConfig)
    i.UART_Transmit_IT                       0x08002b30   Section        0  stm32f4xx_hal_uart.o(i.UART_Transmit_IT)
    UART_Transmit_IT                         0x08002b31   Thumb Code    98  stm32f4xx_hal_uart.o(i.UART_Transmit_IT)
    i.UART_WaitOnFlagUntilTimeout            0x08002b92   Section        0  stm32f4xx_hal_uart.o(i.UART_WaitOnFlagUntilTimeout)
    UART_WaitOnFlagUntilTimeout              0x08002b93   Thumb Code   100  stm32f4xx_hal_uart.o(i.UART_WaitOnFlagUntilTimeout)
    i.__0sprintf$1                           0x08002bf8   Section        0  printf1.o(i.__0sprintf$1)
    i.__aeabi_errno_addr                     0x08002c20   Section        0  errno.o(i.__aeabi_errno_addr)
    i.__scatterload_copy                     0x08002c28   Section       14  handlers.o(i.__scatterload_copy)
    i.__scatterload_null                     0x08002c36   Section        2  handlers.o(i.__scatterload_null)
    i.__scatterload_zeroinit                 0x08002c38   Section       14  handlers.o(i.__scatterload_zeroinit)
    i._printf_core                           0x08002c48   Section        0  printf1.o(i._printf_core)
    _printf_core                             0x08002c49   Thumb Code   336  printf1.o(i._printf_core)
    i._sputc                                 0x08002d9c   Section        0  printf1.o(i._sputc)
    _sputc                                   0x08002d9d   Thumb Code    10  printf1.o(i._sputc)
    i.check_fs                               0x08002da8   Section        0  ff.o(i.check_fs)
    check_fs                                 0x08002da9   Thumb Code    90  ff.o(i.check_fs)
    i.clmt_clust                             0x08002e08   Section        0  ff.o(i.clmt_clust)
    clmt_clust                               0x08002e09   Thumb Code    46  ff.o(i.clmt_clust)
    i.clust2sect                             0x08002e36   Section        0  ff.o(i.clust2sect)
    i.create_chain                           0x08002e52   Section        0  ff.o(i.create_chain)
    create_chain                             0x08002e53   Thumb Code   164  ff.o(i.create_chain)
    i.create_name                            0x08002ef8   Section        0  ff.o(i.create_name)
    create_name                              0x08002ef9   Thumb Code   236  ff.o(i.create_name)
    i.dir_next                               0x08002ff8   Section        0  ff.o(i.dir_next)
    dir_next                                 0x08002ff9   Thumb Code   284  ff.o(i.dir_next)
    i.dir_read                               0x08003114   Section        0  ff.o(i.dir_read)
    dir_read                                 0x08003115   Thumb Code    96  ff.o(i.dir_read)
    i.dir_register                           0x08003174   Section        0  ff.o(i.dir_register)
    dir_register                             0x08003175   Thumb Code   112  ff.o(i.dir_register)
    i.dir_sdi                                0x080031e4   Section        0  ff.o(i.dir_sdi)
    dir_sdi                                  0x080031e5   Thumb Code   158  ff.o(i.dir_sdi)
    i.disk_initialize                        0x08003284   Section        0  diskio.o(i.disk_initialize)
    i.disk_ioctl                             0x080032ac   Section        0  diskio.o(i.disk_ioctl)
    i.disk_read                              0x080032c8   Section        0  diskio.o(i.disk_read)
    i.disk_status                            0x080032e4   Section        0  diskio.o(i.disk_status)
    i.disk_write                             0x080032fc   Section        0  diskio.o(i.disk_write)
    i.f_gets                                 0x08003318   Section        0  ff.o(i.f_gets)
    i.f_lseek                                0x08003360   Section        0  ff.o(i.f_lseek)
    i.f_mount                                0x080035c8   Section        0  ff.o(i.f_mount)
    i.f_open                                 0x0800361c   Section        0  ff.o(i.f_open)
    i.f_opendir                              0x080037b0   Section        0  ff.o(i.f_opendir)
    i.f_read                                 0x08003818   Section        0  ff.o(i.f_read)
    i.f_readdir                              0x080039a6   Section        0  ff.o(i.f_readdir)
    i.find_volume                            0x080039f8   Section        0  ff.o(i.find_volume)
    find_volume                              0x080039f9   Thumb Code   600  ff.o(i.find_volume)
    i.follow_path                            0x08003c5c   Section        0  ff.o(i.follow_path)
    follow_path                              0x08003c5d   Thumb Code   184  ff.o(i.follow_path)
    i.get_fat                                0x08003d14   Section        0  ff.o(i.get_fat)
    i.get_fattime                            0x08003dfa   Section        0  fatfs.o(i.get_fattime)
    i.get_fileinfo                           0x08003dfe   Section        0  ff.o(i.get_fileinfo)
    get_fileinfo                             0x08003dff   Thumb Code    80  ff.o(i.get_fileinfo)
    i.get_ldnumber                           0x08003e4e   Section        0  ff.o(i.get_ldnumber)
    get_ldnumber                             0x08003e4f   Thumb Code    60  ff.o(i.get_ldnumber)
    i.get_scd                                0x08003e8c   Section        0  main.o(i.get_scd)
    i.get_toc                                0x08003ee0   Section        0  main.o(i.get_toc)
    i.ld_clust                               0x08003ff0   Section        0  ff.o(i.ld_clust)
    ld_clust                                 0x08003ff1   Thumb Code    22  ff.o(i.ld_clust)
    i.main                                   0x08004008   Section        0  main.o(i.main)
    i.mem_cpy                                0x080041f0   Section        0  ff.o(i.mem_cpy)
    mem_cpy                                  0x080041f1   Thumb Code    18  ff.o(i.mem_cpy)
    i.mem_set                                0x08004202   Section        0  ff.o(i.mem_set)
    mem_set                                  0x08004203   Thumb Code    14  ff.o(i.mem_set)
    i.move_window                            0x08004210   Section        0  ff.o(i.move_window)
    move_window                              0x08004211   Thumb Code    56  ff.o(i.move_window)
    i.open_gdi                               0x08004248   Section        0  main.o(i.open_gdi)
    i.process_cmd                            0x08004344   Section        0  main.o(i.process_cmd)
    i.put_fat                                0x080043c0   Section        0  ff.o(i.put_fat)
    i.read_cd                                0x080044e0   Section        0  main.o(i.read_cd)
    i.remove_chain                           0x080045fc   Section        0  ff.o(i.remove_chain)
    remove_chain                             0x080045fd   Thumb Code   102  ff.o(i.remove_chain)
    i.req_error                              0x08004664   Section        0  main.o(i.req_error)
    i.req_ses                                0x0800468c   Section        0  main.o(i.req_ses)
    i.request_mode                           0x080046dc   Section        0  main.o(i.request_mode)
    i.st_clust                               0x08004724   Section        0  ff.o(i.st_clust)
    st_clust                                 0x08004725   Thumb Code    16  ff.o(i.st_clust)
    i.sync_window                            0x08004734   Section        0  ff.o(i.sync_window)
    sync_window                              0x08004735   Thumb Code    82  ff.o(i.sync_window)
    i.transmit_71                            0x08004788   Section        0  main.o(i.transmit_71)
    i.validate                               0x080047b8   Section        0  ff.o(i.validate)
    validate                                 0x080047b9   Thumb Code    42  ff.o(i.validate)
    .constdata                               0x080047e2   Section       16  system_stm32f4xx.o(.constdata)
    .constdata                               0x080047f2   Section        8  system_stm32f4xx.o(.constdata)
    .constdata                               0x080047fa   Section      172  ff.o(.constdata)
    ExCvt                                    0x080047fa   Data         128  ff.o(.constdata)
    vst                                      0x0800487a   Data          22  ff.o(.constdata)
    cst                                      0x08004890   Data          22  ff.o(.constdata)
    .constdata                               0x080048a8   Section       20  sd_diskio.o(.constdata)
    .constdata                               0x080048bc   Section      129  ctype_o.o(.constdata)
    .constdata                               0x08004940   Section        4  ctype_o.o(.constdata)
    table                                    0x08004940   Data           4  ctype_o.o(.constdata)
    .data                                    0x20000000   Section        4  system_stm32f4xx.o(.data)
    .data                                    0x20000004   Section        8  ff.o(.data)
    Fsid                                     0x20000004   Data           2  ff.o(.data)
    FatFs                                    0x20000008   Data           4  ff.o(.data)
    .data                                    0x2000000c   Section        1  sd_diskio.o(.data)
    Stat                                     0x2000000c   Data           1  sd_diskio.o(.data)
    .data                                    0x20000010   Section        4  stm32f4xx_hal.o(.data)
    .data                                    0x20000014   Section       12  main.o(.data)
    .data                                    0x20000020   Section        5  fatfs.o(.data)
    .data                                    0x20000028   Section        4  strtok.o(.data)
    state                                    0x20000028   Data           4  strtok.o(.data)
    .data                                    0x2000002c   Section        4  errno.o(.data)
    _errno                                   0x2000002c   Data           4  errno.o(.data)
    .bss                                     0x20000030   Section       12  ff_gen_drv.o(.bss)
    .bss                                     0x2000003c   Section    54704  main.o(.bss)
    STACK                                    0x2000d5f0   Section     1024  startup_stm32f407xx.o(STACK)

    Global Symbols

    Symbol Name                              Value     Ov Type        Size  Object(Section)

    BuildAttributes$$THM_ISAv4$E$P$D$K$B$S$7EM$VFPi3$EXTD16$VFPS$VFMA$PE$A:L22UL41UL21$X:L11$S22US41US21$IEEE1$IW$USESV6$~STKCKD$USESV7$~SHL$OSPACE$ROPI$EBA8$MICROLIB$REQ8$PRES8$EABIv2 0x00000000   Number         0  anon$$obj.o ABSOLUTE
    __ARM_use_no_argv                        0x00000000   Number         0  main.o ABSOLUTE
    _printf_a                                0x00000000   Number         0  stubs.o ABSOLUTE
    _printf_c                                0x00000000   Number         0  stubs.o ABSOLUTE
    _printf_charcount                        0x00000000   Number         0  stubs.o ABSOLUTE
    _printf_d                                0x00000000   Number         0  stubs.o ABSOLUTE
    _printf_e                                0x00000000   Number         0  stubs.o ABSOLUTE
    _printf_f                                0x00000000   Number         0  stubs.o ABSOLUTE
    _printf_flags                            0x00000000   Number         0  stubs.o ABSOLUTE
    _printf_fp_dec                           0x00000000   Number         0  stubs.o ABSOLUTE
    _printf_fp_hex                           0x00000000   Number         0  stubs.o ABSOLUTE
    _printf_g                                0x00000000   Number         0  stubs.o ABSOLUTE
    _printf_i                                0x00000000   Number         0  stubs.o ABSOLUTE
    _printf_int_dec                          0x00000000   Number         0  stubs.o ABSOLUTE
    _printf_l                                0x00000000   Number         0  stubs.o ABSOLUTE
    _printf_lc                               0x00000000   Number         0  stubs.o ABSOLUTE
    _printf_ll                               0x00000000   Number         0  stubs.o ABSOLUTE
    _printf_lld                              0x00000000   Number         0  stubs.o ABSOLUTE
    _printf_lli                              0x00000000   Number         0  stubs.o ABSOLUTE
    _printf_llo                              0x00000000   Number         0  stubs.o ABSOLUTE
    _printf_llu                              0x00000000   Number         0  stubs.o ABSOLUTE
    _printf_llx                              0x00000000   Number         0  stubs.o ABSOLUTE
    _printf_longlong_dec                     0x00000000   Number         0  stubs.o ABSOLUTE
    _printf_longlong_hex                     0x00000000   Number         0  stubs.o ABSOLUTE
    _printf_longlong_oct                     0x00000000   Number         0  stubs.o ABSOLUTE
    _printf_ls                               0x00000000   Number         0  stubs.o ABSOLUTE
    _printf_mbtowc                           0x00000000   Number         0  stubs.o ABSOLUTE
    _printf_n                                0x00000000   Number         0  stubs.o ABSOLUTE
    _printf_o                                0x00000000   Number         0  stubs.o ABSOLUTE
    _printf_p                                0x00000000   Number         0  stubs.o ABSOLUTE
    _printf_percent                          0x00000000   Number         0  stubs.o ABSOLUTE
    _printf_pre_padding                      0x00000000   Number         0  stubs.o ABSOLUTE
    _printf_return_value                     0x00000000   Number         0  stubs.o ABSOLUTE
    _printf_s                                0x00000000   Number         0  stubs.o ABSOLUTE
    _printf_sizespec                         0x00000000   Number         0  stubs.o ABSOLUTE
    _printf_str                              0x00000000   Number         0  stubs.o ABSOLUTE
    _printf_truncate_signed                  0x00000000   Number         0  stubs.o ABSOLUTE
    _printf_truncate_unsigned                0x00000000   Number         0  stubs.o ABSOLUTE
    _printf_u                                0x00000000   Number         0  stubs.o ABSOLUTE
    _printf_wc                               0x00000000   Number         0  stubs.o ABSOLUTE
    _printf_wctomb                           0x00000000   Number         0  stubs.o ABSOLUTE
    _printf_widthprec                        0x00000000   Number         0  stubs.o ABSOLUTE
    _printf_x                                0x00000000   Number         0  stubs.o ABSOLUTE
    __cpp_initialize__aeabi_                  - Undefined Weak Reference
    __cxa_finalize                            - Undefined Weak Reference
    __decompress                              - Undefined Weak Reference
    _clock_init                               - Undefined Weak Reference
    _microlib_exit                            - Undefined Weak Reference
    __Vectors_Size                           0x00000188   Number         0  startup_stm32f407xx.o ABSOLUTE
    __Vectors                                0x08000000   Data           4  startup_stm32f407xx.o(RESET)
    __Vectors_End                            0x08000188   Data           0  startup_stm32f407xx.o(RESET)
    __main                                   0x08000189   Thumb Code     0  entry.o(.ARM.Collect$$$$00000000)
    _main_stk                                0x08000189   Thumb Code     0  entry2.o(.ARM.Collect$$$$00000001)
    _main_scatterload                        0x0800018d   Thumb Code     0  entry5.o(.ARM.Collect$$$$00000004)
    __main_after_scatterload                 0x08000191   Thumb Code     0  entry5.o(.ARM.Collect$$$$00000004)
    _main_clock                              0x08000191   Thumb Code     0  entry7b.o(.ARM.Collect$$$$00000008)
    _main_cpp_init                           0x08000191   Thumb Code     0  entry8b.o(.ARM.Collect$$$$0000000A)
    _main_init                               0x08000191   Thumb Code     0  entry9a.o(.ARM.Collect$$$$0000000B)
    __rt_final_cpp                           0x08000199   Thumb Code     0  entry10a.o(.ARM.Collect$$$$0000000D)
    __rt_final_exit                          0x08000199   Thumb Code     0  entry11a.o(.ARM.Collect$$$$0000000F)
    Reset_Handler                            0x0800019d   Thumb Code     8  startup_stm32f407xx.o(.text)
    NMI_Handler                              0x080001a5   Thumb Code     2  startup_stm32f407xx.o(.text)
    HardFault_Handler                        0x080001a7   Thumb Code     2  startup_stm32f407xx.o(.text)
    MemManage_Handler                        0x080001a9   Thumb Code     2  startup_stm32f407xx.o(.text)
    BusFault_Handler                         0x080001ab   Thumb Code     2  startup_stm32f407xx.o(.text)
    UsageFault_Handler                       0x080001ad   Thumb Code     2  startup_stm32f407xx.o(.text)
    DebugMon_Handler                         0x080001b1   Thumb Code     2  startup_stm32f407xx.o(.text)
    ADC_IRQHandler                           0x080001b7   Thumb Code     0  startup_stm32f407xx.o(.text)
    CAN1_RX0_IRQHandler                      0x080001b7   Thumb Code     0  startup_stm32f407xx.o(.text)
    CAN1_RX1_IRQHandler                      0x080001b7   Thumb Code     0  startup_stm32f407xx.o(.text)
    CAN1_SCE_IRQHandler                      0x080001b7   Thumb Code     0  startup_stm32f407xx.o(.text)
    CAN1_TX_IRQHandler                       0x080001b7   Thumb Code     0  startup_stm32f407xx.o(.text)
    CAN2_RX0_IRQHandler                      0x080001b7   Thumb Code     0  startup_stm32f407xx.o(.text)
    CAN2_RX1_IRQHandler                      0x080001b7   Thumb Code     0  startup_stm32f407xx.o(.text)
    CAN2_SCE_IRQHandler                      0x080001b7   Thumb Code     0  startup_stm32f407xx.o(.text)
    CAN2_TX_IRQHandler                       0x080001b7   Thumb Code     0  startup_stm32f407xx.o(.text)
    DCMI_IRQHandler                          0x080001b7   Thumb Code     0  startup_stm32f407xx.o(.text)
    DMA1_Stream0_IRQHandler                  0x080001b7   Thumb Code     0  startup_stm32f407xx.o(.text)
    DMA1_Stream1_IRQHandler                  0x080001b7   Thumb Code     0  startup_stm32f407xx.o(.text)
    DMA1_Stream2_IRQHandler                  0x080001b7   Thumb Code     0  startup_stm32f407xx.o(.text)
    DMA1_Stream3_IRQHandler                  0x080001b7   Thumb Code     0  startup_stm32f407xx.o(.text)
    DMA1_Stream4_IRQHandler                  0x080001b7   Thumb Code     0  startup_stm32f407xx.o(.text)
    DMA1_Stream5_IRQHandler                  0x080001b7   Thumb Code     0  startup_stm32f407xx.o(.text)
    DMA1_Stream6_IRQHandler                  0x080001b7   Thumb Code     0  startup_stm32f407xx.o(.text)
    DMA1_Stream7_IRQHandler                  0x080001b7   Thumb Code     0  startup_stm32f407xx.o(.text)
    DMA2_Stream0_IRQHandler                  0x080001b7   Thumb Code     0  startup_stm32f407xx.o(.text)
    DMA2_Stream1_IRQHandler                  0x080001b7   Thumb Code     0  startup_stm32f407xx.o(.text)
    DMA2_Stream2_IRQHandler                  0x080001b7   Thumb Code     0  startup_stm32f407xx.o(.text)
    DMA2_Stream3_IRQHandler                  0x080001b7   Thumb Code     0  startup_stm32f407xx.o(.text)
    DMA2_Stream4_IRQHandler                  0x080001b7   Thumb Code     0  startup_stm32f407xx.o(.text)
    DMA2_Stream5_IRQHandler                  0x080001b7   Thumb Code     0  startup_stm32f407xx.o(.text)
    DMA2_Stream6_IRQHandler                  0x080001b7   Thumb Code     0  startup_stm32f407xx.o(.text)
    DMA2_Stream7_IRQHandler                  0x080001b7   Thumb Code     0  startup_stm32f407xx.o(.text)
    ETH_IRQHandler                           0x080001b7   Thumb Code     0  startup_stm32f407xx.o(.text)
    ETH_WKUP_IRQHandler                      0x080001b7   Thumb Code     0  startup_stm32f407xx.o(.text)
    EXTI0_IRQHandler                         0x080001b7   Thumb Code     0  startup_stm32f407xx.o(.text)
    EXTI15_10_IRQHandler                     0x080001b7   Thumb Code     0  startup_stm32f407xx.o(.text)
    EXTI1_IRQHandler                         0x080001b7   Thumb Code     0  startup_stm32f407xx.o(.text)
    EXTI2_IRQHandler                         0x080001b7   Thumb Code     0  startup_stm32f407xx.o(.text)
    EXTI3_IRQHandler                         0x080001b7   Thumb Code     0  startup_stm32f407xx.o(.text)
    EXTI4_IRQHandler                         0x080001b7   Thumb Code     0  startup_stm32f407xx.o(.text)
    EXTI9_5_IRQHandler                       0x080001b7   Thumb Code     0  startup_stm32f407xx.o(.text)
    FLASH_IRQHandler                         0x080001b7   Thumb Code     0  startup_stm32f407xx.o(.text)
    FMC_IRQHandler                           0x080001b7   Thumb Code     0  startup_stm32f407xx.o(.text)
    FPU_IRQHandler                           0x080001b7   Thumb Code     0  startup_stm32f407xx.o(.text)
    HASH_RNG_IRQHandler                      0x080001b7   Thumb Code     0  startup_stm32f407xx.o(.text)
    I2C1_ER_IRQHandler                       0x080001b7   Thumb Code     0  startup_stm32f407xx.o(.text)
    I2C1_EV_IRQHandler                       0x080001b7   Thumb Code     0  startup_stm32f407xx.o(.text)
    I2C2_ER_IRQHandler                       0x080001b7   Thumb Code     0  startup_stm32f407xx.o(.text)
    I2C2_EV_IRQHandler                       0x080001b7   Thumb Code     0  startup_stm32f407xx.o(.text)
    I2C3_ER_IRQHandler                       0x080001b7   Thumb Code     0  startup_stm32f407xx.o(.text)
    I2C3_EV_IRQHandler                       0x080001b7   Thumb Code     0  startup_stm32f407xx.o(.text)
    OTG_FS_IRQHandler                        0x080001b7   Thumb Code     0  startup_stm32f407xx.o(.text)
    OTG_FS_WKUP_IRQHandler                   0x080001b7   Thumb Code     0  startup_stm32f407xx.o(.text)
    OTG_HS_EP1_IN_IRQHandler                 0x080001b7   Thumb Code     0  startup_stm32f407xx.o(.text)
    OTG_HS_EP1_OUT_IRQHandler                0x080001b7   Thumb Code     0  startup_stm32f407xx.o(.text)
    OTG_HS_IRQHandler                        0x080001b7   Thumb Code     0  startup_stm32f407xx.o(.text)
    OTG_HS_WKUP_IRQHandler                   0x080001b7   Thumb Code     0  startup_stm32f407xx.o(.text)
    PVD_IRQHandler                           0x080001b7   Thumb Code     0  startup_stm32f407xx.o(.text)
    RCC_IRQHandler                           0x080001b7   Thumb Code     0  startup_stm32f407xx.o(.text)
    RTC_Alarm_IRQHandler                     0x080001b7   Thumb Code     0  startup_stm32f407xx.o(.text)
    RTC_WKUP_IRQHandler                      0x080001b7   Thumb Code     0  startup_stm32f407xx.o(.text)
    SDIO_IRQHandler                          0x080001b7   Thumb Code     0  startup_stm32f407xx.o(.text)
    SPI1_IRQHandler                          0x080001b7   Thumb Code     0  startup_stm32f407xx.o(.text)
    SPI2_IRQHandler                          0x080001b7   Thumb Code     0  startup_stm32f407xx.o(.text)
    SPI3_IRQHandler                          0x080001b7   Thumb Code     0  startup_stm32f407xx.o(.text)
    TAMP_STAMP_IRQHandler                    0x080001b7   Thumb Code     0  startup_stm32f407xx.o(.text)
    TIM1_BRK_TIM9_IRQHandler                 0x080001b7   Thumb Code     0  startup_stm32f407xx.o(.text)
    TIM1_CC_IRQHandler                       0x080001b7   Thumb Code     0  startup_stm32f407xx.o(.text)
    TIM1_TRG_COM_TIM11_IRQHandler            0x080001b7   Thumb Code     0  startup_stm32f407xx.o(.text)
    TIM1_UP_TIM10_IRQHandler                 0x080001b7   Thumb Code     0  startup_stm32f407xx.o(.text)
    TIM2_IRQHandler                          0x080001b7   Thumb Code     0  startup_stm32f407xx.o(.text)
    TIM3_IRQHandler                          0x080001b7   Thumb Code     0  startup_stm32f407xx.o(.text)
    TIM4_IRQHandler                          0x080001b7   Thumb Code     0  startup_stm32f407xx.o(.text)
    TIM5_IRQHandler                          0x080001b7   Thumb Code     0  startup_stm32f407xx.o(.text)
    TIM6_DAC_IRQHandler                      0x080001b7   Thumb Code     0  startup_stm32f407xx.o(.text)
    TIM7_IRQHandler                          0x080001b7   Thumb Code     0  startup_stm32f407xx.o(.text)
    TIM8_BRK_TIM12_IRQHandler                0x080001b7   Thumb Code     0  startup_stm32f407xx.o(.text)
    TIM8_CC_IRQHandler                       0x080001b7   Thumb Code     0  startup_stm32f407xx.o(.text)
    TIM8_TRG_COM_TIM14_IRQHandler            0x080001b7   Thumb Code     0  startup_stm32f407xx.o(.text)
    TIM8_UP_TIM13_IRQHandler                 0x080001b7   Thumb Code     0  startup_stm32f407xx.o(.text)
    UART5_IRQHandler                         0x080001b7   Thumb Code     0  startup_stm32f407xx.o(.text)
    USART1_IRQHandler                        0x080001b7   Thumb Code     0  startup_stm32f407xx.o(.text)
    USART2_IRQHandler                        0x080001b7   Thumb Code     0  startup_stm32f407xx.o(.text)
    USART3_IRQHandler                        0x080001b7   Thumb Code     0  startup_stm32f407xx.o(.text)
    USART6_IRQHandler                        0x080001b7   Thumb Code     0  startup_stm32f407xx.o(.text)
    WWDG_IRQHandler                          0x080001b7   Thumb Code     0  startup_stm32f407xx.o(.text)
    __aeabi_memcpy                           0x080001c1   Thumb Code    36  memcpya.o(.text)
    __aeabi_memcpy4                          0x080001c1   Thumb Code     0  memcpya.o(.text)
    __aeabi_memcpy8                          0x080001c1   Thumb Code     0  memcpya.o(.text)
    __aeabi_memset                           0x080001e5   Thumb Code    14  memseta.o(.text)
    __aeabi_memset4                          0x080001e5   Thumb Code     0  memseta.o(.text)
    __aeabi_memset8                          0x080001e5   Thumb Code     0  memseta.o(.text)
    __aeabi_memclr                           0x080001f3   Thumb Code     4  memseta.o(.text)
    __aeabi_memclr4                          0x080001f3   Thumb Code     0  memseta.o(.text)
    __aeabi_memclr8                          0x080001f3   Thumb Code     0  memseta.o(.text)
    _memset$wrapper                          0x080001f7   Thumb Code    18  memseta.o(.text)
    strcat                                   0x08000209   Thumb Code    24  strcat.o(.text)
    strlen                                   0x08000221   Thumb Code    14  strlen.o(.text)
    strcmp                                   0x0800022f   Thumb Code    28  strcmp.o(.text)
    strcpy                                   0x0800024b   Thumb Code    18  strcpy.o(.text)
    strtok                                   0x0800025d   Thumb Code    62  strtok.o(.text)
    atoi                                     0x080002a1   Thumb Code    26  atoi.o(.text)
    __aeabi_uidiv                            0x080002bb   Thumb Code     0  uidiv.o(.text)
    __aeabi_uidivmod                         0x080002bb   Thumb Code    44  uidiv.o(.text)
    strtol                                   0x080002e7   Thumb Code   112  strtol.o(.text)
    __scatterload                            0x08000359   Thumb Code    28  init.o(.text)
    __scatterload_rt2                        0x08000359   Thumb Code     0  init.o(.text)
    __rt_ctype_table                         0x0800037d   Thumb Code     4  ctype_o.o(.text)
    _strtoul                                 0x08000385   Thumb Code   158  _strtoul.o(.text)
    _chval                                   0x08000423   Thumb Code    28  _chval.o(.text)
    BSP_SD_GetCardInfo                       0x08000441   Thumb Code     8  bsp_driver_sd.o(i.BSP_SD_GetCardInfo)
    BSP_SD_GetCardState                      0x0800044d   Thumb Code    20  bsp_driver_sd.o(i.BSP_SD_GetCardState)
    BSP_SD_Init                              0x08000465   Thumb Code    48  bsp_driver_sd.o(i.BSP_SD_Init)
    BSP_SD_ReadBlocks                        0x08000499   Thumb Code    26  bsp_driver_sd.o(i.BSP_SD_ReadBlocks)
    BSP_SD_WriteBlocks                       0x080004b9   Thumb Code    26  bsp_driver_sd.o(i.BSP_SD_WriteBlocks)
    FATFS_LinkDriver                         0x080004d9   Thumb Code     6  ff_gen_drv.o(i.FATFS_LinkDriver)
    FATFS_LinkDriverEx                       0x080004e1   Thumb Code    60  ff_gen_drv.o(i.FATFS_LinkDriverEx)
    HAL_DMA_Abort_IT                         0x08000521   Thumb Code    36  stm32f4xx_hal_dma.o(i.HAL_DMA_Abort_IT)
    HAL_Delay                                0x08000545   Thumb Code    28  stm32f4xx_hal.o(i.HAL_Delay)
    HAL_GPIO_Init                            0x08000561   Thumb Code   388  stm32f4xx_hal_gpio.o(i.HAL_GPIO_Init)
    HAL_GPIO_WritePin                        0x08000711   Thumb Code    10  stm32f4xx_hal_gpio.o(i.HAL_GPIO_WritePin)
    HAL_GetTick                              0x0800071d   Thumb Code     6  stm32f4xx_hal.o(i.HAL_GetTick)
    HAL_IncTick                              0x08000729   Thumb Code    10  stm32f4xx_hal.o(i.HAL_IncTick)
    HAL_Init                                 0x08000739   Thumb Code    48  stm32f4xx_hal.o(i.HAL_Init)
    HAL_InitTick                             0x0800076d   Thumb Code    34  stm32f4xx_hal.o(i.HAL_InitTick)
    HAL_MspInit                              0x08000795   Thumb Code    88  stm32f4xx_hal_msp.o(i.HAL_MspInit)
    HAL_NVIC_EnableIRQ                       0x080007ed   Thumb Code    22  stm32f4xx_hal_cortex.o(i.HAL_NVIC_EnableIRQ)
    HAL_NVIC_SetPriority                     0x08000805   Thumb Code    60  stm32f4xx_hal_cortex.o(i.HAL_NVIC_SetPriority)
    HAL_NVIC_SetPriorityGrouping             0x08000845   Thumb Code    26  stm32f4xx_hal_cortex.o(i.HAL_NVIC_SetPriorityGrouping)
    HAL_RCC_ClockConfig                      0x08000869   Thumb Code   364  stm32f4xx_hal_rcc.o(i.HAL_RCC_ClockConfig)
    HAL_RCC_GetHCLKFreq                      0x080009e5   Thumb Code     6  stm32f4xx_hal_rcc.o(i.HAL_RCC_GetHCLKFreq)
    HAL_RCC_GetPCLK1Freq                     0x080009f1   Thumb Code    34  stm32f4xx_hal_rcc.o(i.HAL_RCC_GetPCLK1Freq)
    HAL_RCC_GetPCLK2Freq                     0x08000a21   Thumb Code    34  stm32f4xx_hal_rcc.o(i.HAL_RCC_GetPCLK2Freq)
    HAL_RCC_GetSysClockFreq                  0x08000a51   Thumb Code   104  stm32f4xx_hal_rcc.o(i.HAL_RCC_GetSysClockFreq)
    HAL_RCC_OscConfig                        0x08000ac1   Thumb Code   770  stm32f4xx_hal_rcc.o(i.HAL_RCC_OscConfig)
    HAL_SD_ConfigWideBusOperation            0x08000dd5   Thumb Code   120  stm32f4xx_hal_sd.o(i.HAL_SD_ConfigWideBusOperation)
    HAL_SD_GetCardCSD                        0x08000e4d   Thumb Code   474  stm32f4xx_hal_sd.o(i.HAL_SD_GetCardCSD)
    HAL_SD_GetCardInfo                       0x08001027   Thumb Code    36  stm32f4xx_hal_sd.o(i.HAL_SD_GetCardInfo)
    HAL_SD_GetCardState                      0x0800104b   Thumb Code    44  stm32f4xx_hal_sd.o(i.HAL_SD_GetCardState)
    HAL_SD_Init                              0x08001077   Thumb Code    54  stm32f4xx_hal_sd.o(i.HAL_SD_Init)
    HAL_SD_InitCard                          0x080010ad   Thumb Code    80  stm32f4xx_hal_sd.o(i.HAL_SD_InitCard)
    HAL_SD_MspInit                           0x08001101   Thumb Code    72  stm32f4xx_hal_msp.o(i.HAL_SD_MspInit)
    HAL_SD_ReadBlocks                        0x08001159   Thumb Code   434  stm32f4xx_hal_sd.o(i.HAL_SD_ReadBlocks)
    HAL_SD_WriteBlocks                       0x0800130d   Thumb Code   410  stm32f4xx_hal_sd.o(i.HAL_SD_WriteBlocks)
    HAL_SPI_Init                             0x080014a7   Thumb Code   128  stm32f4xx_hal_spi.o(i.HAL_SPI_Init)
    HAL_SPI_MspInit                          0x08001529   Thumb Code   122  stm32f4xx_hal_msp.o(i.HAL_SPI_MspInit)
    HAL_SPI_Transmit                         0x080015bd   Thumb Code   360  stm32f4xx_hal_spi.o(i.HAL_SPI_Transmit)
    HAL_SYSTICK_CLKSourceConfig              0x08001725   Thumb Code    24  stm32f4xx_hal_cortex.o(i.HAL_SYSTICK_CLKSourceConfig)
    HAL_SYSTICK_Callback                     0x0800173d   Thumb Code     2  stm32f4xx_hal_cortex.o(i.HAL_SYSTICK_Callback)
    HAL_SYSTICK_Config                       0x0800173f   Thumb Code    40  stm32f4xx_hal_cortex.o(i.HAL_SYSTICK_Config)
    HAL_SYSTICK_IRQHandler                   0x08001767   Thumb Code     8  stm32f4xx_hal_cortex.o(i.HAL_SYSTICK_IRQHandler)
    HAL_UART_ErrorCallback                   0x0800176f   Thumb Code     2  stm32f4xx_hal_uart.o(i.HAL_UART_ErrorCallback)
    HAL_UART_IRQHandler                      0x08001771   Thumb Code   266  stm32f4xx_hal_uart.o(i.HAL_UART_IRQHandler)
    HAL_UART_Init                            0x08001881   Thumb Code    98  stm32f4xx_hal_uart.o(i.HAL_UART_Init)
    HAL_UART_MspInit                         0x080018e5   Thumb Code    76  stm32f4xx_hal_msp.o(i.HAL_UART_MspInit)
    HAL_UART_Receive                         0x0800193d   Thumb Code   184  stm32f4xx_hal_uart.o(i.HAL_UART_Receive)
    HAL_UART_RxCpltCallback                  0x080019f5   Thumb Code     2  stm32f4xx_hal_uart.o(i.HAL_UART_RxCpltCallback)
    HAL_UART_Transmit                        0x080019f7   Thumb Code   186  stm32f4xx_hal_uart.o(i.HAL_UART_Transmit)
    HAL_UART_TxCpltCallback                  0x08001ab1   Thumb Code     2  stm32f4xx_hal_uart.o(i.HAL_UART_TxCpltCallback)
    MX_FATFS_Init                            0x08001ab5   Thumb Code    18  fatfs.o(i.MX_FATFS_Init)
    PendSV_Handler                           0x08001ba9   Thumb Code     2  stm32f4xx_it.o(i.PendSV_Handler)
    SDIO_ConfigData                          0x08001bab   Thumb Code    36  stm32f4xx_ll_sdmmc.o(i.SDIO_ConfigData)
    SDIO_GetPowerState                       0x08001bcf   Thumb Code     8  stm32f4xx_ll_sdmmc.o(i.SDIO_GetPowerState)
    SDIO_GetResponse                         0x08001bd7   Thumb Code    12  stm32f4xx_ll_sdmmc.o(i.SDIO_GetResponse)
    SDIO_Init                                0x08001be3   Thumb Code    36  stm32f4xx_ll_sdmmc.o(i.SDIO_Init)
    SDIO_PowerState_ON                       0x08001c07   Thumb Code     8  stm32f4xx_ll_sdmmc.o(i.SDIO_PowerState_ON)
    SDIO_ReadFIFO                            0x08001c0f   Thumb Code     6  stm32f4xx_ll_sdmmc.o(i.SDIO_ReadFIFO)
    SDIO_SendCommand                         0x08001c15   Thumb Code    32  stm32f4xx_ll_sdmmc.o(i.SDIO_SendCommand)
    SDIO_WriteFIFO                           0x08001c35   Thumb Code    10  stm32f4xx_ll_sdmmc.o(i.SDIO_WriteFIFO)
    SDMMC_CmdAppCommand                      0x08001c3f   Thumb Code    50  stm32f4xx_ll_sdmmc.o(i.SDMMC_CmdAppCommand)
    SDMMC_CmdAppOperCommand                  0x08001c71   Thumb Code    48  stm32f4xx_ll_sdmmc.o(i.SDMMC_CmdAppOperCommand)
    SDMMC_CmdBlockLength                     0x08001ca5   Thumb Code    50  stm32f4xx_ll_sdmmc.o(i.SDMMC_CmdBlockLength)
    SDMMC_CmdBusWidth                        0x08001cd7   Thumb Code    50  stm32f4xx_ll_sdmmc.o(i.SDMMC_CmdBusWidth)
    SDMMC_CmdGoIdleState                     0x08001d09   Thumb Code    76  stm32f4xx_ll_sdmmc.o(i.SDMMC_CmdGoIdleState)
    SDMMC_CmdOperCond                        0x08001d59   Thumb Code    98  stm32f4xx_ll_sdmmc.o(i.SDMMC_CmdOperCond)
    SDMMC_CmdReadMultiBlock                  0x08001dc1   Thumb Code    50  stm32f4xx_ll_sdmmc.o(i.SDMMC_CmdReadMultiBlock)
    SDMMC_CmdReadSingleBlock                 0x08001df3   Thumb Code    50  stm32f4xx_ll_sdmmc.o(i.SDMMC_CmdReadSingleBlock)
    SDMMC_CmdSelDesel                        0x08001e25   Thumb Code    50  stm32f4xx_ll_sdmmc.o(i.SDMMC_CmdSelDesel)
    SDMMC_CmdSendCID                         0x08001e57   Thumb Code    44  stm32f4xx_ll_sdmmc.o(i.SDMMC_CmdSendCID)
    SDMMC_CmdSendCSD                         0x08001e83   Thumb Code    44  stm32f4xx_ll_sdmmc.o(i.SDMMC_CmdSendCSD)
    SDMMC_CmdSendSCR                         0x08001eaf   Thumb Code    48  stm32f4xx_ll_sdmmc.o(i.SDMMC_CmdSendSCR)
    SDMMC_CmdSendStatus                      0x08001edf   Thumb Code    50  stm32f4xx_ll_sdmmc.o(i.SDMMC_CmdSendStatus)
    SDMMC_CmdSetRelAdd                       0x08001f11   Thumb Code    48  stm32f4xx_ll_sdmmc.o(i.SDMMC_CmdSetRelAdd)
    SDMMC_CmdStopTransfer                    0x08001f41   Thumb Code    46  stm32f4xx_ll_sdmmc.o(i.SDMMC_CmdStopTransfer)
    SDMMC_CmdWriteMultiBlock                 0x08001f75   Thumb Code    50  stm32f4xx_ll_sdmmc.o(i.SDMMC_CmdWriteMultiBlock)
    SDMMC_CmdWriteSingleBlock                0x08001fa7   Thumb Code    50  stm32f4xx_ll_sdmmc.o(i.SDMMC_CmdWriteSingleBlock)
    SD_initialize                            0x08002501   Thumb Code    26  sd_diskio.o(i.SD_initialize)
    SD_ioctl                                 0x08002521   Thumb Code    74  sd_diskio.o(i.SD_ioctl)
    SD_read                                  0x08002571   Thumb Code    52  sd_diskio.o(i.SD_read)
    SD_status                                0x080025ad   Thumb Code    26  sd_diskio.o(i.SD_status)
    SD_write                                 0x080025cd   Thumb Code    52  sd_diskio.o(i.SD_write)
    SVC_Handler                              0x080026bf   Thumb Code     2  stm32f4xx_it.o(i.SVC_Handler)
    SysTick_Handler                          0x080026c1   Thumb Code    14  stm32f4xx_it.o(i.SysTick_Handler)
    SystemClock_Config                       0x080026d1   Thumb Code   146  main.o(i.SystemClock_Config)
    SystemInit                               0x0800276d   Thumb Code    66  system_stm32f4xx.o(i.SystemInit)
    UART4_IRQHandler                         0x080027c1   Thumb Code     6  stm32f4xx_it.o(i.UART4_IRQHandler)
    __0sprintf$1                             0x08002bf9   Thumb Code    34  printf1.o(i.__0sprintf$1)
    __1sprintf$1                             0x08002bf9   Thumb Code     0  printf1.o(i.__0sprintf$1)
    __2sprintf                               0x08002bf9   Thumb Code     0  printf1.o(i.__0sprintf$1)
    __aeabi_errno_addr                       0x08002c21   Thumb Code     4  errno.o(i.__aeabi_errno_addr)
    __rt_errno_addr                          0x08002c21   Thumb Code     0  errno.o(i.__aeabi_errno_addr)
    __scatterload_copy                       0x08002c29   Thumb Code    14  handlers.o(i.__scatterload_copy)
    __scatterload_null                       0x08002c37   Thumb Code     2  handlers.o(i.__scatterload_null)
    __scatterload_zeroinit                   0x08002c39   Thumb Code    14  handlers.o(i.__scatterload_zeroinit)
    clust2sect                               0x08002e37   Thumb Code    28  ff.o(i.clust2sect)
    disk_initialize                          0x08003285   Thumb Code    36  diskio.o(i.disk_initialize)
    disk_ioctl                               0x080032ad   Thumb Code    24  diskio.o(i.disk_ioctl)
    disk_read                                0x080032c9   Thumb Code    24  diskio.o(i.disk_read)
    disk_status                              0x080032e5   Thumb Code    18  diskio.o(i.disk_status)
    disk_write                               0x080032fd   Thumb Code    24  diskio.o(i.disk_write)
    f_gets                                   0x08003319   Thumb Code    72  ff.o(i.f_gets)
    f_lseek                                  0x08003361   Thumb Code   614  ff.o(i.f_lseek)
    f_mount                                  0x080035c9   Thumb Code    80  ff.o(i.f_mount)
    f_open                                   0x0800361d   Thumb Code   404  ff.o(i.f_open)
    f_opendir                                0x080037b1   Thumb Code   104  ff.o(i.f_opendir)
    f_read                                   0x08003819   Thumb Code   398  ff.o(i.f_read)
    f_readdir                                0x080039a7   Thumb Code    82  ff.o(i.f_readdir)
    get_fat                                  0x08003d15   Thumb Code   230  ff.o(i.get_fat)
    get_fattime                              0x08003dfb   Thumb Code     4  fatfs.o(i.get_fattime)
    get_scd                                  0x08003e8d   Thumb Code    74  main.o(i.get_scd)
    get_toc                                  0x08003ee1   Thumb Code   254  main.o(i.get_toc)
    main                                     0x08004009   Thumb Code   444  main.o(i.main)
    open_gdi                                 0x08004249   Thumb Code   224  main.o(i.open_gdi)
    process_cmd                              0x08004345   Thumb Code   120  main.o(i.process_cmd)
    put_fat                                  0x080043c1   Thumb Code   286  ff.o(i.put_fat)
    read_cd                                  0x080044e1   Thumb Code   264  main.o(i.read_cd)
    req_error                                0x08004665   Thumb Code    32  main.o(i.req_error)
    req_ses                                  0x0800468d   Thumb Code    66  main.o(i.req_ses)
    request_mode                             0x080046dd   Thumb Code    56  main.o(i.request_mode)
    transmit_71                              0x08004789   Thumb Code    40  main.o(i.transmit_71)
    AHBPrescTable                            0x080047e2   Data          16  system_stm32f4xx.o(.constdata)
    APBPrescTable                            0x080047f2   Data           8  system_stm32f4xx.o(.constdata)
    SD_Driver                                0x080048a8   Data          20  sd_diskio.o(.constdata)
    __ctype_table                            0x080048bc   Data         129  ctype_o.o(.constdata)
    Region$$Table$$Base                      0x08004944   Number         0  anon$$obj.o(Region$$Table)
    Region$$Table$$Limit                     0x08004964   Number         0  anon$$obj.o(Region$$Table)
    SystemCoreClock                          0x20000000   Data           4  system_stm32f4xx.o(.data)
    uwTick                                   0x20000010   Data           4  stm32f4xx_hal.o(.data)
    image_num                                0x20000014   Data           1  main.o(.data)
    file_count                               0x20000015   Data           1  main.o(.data)
    gdda_playing                             0x20000016   Data           1  main.o(.data)
    error_code                               0x20000017   Data           1  main.o(.data)
    gdi_name                                 0x20000018   Data           4  main.o(.data)
    junk                                     0x2000001c   Data           4  main.o(.data)
    retSD                                    0x20000020   Data           1  fatfs.o(.data)
    SD_Path                                  0x20000021   Data           4  fatfs.o(.data)
    disk                                     0x20000030   Data          12  ff_gen_drv.o(.bss)
    path_to_change                           0x2000003c   Data          32  main.o(.bss)
    lba                                      0x2000005c   Data          20  main.o(.bss)
    data_type                                0x20000070   Data          10  main.o(.bss)
    cmd_buf                                  0x2000007a   Data          11  main.o(.bss)
    data_buf                                 0x20000085   Data        2352  main.o(.bss)
    data_buf1                                0x200009b5   Data        2352  main.o(.bss)
    hsd                                      0x200012e8   Data         132  main.o(.bss)
    hspi1                                    0x2000136c   Data          88  main.o(.bss)
    huart4                                   0x200013c4   Data          64  main.o(.bss)
    sd_card                                  0x20001404   Data        4144  main.o(.bss)
    files                                    0x20002434   Data       41360  main.o(.bss)
    gdi_file                                 0x2000c5c4   Data        4136  main.o(.bss)
    __initial_sp                             0x2000d9f0   Data           0  startup_stm32f407xx.o(STACK)



==============================================================================

Memory Map of the image

  Image Entry point : 0x08000189

  Load Region LR_IROM1 (Base: 0x08000000, Size: 0x00004994, Max: 0x00100000, ABSOLUTE)

    Execution Region ER_IROM1 (Exec base: 0x08000000, Load base: 0x08000000, Size: 0x00004964, Max: 0x00100000, ABSOLUTE)

    Exec Addr    Load Addr    Size         Type   Attr      Idx    E Section Name        Object

    0x08000000   0x08000000   0x00000188   Data   RO            3    RESET               startup_stm32f407xx.o
    0x08000188   0x08000188   0x00000000   Code   RO         3225  * .ARM.Collect$$$$00000000  mc_w.l(entry.o)
    0x08000188   0x08000188   0x00000004   Code   RO         3511    .ARM.Collect$$$$00000001  mc_w.l(entry2.o)
    0x0800018c   0x0800018c   0x00000004   Code   RO         3514    .ARM.Collect$$$$00000004  mc_w.l(entry5.o)
    0x08000190   0x08000190   0x00000000   Code   RO         3516    .ARM.Collect$$$$00000008  mc_w.l(entry7b.o)
    0x08000190   0x08000190   0x00000000   Code   RO         3518    .ARM.Collect$$$$0000000A  mc_w.l(entry8b.o)
    0x08000190   0x08000190   0x00000008   Code   RO         3519    .ARM.Collect$$$$0000000B  mc_w.l(entry9a.o)
    0x08000198   0x08000198   0x00000000   Code   RO         3521    .ARM.Collect$$$$0000000D  mc_w.l(entry10a.o)
    0x08000198   0x08000198   0x00000000   Code   RO         3523    .ARM.Collect$$$$0000000F  mc_w.l(entry11a.o)
    0x08000198   0x08000198   0x00000004   Code   RO         3512    .ARM.Collect$$$$00002712  mc_w.l(entry2.o)
    0x0800019c   0x0800019c   0x00000024   Code   RO            4    .text               startup_stm32f407xx.o
    0x080001c0   0x080001c0   0x00000024   Code   RO         3228    .text               mc_w.l(memcpya.o)
    0x080001e4   0x080001e4   0x00000024   Code   RO         3230    .text               mc_w.l(memseta.o)
    0x08000208   0x08000208   0x00000018   Code   RO         3232    .text               mc_w.l(strcat.o)
    0x08000220   0x08000220   0x0000000e   Code   RO         3234    .text               mc_w.l(strlen.o)
    0x0800022e   0x0800022e   0x0000001c   Code   RO         3236    .text               mc_w.l(strcmp.o)
    0x0800024a   0x0800024a   0x00000012   Code   RO         3238    .text               mc_w.l(strcpy.o)
    0x0800025c   0x0800025c   0x00000044   Code   RO         3240    .text               mc_w.l(strtok.o)
    0x080002a0   0x080002a0   0x0000001a   Code   RO         3509    .text               mc_w.l(atoi.o)
    0x080002ba   0x080002ba   0x0000002c   Code   RO         3528    .text               mc_w.l(uidiv.o)
    0x080002e6   0x080002e6   0x00000070   Code   RO         3539    .text               mc_w.l(strtol.o)
    0x08000356   0x08000356   0x00000002   PAD
    0x08000358   0x08000358   0x00000024   Code   RO         3552    .text               mc_w.l(init.o)
    0x0800037c   0x0800037c   0x00000008   Code   RO         3561    .text               mc_w.l(ctype_o.o)
    0x08000384   0x08000384   0x0000009e   Code   RO         3589    .text               mc_w.l(_strtoul.o)
    0x08000422   0x08000422   0x0000001c   Code   RO         3594    .text               mc_w.l(_chval.o)
    0x0800043e   0x0800043e   0x00000002   PAD
    0x08000440   0x08000440   0x0000000c   Code   RO         3043    i.BSP_SD_GetCardInfo  bsp_driver_sd.o
    0x0800044c   0x0800044c   0x00000018   Code   RO         3044    i.BSP_SD_GetCardState  bsp_driver_sd.o
    0x08000464   0x08000464   0x00000034   Code   RO         3047    i.BSP_SD_Init       bsp_driver_sd.o
    0x08000498   0x08000498   0x00000020   Code   RO         3049    i.BSP_SD_ReadBlocks  bsp_driver_sd.o
    0x080004b8   0x080004b8   0x00000020   Code   RO         3051    i.BSP_SD_WriteBlocks  bsp_driver_sd.o
    0x080004d8   0x080004d8   0x00000006   Code   RO          521    i.FATFS_LinkDriver  ff_gen_drv.o
    0x080004de   0x080004de   0x00000002   PAD
    0x080004e0   0x080004e0   0x00000040   Code   RO          522    i.FATFS_LinkDriverEx  ff_gen_drv.o
    0x08000520   0x08000520   0x00000024   Code   RO          665    i.HAL_DMA_Abort_IT  stm32f4xx_hal_dma.o
    0x08000544   0x08000544   0x0000001c   Code   RO         1845    i.HAL_Delay         stm32f4xx_hal.o
    0x08000560   0x08000560   0x000001b0   Code   RO          770    i.HAL_GPIO_Init     stm32f4xx_hal_gpio.o
    0x08000710   0x08000710   0x0000000a   Code   RO          774    i.HAL_GPIO_WritePin  stm32f4xx_hal_gpio.o
    0x0800071a   0x0800071a   0x00000002   PAD
    0x0800071c   0x0800071c   0x0000000c   Code   RO         1851    i.HAL_GetTick       stm32f4xx_hal.o
    0x08000728   0x08000728   0x00000010   Code   RO         1853    i.HAL_IncTick       stm32f4xx_hal.o
    0x08000738   0x08000738   0x00000034   Code   RO         1854    i.HAL_Init          stm32f4xx_hal.o
    0x0800076c   0x0800076c   0x00000028   Code   RO         1855    i.HAL_InitTick      stm32f4xx_hal.o
    0x08000794   0x08000794   0x00000058   Code   RO         2978    i.HAL_MspInit       stm32f4xx_hal_msp.o
    0x080007ec   0x080007ec   0x00000016   Code   RO         1210    i.HAL_NVIC_EnableIRQ  stm32f4xx_hal_cortex.o
    0x08000802   0x08000802   0x00000002   PAD
    0x08000804   0x08000804   0x00000040   Code   RO         1216    i.HAL_NVIC_SetPriority  stm32f4xx_hal_cortex.o
    0x08000844   0x08000844   0x00000024   Code   RO         1217    i.HAL_NVIC_SetPriorityGrouping  stm32f4xx_hal_cortex.o
    0x08000868   0x08000868   0x0000017c   Code   RO         1737    i.HAL_RCC_ClockConfig  stm32f4xx_hal_rcc.o
    0x080009e4   0x080009e4   0x0000000c   Code   RO         1742    i.HAL_RCC_GetHCLKFreq  stm32f4xx_hal_rcc.o
    0x080009f0   0x080009f0   0x00000030   Code   RO         1744    i.HAL_RCC_GetPCLK1Freq  stm32f4xx_hal_rcc.o
    0x08000a20   0x08000a20   0x00000030   Code   RO         1745    i.HAL_RCC_GetPCLK2Freq  stm32f4xx_hal_rcc.o
    0x08000a50   0x08000a50   0x00000070   Code   RO         1746    i.HAL_RCC_GetSysClockFreq  stm32f4xx_hal_rcc.o
    0x08000ac0   0x08000ac0   0x00000314   Code   RO         1749    i.HAL_RCC_OscConfig  stm32f4xx_hal_rcc.o
    0x08000dd4   0x08000dd4   0x00000078   Code   RO         1504    i.HAL_SD_ConfigWideBusOperation  stm32f4xx_hal_sd.o
    0x08000e4c   0x08000e4c   0x000001da   Code   RO         1509    i.HAL_SD_GetCardCSD  stm32f4xx_hal_sd.o
    0x08001026   0x08001026   0x00000024   Code   RO         1510    i.HAL_SD_GetCardInfo  stm32f4xx_hal_sd.o
    0x0800104a   0x0800104a   0x0000002c   Code   RO         1511    i.HAL_SD_GetCardState  stm32f4xx_hal_sd.o
    0x08001076   0x08001076   0x00000036   Code   RO         1516    i.HAL_SD_Init       stm32f4xx_hal_sd.o
    0x080010ac   0x080010ac   0x00000054   Code   RO         1517    i.HAL_SD_InitCard   stm32f4xx_hal_sd.o
    0x08001100   0x08001100   0x00000058   Code   RO         2980    i.HAL_SD_MspInit    stm32f4xx_hal_msp.o
    0x08001158   0x08001158   0x000001b2   Code   RO         1520    i.HAL_SD_ReadBlocks  stm32f4xx_hal_sd.o
    0x0800130a   0x0800130a   0x00000002   PAD
    0x0800130c   0x0800130c   0x0000019a   Code   RO         1525    i.HAL_SD_WriteBlocks  stm32f4xx_hal_sd.o
    0x080014a6   0x080014a6   0x00000080   Code   RO         2370    i.HAL_SPI_Init      stm32f4xx_hal_spi.o
    0x08001526   0x08001526   0x00000002   PAD
    0x08001528   0x08001528   0x00000094   Code   RO         2982    i.HAL_SPI_MspInit   stm32f4xx_hal_msp.o
    0x080015bc   0x080015bc   0x00000168   Code   RO         2378    i.HAL_SPI_Transmit  stm32f4xx_hal_spi.o
    0x08001724   0x08001724   0x00000018   Code   RO         1219    i.HAL_SYSTICK_CLKSourceConfig  stm32f4xx_hal_cortex.o
    0x0800173c   0x0800173c   0x00000002   Code   RO         1220    i.HAL_SYSTICK_Callback  stm32f4xx_hal_cortex.o
    0x0800173e   0x0800173e   0x00000028   Code   RO         1221    i.HAL_SYSTICK_Config  stm32f4xx_hal_cortex.o
    0x08001766   0x08001766   0x00000008   Code   RO         1222    i.HAL_SYSTICK_IRQHandler  stm32f4xx_hal_cortex.o
    0x0800176e   0x0800176e   0x00000002   Code   RO         2054    i.HAL_UART_ErrorCallback  stm32f4xx_hal_uart.o
    0x08001770   0x08001770   0x00000110   Code   RO         2057    i.HAL_UART_IRQHandler  stm32f4xx_hal_uart.o
    0x08001880   0x08001880   0x00000062   Code   RO         2058    i.HAL_UART_Init     stm32f4xx_hal_uart.o
    0x080018e2   0x080018e2   0x00000002   PAD
    0x080018e4   0x080018e4   0x00000058   Code   RO         2984    i.HAL_UART_MspInit  stm32f4xx_hal_msp.o
    0x0800193c   0x0800193c   0x000000b8   Code   RO         2061    i.HAL_UART_Receive  stm32f4xx_hal_uart.o
    0x080019f4   0x080019f4   0x00000002   Code   RO         2064    i.HAL_UART_RxCpltCallback  stm32f4xx_hal_uart.o
    0x080019f6   0x080019f6   0x000000ba   Code   RO         2066    i.HAL_UART_Transmit  stm32f4xx_hal_uart.o
    0x08001ab0   0x08001ab0   0x00000002   Code   RO         2069    i.HAL_UART_TxCpltCallback  stm32f4xx_hal_uart.o
    0x08001ab2   0x08001ab2   0x00000002   PAD
    0x08001ab4   0x08001ab4   0x0000001c   Code   RO         3146    i.MX_FATFS_Init     fatfs.o
    0x08001ad0   0x08001ad0   0x00000078   Code   RO         2854    i.MX_GPIO_Init      main.o
    0x08001b48   0x08001b48   0x00000040   Code   RO         2855    i.MX_SPI1_Init      main.o
    0x08001b88   0x08001b88   0x00000020   Code   RO         1223    i.NVIC_SetPriority  stm32f4xx_hal_cortex.o
    0x08001ba8   0x08001ba8   0x00000002   Code   RO         3182    i.PendSV_Handler    stm32f4xx_it.o
    0x08001baa   0x08001baa   0x00000024   Code   RO          941    i.SDIO_ConfigData   stm32f4xx_ll_sdmmc.o
    0x08001bce   0x08001bce   0x00000008   Code   RO          945    i.SDIO_GetPowerState  stm32f4xx_ll_sdmmc.o
    0x08001bd6   0x08001bd6   0x0000000c   Code   RO          946    i.SDIO_GetResponse  stm32f4xx_ll_sdmmc.o
    0x08001be2   0x08001be2   0x00000024   Code   RO          947    i.SDIO_Init         stm32f4xx_ll_sdmmc.o
    0x08001c06   0x08001c06   0x00000008   Code   RO          949    i.SDIO_PowerState_ON  stm32f4xx_ll_sdmmc.o
    0x08001c0e   0x08001c0e   0x00000006   Code   RO          950    i.SDIO_ReadFIFO     stm32f4xx_ll_sdmmc.o
    0x08001c14   0x08001c14   0x00000020   Code   RO          951    i.SDIO_SendCommand  stm32f4xx_ll_sdmmc.o
    0x08001c34   0x08001c34   0x0000000a   Code   RO          953    i.SDIO_WriteFIFO    stm32f4xx_ll_sdmmc.o
    0x08001c3e   0x08001c3e   0x00000032   Code   RO          954    i.SDMMC_CmdAppCommand  stm32f4xx_ll_sdmmc.o
    0x08001c70   0x08001c70   0x00000034   Code   RO          955    i.SDMMC_CmdAppOperCommand  stm32f4xx_ll_sdmmc.o
    0x08001ca4   0x08001ca4   0x00000032   Code   RO          956    i.SDMMC_CmdBlockLength  stm32f4xx_ll_sdmmc.o
    0x08001cd6   0x08001cd6   0x00000032   Code   RO          957    i.SDMMC_CmdBusWidth  stm32f4xx_ll_sdmmc.o
    0x08001d08   0x08001d08   0x00000050   Code   RO          961    i.SDMMC_CmdGoIdleState  stm32f4xx_ll_sdmmc.o
    0x08001d58   0x08001d58   0x00000068   Code   RO          963    i.SDMMC_CmdOperCond  stm32f4xx_ll_sdmmc.o
    0x08001dc0   0x08001dc0   0x00000032   Code   RO          964    i.SDMMC_CmdReadMultiBlock  stm32f4xx_ll_sdmmc.o
    0x08001df2   0x08001df2   0x00000032   Code   RO          965    i.SDMMC_CmdReadSingleBlock  stm32f4xx_ll_sdmmc.o
    0x08001e24   0x08001e24   0x00000032   Code   RO          968    i.SDMMC_CmdSelDesel  stm32f4xx_ll_sdmmc.o
    0x08001e56   0x08001e56   0x0000002c   Code   RO          969    i.SDMMC_CmdSendCID  stm32f4xx_ll_sdmmc.o
    0x08001e82   0x08001e82   0x0000002c   Code   RO          970    i.SDMMC_CmdSendCSD  stm32f4xx_ll_sdmmc.o
    0x08001eae   0x08001eae   0x00000030   Code   RO          971    i.SDMMC_CmdSendSCR  stm32f4xx_ll_sdmmc.o
    0x08001ede   0x08001ede   0x00000032   Code   RO          972    i.SDMMC_CmdSendStatus  stm32f4xx_ll_sdmmc.o
    0x08001f10   0x08001f10   0x00000030   Code   RO          973    i.SDMMC_CmdSetRelAdd  stm32f4xx_ll_sdmmc.o
    0x08001f40   0x08001f40   0x00000034   Code   RO          975    i.SDMMC_CmdStopTransfer  stm32f4xx_ll_sdmmc.o
    0x08001f74   0x08001f74   0x00000032   Code   RO          977    i.SDMMC_CmdWriteMultiBlock  stm32f4xx_ll_sdmmc.o
    0x08001fa6   0x08001fa6   0x00000032   Code   RO          978    i.SDMMC_CmdWriteSingleBlock  stm32f4xx_ll_sdmmc.o
    0x08001fd8   0x08001fd8   0x0000011c   Code   RO          979    i.SDMMC_GetCmdResp1  stm32f4xx_ll_sdmmc.o
    0x080020f4   0x080020f4   0x00000050   Code   RO          980    i.SDMMC_GetCmdResp2  stm32f4xx_ll_sdmmc.o
    0x08002144   0x08002144   0x00000040   Code   RO          981    i.SDMMC_GetCmdResp3  stm32f4xx_ll_sdmmc.o
    0x08002184   0x08002184   0x00000084   Code   RO          982    i.SDMMC_GetCmdResp6  stm32f4xx_ll_sdmmc.o
    0x08002208   0x08002208   0x000000d4   Code   RO         1533    i.SD_FindSCR        stm32f4xx_hal_sd.o
    0x080022dc   0x080022dc   0x000000e6   Code   RO         1534    i.SD_InitCard       stm32f4xx_hal_sd.o
    0x080023c2   0x080023c2   0x000000a2   Code   RO         1535    i.SD_PowerON        stm32f4xx_hal_sd.o
    0x08002464   0x08002464   0x0000004e   Code   RO         1537    i.SD_WideBus_Disable  stm32f4xx_hal_sd.o
    0x080024b2   0x080024b2   0x0000004e   Code   RO         1538    i.SD_WideBus_Enable  stm32f4xx_hal_sd.o
    0x08002500   0x08002500   0x00000020   Code   RO          602    i.SD_initialize     sd_diskio.o
    0x08002520   0x08002520   0x00000050   Code   RO          603    i.SD_ioctl          sd_diskio.o
    0x08002570   0x08002570   0x0000003c   Code   RO          604    i.SD_read           sd_diskio.o
    0x080025ac   0x080025ac   0x00000020   Code   RO          605    i.SD_status         sd_diskio.o
    0x080025cc   0x080025cc   0x0000003c   Code   RO          606    i.SD_write          sd_diskio.o
    0x08002608   0x08002608   0x00000020   Code   RO         2394    i.SPI_CheckFlag_BSY  stm32f4xx_hal_spi.o
    0x08002628   0x08002628   0x00000096   Code   RO         2412    i.SPI_WaitFlagStateUntilTimeout  stm32f4xx_hal_spi.o
    0x080026be   0x080026be   0x00000002   Code   RO         3183    i.SVC_Handler       stm32f4xx_it.o
    0x080026c0   0x080026c0   0x0000000e   Code   RO         3184    i.SysTick_Handler   stm32f4xx_it.o
    0x080026ce   0x080026ce   0x00000002   PAD
    0x080026d0   0x080026d0   0x0000009c   Code   RO         2856    i.SystemClock_Config  main.o
    0x0800276c   0x0800276c   0x00000054   Code   RO           14    i.SystemInit        system_stm32f4xx.o
    0x080027c0   0x080027c0   0x0000000c   Code   RO         3185    i.UART4_IRQHandler  stm32f4xx_it.o
    0x080027cc   0x080027cc   0x00000010   Code   RO         2071    i.UART_DMAAbortOnError  stm32f4xx_hal_uart.o
    0x080027dc   0x080027dc   0x0000001c   Code   RO         2081    i.UART_EndRxTransfer  stm32f4xx_hal_uart.o
    0x080027f8   0x080027f8   0x0000008c   Code   RO         2083    i.UART_Receive_IT   stm32f4xx_hal_uart.o
    0x08002884   0x08002884   0x000002ac   Code   RO         2084    i.UART_SetConfig    stm32f4xx_hal_uart.o
    0x08002b30   0x08002b30   0x00000062   Code   RO         2085    i.UART_Transmit_IT  stm32f4xx_hal_uart.o
    0x08002b92   0x08002b92   0x00000064   Code   RO         2086    i.UART_WaitOnFlagUntilTimeout  stm32f4xx_hal_uart.o
    0x08002bf6   0x08002bf6   0x00000002   PAD
    0x08002bf8   0x08002bf8   0x00000028   Code   RO         3295    i.__0sprintf$1      mc_w.l(printf1.o)
    0x08002c20   0x08002c20   0x00000008   Code   RO         3532    i.__aeabi_errno_addr  mc_w.l(errno.o)
    0x08002c28   0x08002c28   0x0000000e   Code   RO         3598    i.__scatterload_copy  mc_w.l(handlers.o)
    0x08002c36   0x08002c36   0x00000002   Code   RO         3599    i.__scatterload_null  mc_w.l(handlers.o)
    0x08002c38   0x08002c38   0x0000000e   Code   RO         3600    i.__scatterload_zeroinit  mc_w.l(handlers.o)
    0x08002c46   0x08002c46   0x00000002   PAD
    0x08002c48   0x08002c48   0x00000154   Code   RO         3300    i._printf_core      mc_w.l(printf1.o)
    0x08002d9c   0x08002d9c   0x0000000a   Code   RO         3302    i._sputc            mc_w.l(printf1.o)
    0x08002da6   0x08002da6   0x00000002   PAD
    0x08002da8   0x08002da8   0x00000060   Code   RO          221    i.check_fs          ff.o
    0x08002e08   0x08002e08   0x0000002e   Code   RO          222    i.clmt_clust        ff.o
    0x08002e36   0x08002e36   0x0000001c   Code   RO          223    i.clust2sect        ff.o
    0x08002e52   0x08002e52   0x000000a4   Code   RO          224    i.create_chain      ff.o
    0x08002ef6   0x08002ef6   0x00000002   PAD
    0x08002ef8   0x08002ef8   0x00000100   Code   RO          225    i.create_name       ff.o
    0x08002ff8   0x08002ff8   0x0000011c   Code   RO          226    i.dir_next          ff.o
    0x08003114   0x08003114   0x00000060   Code   RO          227    i.dir_read          ff.o
    0x08003174   0x08003174   0x00000070   Code   RO          228    i.dir_register      ff.o
    0x080031e4   0x080031e4   0x0000009e   Code   RO          230    i.dir_sdi           ff.o
    0x08003282   0x08003282   0x00000002   PAD
    0x08003284   0x08003284   0x00000028   Code   RO          144    i.disk_initialize   diskio.o
    0x080032ac   0x080032ac   0x0000001c   Code   RO          145    i.disk_ioctl        diskio.o
    0x080032c8   0x080032c8   0x0000001c   Code   RO          146    i.disk_read         diskio.o
    0x080032e4   0x080032e4   0x00000018   Code   RO          147    i.disk_status       diskio.o
    0x080032fc   0x080032fc   0x0000001c   Code   RO          148    i.disk_write        diskio.o
    0x08003318   0x08003318   0x00000048   Code   RO          235    i.f_gets            ff.o
    0x08003360   0x08003360   0x00000266   Code   RO          236    i.f_lseek           ff.o
    0x080035c6   0x080035c6   0x00000002   PAD
    0x080035c8   0x080035c8   0x00000054   Code   RO          239    i.f_mount           ff.o
    0x0800361c   0x0800361c   0x00000194   Code   RO          240    i.f_open            ff.o
    0x080037b0   0x080037b0   0x00000068   Code   RO          241    i.f_opendir         ff.o
    0x08003818   0x08003818   0x0000018e   Code   RO          245    i.f_read            ff.o
    0x080039a6   0x080039a6   0x00000052   Code   RO          246    i.f_readdir         ff.o
    0x080039f8   0x080039f8   0x00000264   Code   RO          254    i.find_volume       ff.o
    0x08003c5c   0x08003c5c   0x000000b8   Code   RO          255    i.follow_path       ff.o
    0x08003d14   0x08003d14   0x000000e6   Code   RO          256    i.get_fat           ff.o
    0x08003dfa   0x08003dfa   0x00000004   Code   RO         3147    i.get_fattime       fatfs.o
    0x08003dfe   0x08003dfe   0x00000050   Code   RO          257    i.get_fileinfo      ff.o
    0x08003e4e   0x08003e4e   0x0000003c   Code   RO          258    i.get_ldnumber      ff.o
    0x08003e8a   0x08003e8a   0x00000002   PAD
    0x08003e8c   0x08003e8c   0x00000054   Code   RO         2859    i.get_scd           main.o
    0x08003ee0   0x08003ee0   0x00000110   Code   RO         2860    i.get_toc           main.o
    0x08003ff0   0x08003ff0   0x00000016   Code   RO          259    i.ld_clust          ff.o
    0x08004006   0x08004006   0x00000002   PAD
    0x08004008   0x08004008   0x000001e8   Code   RO         2861    i.main              main.o
    0x080041f0   0x080041f0   0x00000012   Code   RO          260    i.mem_cpy           ff.o
    0x08004202   0x08004202   0x0000000e   Code   RO          261    i.mem_set           ff.o
    0x08004210   0x08004210   0x00000038   Code   RO          262    i.move_window       ff.o
    0x08004248   0x08004248   0x000000fc   Code   RO         2862    i.open_gdi          main.o
    0x08004344   0x08004344   0x0000007c   Code   RO         2863    i.process_cmd       main.o
    0x080043c0   0x080043c0   0x0000011e   Code   RO          263    i.put_fat           ff.o
    0x080044de   0x080044de   0x00000002   PAD
    0x080044e0   0x080044e0   0x0000011c   Code   RO         2864    i.read_cd           main.o
    0x080045fc   0x080045fc   0x00000066   Code   RO          265    i.remove_chain      ff.o
    0x08004662   0x08004662   0x00000002   PAD
    0x08004664   0x08004664   0x00000028   Code   RO         2865    i.req_error         main.o
    0x0800468c   0x0800468c   0x00000050   Code   RO         2866    i.req_ses           main.o
    0x080046dc   0x080046dc   0x00000048   Code   RO         2867    i.request_mode      main.o
    0x08004724   0x08004724   0x00000010   Code   RO          266    i.st_clust          ff.o
    0x08004734   0x08004734   0x00000052   Code   RO          268    i.sync_window       ff.o
    0x08004786   0x08004786   0x00000002   PAD
    0x08004788   0x08004788   0x00000030   Code   RO         2868    i.transmit_71       main.o
    0x080047b8   0x080047b8   0x0000002a   Code   RO          269    i.validate          ff.o
    0x080047e2   0x080047e2   0x00000010   Data   RO           15    .constdata          system_stm32f4xx.o
    0x080047f2   0x080047f2   0x00000008   Data   RO           16    .constdata          system_stm32f4xx.o
    0x080047fa   0x080047fa   0x000000ac   Data   RO          270    .constdata          ff.o
    0x080048a6   0x080048a6   0x00000002   PAD
    0x080048a8   0x080048a8   0x00000014   Data   RO          607    .constdata          sd_diskio.o
    0x080048bc   0x080048bc   0x00000081   Data   RO         3562    .constdata          mc_w.l(ctype_o.o)
    0x0800493d   0x0800493d   0x00000003   PAD
    0x08004940   0x08004940   0x00000004   Data   RO         3563    .constdata          mc_w.l(ctype_o.o)
    0x08004944   0x08004944   0x00000020   Data   RO         3596    Region$$Table       anon$$obj.o


    Execution Region RW_IRAM1 (Exec base: 0x20000000, Load base: 0x08004964, Size: 0x0000d9f0, Max: 0x00020000, ABSOLUTE)

    Exec Addr    Load Addr    Size         Type   Attr      Idx    E Section Name        Object

    0x20000000   0x08004964   0x00000004   Data   RW           17    .data               system_stm32f4xx.o
    0x20000004   0x08004968   0x00000008   Data   RW          271    .data               ff.o
    0x2000000c   0x08004970   0x00000001   Data   RW          608    .data               sd_diskio.o
    0x2000000d   0x08004971   0x00000003   PAD
    0x20000010   0x08004974   0x00000004   Data   RW         1860    .data               stm32f4xx_hal.o
    0x20000014   0x08004978   0x0000000c   Data   RW         2871    .data               main.o
    0x20000020   0x08004984   0x00000005   Data   RW         3148    .data               fatfs.o
    0x20000025   0x08004989   0x00000003   PAD
    0x20000028   0x0800498c   0x00000004   Data   RW         3241    .data               mc_w.l(strtok.o)
    0x2000002c   0x08004990   0x00000004   Data   RW         3535    .data               mc_w.l(errno.o)
    0x20000030        -       0x0000000c   Zero   RW          525    .bss                ff_gen_drv.o
    0x2000003c        -       0x0000d5b0   Zero   RW         2869    .bss                main.o
    0x2000d5ec   0x08004994   0x00000004   PAD
    0x2000d5f0        -       0x00000400   Zero   RW            1    STACK               startup_stm32f407xx.o


==============================================================================

Image component sizes


      Code (inc. data)   RO Data    RW Data    ZI Data      Debug   Object Name

       152         24          0          0          0       3726   bsp_driver_sd.o
       148         22          0          0          0       8845   diskio.o
        32         10          0          5          0       1546   fatfs.o
      4802         42        172          8          0      34525   ff.o
        70          4          0          0         12       1735   ff_gen_drv.o
      2084        206          0         12      54704      11290   main.o
       264         34         20          1          0       4736   sd_diskio.o
        36          8        392          0       1024        868   startup_stm32f407xx.o
       148         22          0          4          0       4659   stm32f4xx_hal.o
       228         14          0          0          0      32449   stm32f4xx_hal_cortex.o
        36          0          0          0          0       1283   stm32f4xx_hal_dma.o
       442         44          0          0          0       2528   stm32f4xx_hal_gpio.o
       412         54          0          0          0       3108   stm32f4xx_hal_msp.o
      1388         76          0          0          0       5900   stm32f4xx_hal_rcc.o
      2416          4          0          0          0      13596   stm32f4xx_hal_sd.o
       670          0          0          0          0       4266   stm32f4xx_hal_spi.o
      1812         14          0          0          0      11126   stm32f4xx_hal_uart.o
        30          6          0          0          0       1980   stm32f4xx_it.o
      1630         42          0          0          0      23743   stm32f4xx_ll_sdmmc.o
        84         18         24          4          0     678379   system_stm32f4xx.o

    ----------------------------------------------------------------------
     16918        644        642         40      55744     850288   Object Totals
         0          0         32          0          0          0   (incl. Generated)
        34          0          2          6          4          0   (incl. Padding)

    ----------------------------------------------------------------------

      Code (inc. data)   RO Data    RW Data    ZI Data      Debug   Library Member Name

        28          0          0          0          0         68   _chval.o
       158          0          0          0          0         92   _strtoul.o
        26          0          0          0          0         80   atoi.o
         8          4        133          0          0         68   ctype_o.o
         0          0          0          0          0          0   entry.o
         0          0          0          0          0          0   entry10a.o
         0          0          0          0          0          0   entry11a.o
         8          4          0          0          0          0   entry2.o
         4          0          0          0          0          0   entry5.o
         0          0          0          0          0          0   entry7b.o
         0          0          0          0          0          0   entry8b.o
         8          4          0          0          0          0   entry9a.o
         8          4          0          4          0         68   errno.o
        30          0          0          0          0          0   handlers.o
        36          8          0          0          0         68   init.o
        36          0          0          0          0         68   memcpya.o
        36          0          0          0          0        108   memseta.o
       390         10          0          0          0        252   printf1.o
        24          0          0          0          0         68   strcat.o
        28          0          0          0          0         76   strcmp.o
        18          0          0          0          0         68   strcpy.o
        14          0          0          0          0         68   strlen.o
        68          6          0          4          0         80   strtok.o
       112          0          0          0          0         88   strtol.o
        44          0          0          0          0         80   uidiv.o

    ----------------------------------------------------------------------
      1092         40        136          8          0       1400   Library Totals
         8          0          3          0          0          0   (incl. Padding)

    ----------------------------------------------------------------------

      Code (inc. data)   RO Data    RW Data    ZI Data      Debug   Library Name

      1084         40        133          8          0       1400   mc_w.l

    ----------------------------------------------------------------------
      1092         40        136          8          0       1400   Library Totals

    ----------------------------------------------------------------------

==============================================================================


      Code (inc. data)   RO Data    RW Data    ZI Data      Debug   

     18010        684        778         48      55744     836816   Grand Totals
     18010        684        778         48      55744     836816   ELF Image Totals
     18010        684        778         48          0          0   ROM Totals

==============================================================================

    Total RO  Size (Code + RO Data)                18788 (  18.35kB)
    Total RW  Size (RW Data + ZI Data)             55792 (  54.48kB)
    Total ROM Size (Code + RO Data + RW Data)      18836 (  18.39kB)

==============================================================================

