Component: ARM Compiler 5.06 update 6 (build 750) Tool: armlink [4d35ed]

==============================================================================

Section Cross References

    startup_stm32f407xx.o(RESET) refers to startup_stm32f407xx.o(STACK) for __initial_sp
    startup_stm32f407xx.o(RESET) refers to startup_stm32f407xx.o(.text) for Reset_Handler
    startup_stm32f407xx.o(RESET) refers to stm32f4xx_it.o(i.SVC_Handler) for SVC_Handler
    startup_stm32f407xx.o(RESET) refers to stm32f4xx_it.o(i.PendSV_Handler) for PendSV_Handler
    startup_stm32f407xx.o(RESET) refers to stm32f4xx_it.o(i.SysTick_Handler) for SysTick_Handler
    startup_stm32f407xx.o(RESET) refers to stm32f4xx_it.o(i.UART4_IRQHandler) for UART4_IRQHandler
    startup_stm32f407xx.o(.text) refers to system_stm32f4xx.o(i.SystemInit) for SystemInit
    startup_stm32f407xx.o(.text) refers to entry.o(.ARM.Collect$$$$00000000) for __main
    system_stm32f4xx.o(i.SystemCoreClockUpdate) refers to system_stm32f4xx.o(.data) for SystemCoreClock
    system_stm32f4xx.o(i.SystemCoreClockUpdate) refers to system_stm32f4xx.o(.constdata) for AHBPrescTable
    diskio.o(i.disk_initialize) refers to ff_gen_drv.o(.bss) for disk
    diskio.o(i.disk_ioctl) refers to ff_gen_drv.o(.bss) for disk
    diskio.o(i.disk_read) refers to ff_gen_drv.o(.bss) for disk
    diskio.o(i.disk_status) refers to ff_gen_drv.o(.bss) for disk
    diskio.o(i.disk_write) refers to ff_gen_drv.o(.bss) for disk
    ff.o(i.check_fs) refers to ff.o(i.move_window) for move_window
    ff.o(i.create_chain) refers to ff.o(i.get_fat) for get_fat
    ff.o(i.create_chain) refers to ff.o(i.put_fat) for put_fat
    ff.o(i.create_name) refers to ff.o(i.mem_set) for mem_set
    ff.o(i.create_name) refers to ff.o(i.chk_chr) for chk_chr
    ff.o(i.create_name) refers to ff.o(.constdata) for ExCvt
    ff.o(i.dir_alloc) refers to ff.o(i.dir_sdi) for dir_sdi
    ff.o(i.dir_alloc) refers to ff.o(i.move_window) for move_window
    ff.o(i.dir_alloc) refers to ff.o(i.dir_next) for dir_next
    ff.o(i.dir_find) refers to ff.o(i.dir_sdi) for dir_sdi
    ff.o(i.dir_find) refers to ff.o(i.move_window) for move_window
    ff.o(i.dir_find) refers to ff.o(i.mem_cmp) for mem_cmp
    ff.o(i.dir_find) refers to ff.o(i.dir_next) for dir_next
    ff.o(i.dir_next) refers to ff.o(i.get_fat) for get_fat
    ff.o(i.dir_next) refers to ff.o(i.create_chain) for create_chain
    ff.o(i.dir_next) refers to ff.o(i.sync_window) for sync_window
    ff.o(i.dir_next) refers to ff.o(i.mem_set) for mem_set
    ff.o(i.dir_next) refers to ff.o(i.clust2sect) for clust2sect
    ff.o(i.dir_read) refers to ff.o(i.move_window) for move_window
    ff.o(i.dir_read) refers to ff.o(i.dir_next) for dir_next
    ff.o(i.dir_register) refers to ff.o(i.dir_alloc) for dir_alloc
    ff.o(i.dir_register) refers to ff.o(i.move_window) for move_window
    ff.o(i.dir_register) refers to ff.o(i.mem_set) for mem_set
    ff.o(i.dir_register) refers to ff.o(i.mem_cpy) for mem_cpy
    ff.o(i.dir_remove) refers to ff.o(i.dir_sdi) for dir_sdi
    ff.o(i.dir_remove) refers to ff.o(i.move_window) for move_window
    ff.o(i.dir_remove) refers to ff.o(i.mem_set) for mem_set
    ff.o(i.dir_sdi) refers to ff.o(i.get_fat) for get_fat
    ff.o(i.dir_sdi) refers to ff.o(i.clust2sect) for clust2sect
    ff.o(i.f_chmod) refers to ff.o(i.find_volume) for find_volume
    ff.o(i.f_chmod) refers to ff.o(i.follow_path) for follow_path
    ff.o(i.f_chmod) refers to ff.o(i.sync_fs) for sync_fs
    ff.o(i.f_close) refers to ff.o(i.f_sync) for f_sync
    ff.o(i.f_close) refers to ff.o(i.validate) for validate
    ff.o(i.f_closedir) refers to ff.o(i.validate) for validate
    ff.o(i.f_getfree) refers to ff.o(i.find_volume) for find_volume
    ff.o(i.f_getfree) refers to ff.o(i.get_fat) for get_fat
    ff.o(i.f_getfree) refers to ff.o(i.move_window) for move_window
    ff.o(i.f_gets) refers to ff.o(i.f_read) for f_read
    ff.o(i.f_lseek) refers to ff.o(i.validate) for validate
    ff.o(i.f_lseek) refers to ff.o(i.get_fat) for get_fat
    ff.o(i.f_lseek) refers to ff.o(i.clmt_clust) for clmt_clust
    ff.o(i.f_lseek) refers to ff.o(i.clust2sect) for clust2sect
    ff.o(i.f_lseek) refers to diskio.o(i.disk_write) for disk_write
    ff.o(i.f_lseek) refers to diskio.o(i.disk_read) for disk_read
    ff.o(i.f_lseek) refers to ff.o(i.create_chain) for create_chain
    ff.o(i.f_mkdir) refers to fatfs.o(i.get_fattime) for get_fattime
    ff.o(i.f_mkdir) refers to ff.o(i.find_volume) for find_volume
    ff.o(i.f_mkdir) refers to ff.o(i.follow_path) for follow_path
    ff.o(i.f_mkdir) refers to ff.o(i.create_chain) for create_chain
    ff.o(i.f_mkdir) refers to ff.o(i.sync_window) for sync_window
    ff.o(i.f_mkdir) refers to ff.o(i.clust2sect) for clust2sect
    ff.o(i.f_mkdir) refers to ff.o(i.mem_set) for mem_set
    ff.o(i.f_mkdir) refers to ff.o(i.st_clust) for st_clust
    ff.o(i.f_mkdir) refers to ff.o(i.mem_cpy) for mem_cpy
[...]
    ..\Src\fatfs.c                           0x00000000   Number         0  fatfs.o ABSOLUTE
    ..\Src\main.c                            0x00000000   Number         0  main.o ABSOLUTE
    ..\Src\stm32f4xx_hal_msp.c               0x00000000   Number         0  stm32f4xx_hal_msp.o ABSOLUTE
    ..\Src\stm32f4xx_it.c                    0x00000000   Number         0  stm32f4xx_it.o ABSOLUTE
    ..\Src\system_stm32f4xx.c                0x00000000   Number         0  system_stm32f4xx.o ABSOLUTE
    cdrcmple.s                               0x00000000   Number         0  cdrcmple.o ABSOLUTE
    dc.s                                     0x00000000   Number         0  dc.o ABSOLUTE
    handlers.s                               0x00000000   Number         0  handlers.o ABSOLUTE
    init.s                                   0x00000000   Number         0  init.o ABSOLUTE
    startup_stm32f407xx.s                    0x00000000   Number         0  startup_stm32f407xx.o ABSOLUTE
    RESET                                    0x08000000   Section      392  startup_stm32f407xx.o(RESET)
    .ARM.Collect$$$$00000000                 0x08000188   Section        0  entry.o(.ARM.Collect$$$$00000000)
    .ARM.Collect$$$$00000001                 0x08000188   Section        4  entry2.o(.ARM.Collect$$$$00000001)
    .ARM.Collect$$$$00000004                 0x0800018c   Section        4  entry5.o(.ARM.Collect$$$$00000004)
    .ARM.Collect$$$$00000008                 0x08000190   Section        0  entry7b.o(.ARM.Collect$$$$00000008)
    .ARM.Collect$$$$0000000A                 0x08000190   Section        0  entry8b.o(.ARM.Collect$$$$0000000A)
    .ARM.Collect$$$$0000000B                 0x08000190   Section        8  entry9a.o(.ARM.Collect$$$$0000000B)
    .ARM.Collect$$$$0000000D                 0x08000198   Section        0  entry10a.o(.ARM.Collect$$$$0000000D)
    .ARM.Collect$$$$0000000F                 0x08000198   Section        0  entry11a.o(.ARM.Collect$$$$0000000F)
    .ARM.Collect$$$$00002712                 0x08000198   Section        4  entry2.o(.ARM.Collect$$$$00002712)
    __lit__00000000                          0x08000198   Data           4  entry2.o(.ARM.Collect$$$$00002712)
    .text                                    0x0800019c   Section       36  startup_stm32f407xx.o(.text)
    $v0                                      0x0800019c   Number         0  startup_stm32f407xx.o(.text)
    .text                                    0x080001c0   Section        0  memcpya.o(.text)
    .text                                    0x080001e4   Section        0  memseta.o(.text)
    .text                                    0x08000208   Section        0  strcat.o(.text)
    .text                                    0x08000220   Section        0  strlen.o(.text)
    .text                                    0x0800022e   Section        0  strcmp.o(.text)
    .text                                    0x0800024a   Section        0  strcpy.o(.text)
    .text                                    0x0800025c   Section        0  strtok.o(.text)
    .text                                    0x080002a0   Section        0  atoi.o(.text)
    .text                                    0x080002ba   Section        0  uidiv.o(.text)
    .text                                    0x080002e6   Section        0  strtol.o(.text)
    .text                                    0x08000358   Section       36  init.o(.text)
    .text                                    0x0800037c   Section        0  ctype_o.o(.text)
    .text                                    0x08000384   Section        0  _strtoul.o(.text)
    .text                                    0x08000422   Section        0  _chval.o(.text)
    i.BSP_SD_GetCardInfo                     0x08000440   Section        0  bsp_driver_sd.o(i.BSP_SD_GetCardInfo)
    i.BSP_SD_GetCardState                    0x08000454   Section        0  bsp_driver_sd.o(i.BSP_SD_GetCardState)
    i.BSP_SD_Init                            0x0800046c   Section        0  bsp_driver_sd.o(i.BSP_SD_Init)
    i.BSP_SD_IsDetected                      0x0800049c   Section        0  bsp_driver_sd.o(i.BSP_SD_IsDetected)
    i.BSP_SD_ReadBlocks                      0x080004a8   Section        0  bsp_driver_sd.o(i.BSP_SD_ReadBlocks)
    i.BSP_SD_WriteBlocks                     0x080004d8   Section        0  bsp_driver_sd.o(i.BSP_SD_WriteBlocks)
    i.FATFS_LinkDriver                       0x08000508   Section        0  ff_gen_drv.o(i.FATFS_LinkDriver)
    i.FATFS_LinkDriverEx                     0x0800051c   Section        0  ff_gen_drv.o(i.FATFS_LinkDriverEx)
    i.HAL_DMA_Abort_IT                       0x08000570   Section        0  stm32f4xx_hal_dma.o(i.HAL_DMA_Abort_IT)
    i.HAL_Delay                              0x08000598   Section        0  stm32f4xx_hal.o(i.HAL_Delay)
    i.HAL_GPIO_Init                          0x080005b8   Section        0  stm32f4xx_hal_gpio.o(i.HAL_GPIO_Init)
    i.HAL_GPIO_WritePin                      0x080007b8   Section        0  stm32f4xx_hal_gpio.o(i.HAL_GPIO_WritePin)
    i.HAL_GetTick                            0x080007c4   Section        0  stm32f4xx_hal.o(i.HAL_GetTick)
    i.HAL_IncTick                            0x080007d0   Section        0  stm32f4xx_hal.o(i.HAL_IncTick)
    i.HAL_Init                               0x080007e0   Section        0  stm32f4xx_hal.o(i.HAL_Init)
    i.HAL_InitTick                           0x0800081c   Section        0  stm32f4xx_hal.o(i.HAL_InitTick)
    i.HAL_MspInit                            0x08000844   Section        0  stm32f4xx_hal_msp.o(i.HAL_MspInit)
    i.HAL_NVIC_EnableIRQ                     0x0800089a   Section        0  stm32f4xx_hal_cortex.o(i.HAL_NVIC_EnableIRQ)
    i.HAL_NVIC_SetPriority                   0x080008b4   Section        0  stm32f4xx_hal_cortex.o(i.HAL_NVIC_SetPriority)
    i.HAL_NVIC_SetPriorityGrouping           0x08000930   Section        0  stm32f4xx_hal_cortex.o(i.HAL_NVIC_SetPriorityGrouping)
    i.HAL_RCC_ClockConfig                    0x08000958   Section        0  stm32f4xx_hal_rcc.o(i.HAL_RCC_ClockConfig)
    i.HAL_RCC_GetHCLKFreq                    0x08000b28   Section        0  stm32f4xx_hal_rcc.o(i.HAL_RCC_GetHCLKFreq)
    i.HAL_RCC_GetPCLK1Freq                   0x08000b34   Section        0  stm32f4xx_hal_rcc.o(i.HAL_RCC_GetPCLK1Freq)
    i.HAL_RCC_GetPCLK2Freq                   0x08000b60   Section        0  stm32f4xx_hal_rcc.o(i.HAL_RCC_GetPCLK2Freq)
    i.HAL_RCC_GetSysClockFreq                0x08000b8c   Section        0  stm32f4xx_hal_rcc.o(i.HAL_RCC_GetSysClockFreq)
    i.HAL_RCC_OscConfig                      0x08000c40   Section        0  stm32f4xx_hal_rcc.o(i.HAL_RCC_OscConfig)
    i.HAL_SD_ConfigWideBusOperation          0x0800108c   Section        0  stm32f4xx_hal_sd.o(i.HAL_SD_ConfigWideBusOperation)
    i.HAL_SD_GetCardCSD                      0x08001134   Section        0  stm32f4xx_hal_sd.o(i.HAL_SD_GetCardCSD)
    i.HAL_SD_GetCardInfo                     0x08001324   Section        0  stm32f4xx_hal_sd.o(i.HAL_SD_GetCardInfo)
    i.HAL_SD_GetCardState                    0x0800134a   Section        0  stm32f4xx_hal_sd.o(i.HAL_SD_GetCardState)
    i.HAL_SD_Init                            0x08001372   Section        0  stm32f4xx_hal_sd.o(i.HAL_SD_Init)
    i.HAL_SD_InitCard                        0x080013a8   Section        0  stm32f4xx_hal_sd.o(i.HAL_SD_InitCard)
    i.HAL_SD_MspInit                         0x0800142c   Section        0  stm32f4xx_hal_msp.o(i.HAL_SD_MspInit)
    i.HAL_SD_ReadBlocks                      0x080014a8   Section        0  stm32f4xx_hal_sd.o(i.HAL_SD_ReadBlocks)
    i.HAL_SD_WriteBlocks                     0x080016f4   Section        0  stm32f4xx_hal_sd.o(i.HAL_SD_WriteBlocks)
    i.HAL_SPI_Init                           0x080018f8   Section        0  stm32f4xx_hal_spi.o(i.HAL_SPI_Init)
    i.HAL_SPI_MspInit                        0x08001984   Section        0  stm32f4xx_hal_msp.o(i.HAL_SPI_MspInit)
    i.HAL_SPI_Transmit                       0x08001a54   Section        0  stm32f4xx_hal_spi.o(i.HAL_SPI_Transmit)
    i.HAL_SYSTICK_CLKSourceConfig            0x08001bfa   Section        0  stm32f4xx_hal_cortex.o(i.HAL_SYSTICK_CLKSourceConfig)
    i.HAL_SYSTICK_Callback                   0x08001c22   Section        0  stm32f4xx_hal_cortex.o(i.HAL_SYSTICK_Callback)
    i.HAL_SYSTICK_Config                     0x08001c24   Section        0  stm32f4xx_hal_cortex.o(i.HAL_SYSTICK_Config)
    i.HAL_SYSTICK_IRQHandler                 0x08001c58   Section        0  stm32f4xx_hal_cortex.o(i.HAL_SYSTICK_IRQHandler)
    i.HAL_UART_ErrorCallback                 0x08001c60   Section        0  stm32f4xx_hal_uart.o(i.HAL_UART_ErrorCallback)
    i.HAL_UART_IRQHandler                    0x08001c64   Section        0  stm32f4xx_hal_uart.o(i.HAL_UART_IRQHandler)
    i.HAL_UART_Init                          0x08001db0   Section        0  stm32f4xx_hal_uart.o(i.HAL_UART_Init)
    i.HAL_UART_MspInit                       0x08001e24   Section        0  stm32f4xx_hal_msp.o(i.HAL_UART_MspInit)
    i.HAL_UART_Receive                       0x08001e90   Section        0  stm32f4xx_hal_uart.o(i.HAL_UART_Receive)
    i.HAL_UART_RxCpltCallback                0x08001f6e   Section        0  stm32f4xx_hal_uart.o(i.HAL_UART_RxCpltCallback)
    i.HAL_UART_Transmit                      0x08001f70   Section        0  stm32f4xx_hal_uart.o(i.HAL_UART_Transmit)
    i.HAL_UART_TxCpltCallback                0x08002046   Section        0  stm32f4xx_hal_uart.o(i.HAL_UART_TxCpltCallback)
    i.MX_FATFS_Init                          0x08002048   Section        0  fatfs.o(i.MX_FATFS_Init)
    i.MX_GPIO_Init                           0x08002064   Section        0  main.o(i.MX_GPIO_Init)
    MX_GPIO_Init                             0x08002065   Thumb Code   166  main.o(i.MX_GPIO_Init)
    i.MX_SDIO_SD_Init                        0x08002114   Section        0  main.o(i.MX_SDIO_SD_Init)
    MX_SDIO_SD_Init                          0x08002115   Thumb Code    28  main.o(i.MX_SDIO_SD_Init)
    i.MX_SPI1_Init                           0x08002138   Section        0  main.o(i.MX_SPI1_Init)
    MX_SPI1_Init                             0x08002139   Thumb Code    64  main.o(i.MX_SPI1_Init)
    i.MX_SPI2_Init                           0x08002190   Section        0  main.o(i.MX_SPI2_Init)
    MX_SPI2_Init                             0x08002191   Thumb Code    66  main.o(i.MX_SPI2_Init)
    i.MX_UART4_Init                          0x080021ec   Section        0  main.o(i.MX_UART4_Init)
    MX_UART4_Init                            0x080021ed   Thumb Code    52  main.o(i.MX_UART4_Init)
    i.NVIC_GetPriorityGrouping               0x08002238   Section        0  stm32f4xx_hal_cortex.o(i.NVIC_GetPriorityGrouping)
    NVIC_GetPriorityGrouping                 0x08002239   Thumb Code    10  stm32f4xx_hal_cortex.o(i.NVIC_GetPriorityGrouping)
    i.NVIC_SetPriority                       0x08002248   Section        0  stm32f4xx_hal_cortex.o(i.NVIC_SetPriority)
    NVIC_SetPriority                         0x08002249   Thumb Code    32  stm32f4xx_hal_cortex.o(i.NVIC_SetPriority)
    i.PendSV_Handler                         0x08002270   Section        0  stm32f4xx_it.o(i.PendSV_Handler)
    i.SDIO_ConfigData                        0x08002272   Section        0  stm32f4xx_ll_sdmmc.o(i.SDIO_ConfigData)
    i.SDIO_GetCommandResponse                0x0800229e   Section        0  stm32f4xx_ll_sdmmc.o(i.SDIO_GetCommandResponse)
    i.SDIO_GetPowerState                     0x080022a6   Section        0  stm32f4xx_ll_sdmmc.o(i.SDIO_GetPowerState)
    i.SDIO_GetResponse                       0x080022b0   Section        0  stm32f4xx_ll_sdmmc.o(i.SDIO_GetResponse)
    i.SDIO_Init                              0x080022c6   Section        0  stm32f4xx_ll_sdmmc.o(i.SDIO_Init)
    i.SDIO_PowerState_ON                     0x080022fa   Section        0  stm32f4xx_ll_sdmmc.o(i.SDIO_PowerState_ON)
    i.SDIO_ReadFIFO                          0x08002304   Section        0  stm32f4xx_ll_sdmmc.o(i.SDIO_ReadFIFO)
    i.SDIO_SendCommand                       0x0800230c   Section        0  stm32f4xx_ll_sdmmc.o(i.SDIO_SendCommand)
    i.SDIO_WriteFIFO                         0x08002334   Section        0  stm32f4xx_ll_sdmmc.o(i.SDIO_WriteFIFO)
    i.SDMMC_CmdAppCommand                    0x08002340   Section        0  stm32f4xx_ll_sdmmc.o(i.SDMMC_CmdAppCommand)
    i.SDMMC_CmdAppOperCommand                0x0800237c   Section        0  stm32f4xx_ll_sdmmc.o(i.SDMMC_CmdAppOperCommand)
    i.SDMMC_CmdBlockLength                   0x080023b8   Section        0  stm32f4xx_ll_sdmmc.o(i.SDMMC_CmdBlockLength)
    i.SDMMC_CmdBusWidth                      0x080023f2   Section        0  stm32f4xx_ll_sdmmc.o(i.SDMMC_CmdBusWidth)
    i.SDMMC_CmdGoIdleState                   0x0800242c   Section        0  stm32f4xx_ll_sdmmc.o(i.SDMMC_CmdGoIdleState)
    i.SDMMC_CmdOperCond                      0x0800245a   Section        0  stm32f4xx_ll_sdmmc.o(i.SDMMC_CmdOperCond)
    i.SDMMC_CmdReadMultiBlock                0x08002490   Section        0  stm32f4xx_ll_sdmmc.o(i.SDMMC_CmdReadMultiBlock)
    i.SDMMC_CmdReadSingleBlock               0x080024ca   Section        0  stm32f4xx_ll_sdmmc.o(i.SDMMC_CmdReadSingleBlock)
    i.SDMMC_CmdSelDesel                      0x08002504   Section        0  stm32f4xx_ll_sdmmc.o(i.SDMMC_CmdSelDesel)
    i.SDMMC_CmdSendCID                       0x08002540   Section        0  stm32f4xx_ll_sdmmc.o(i.SDMMC_CmdSendCID)
    i.SDMMC_CmdSendCSD                       0x08002574   Section        0  stm32f4xx_ll_sdmmc.o(i.SDMMC_CmdSendCSD)
    i.SDMMC_CmdSendSCR                       0x080025a8   Section        0  stm32f4xx_ll_sdmmc.o(i.SDMMC_CmdSendSCR)
    i.SDMMC_CmdSendStatus                    0x080025e2   Section        0  stm32f4xx_ll_sdmmc.o(i.SDMMC_CmdSendStatus)
    i.SDMMC_CmdSetRelAdd                     0x0800261c   Section        0  stm32f4xx_ll_sdmmc.o(i.SDMMC_CmdSetRelAdd)
    i.SDMMC_CmdStopTransfer                  0x08002658   Section        0  stm32f4xx_ll_sdmmc.o(i.SDMMC_CmdStopTransfer)
    i.SDMMC_CmdWriteMultiBlock               0x08002694   Section        0  stm32f4xx_ll_sdmmc.o(i.SDMMC_CmdWriteMultiBlock)
    i.SDMMC_CmdWriteSingleBlock              0x080026ce   Section        0  stm32f4xx_ll_sdmmc.o(i.SDMMC_CmdWriteSingleBlock)
    i.SDMMC_GetCmdError                      0x08002708   Section        0  stm32f4xx_ll_sdmmc.o(i.SDMMC_GetCmdError)
    SDMMC_GetCmdError                        0x08002709   Thumb Code    60  stm32f4xx_ll_sdmmc.o(i.SDMMC_GetCmdError)
    i.SDMMC_GetCmdResp1                      0x08002748   Section        0  stm32f4xx_ll_sdmmc.o(i.SDMMC_GetCmdResp1)
    SDMMC_GetCmdResp1                        0x08002749   Thumb Code   412  stm32f4xx_ll_sdmmc.o(i.SDMMC_GetCmdResp1)
    i.SDMMC_GetCmdResp2                      0x080028ec   Section        0  stm32f4xx_ll_sdmmc.o(i.SDMMC_GetCmdResp2)
    SDMMC_GetCmdResp2                        0x080028ed   Thumb Code    88  stm32f4xx_ll_sdmmc.o(i.SDMMC_GetCmdResp2)
    i.SDMMC_GetCmdResp3                      0x08002948   Section        0  stm32f4xx_ll_sdmmc.o(i.SDMMC_GetCmdResp3)
    SDMMC_GetCmdResp3                        0x08002949   Thumb Code    74  stm32f4xx_ll_sdmmc.o(i.SDMMC_GetCmdResp3)
    i.SDMMC_GetCmdResp6                      0x08002998   Section        0  stm32f4xx_ll_sdmmc.o(i.SDMMC_GetCmdResp6)
    SDMMC_GetCmdResp6                        0x08002999   Thumb Code   172  stm32f4xx_ll_sdmmc.o(i.SDMMC_GetCmdResp6)
    i.SDMMC_GetCmdResp7                      0x08002a48   Section        0  stm32f4xx_ll_sdmmc.o(i.SDMMC_GetCmdResp7)
    SDMMC_GetCmdResp7                        0x08002a49   Thumb Code    82  stm32f4xx_ll_sdmmc.o(i.SDMMC_GetCmdResp7)
    i.SD_FindSCR                             0x08002aa0   Section        0  stm32f4xx_hal_sd.o(i.SD_FindSCR)
    SD_FindSCR                               0x08002aa1   Thumb Code   300  stm32f4xx_hal_sd.o(i.SD_FindSCR)
    i.SD_InitCard                            0x08002bcc   Section        0  stm32f4xx_hal_sd.o(i.SD_InitCard)
    SD_InitCard                              0x08002bcd   Thumb Code   252  stm32f4xx_hal_sd.o(i.SD_InitCard)
    i.SD_PowerON                             0x08002cc8   Section        0  stm32f4xx_hal_sd.o(i.SD_PowerON)
    SD_PowerON                               0x08002cc9   Thumb Code   238  stm32f4xx_hal_sd.o(i.SD_PowerON)
    i.SD_SendStatus                          0x08002db6   Section        0  stm32f4xx_hal_sd.o(i.SD_SendStatus)
    SD_SendStatus                            0x08002db7   Thumb Code    50  stm32f4xx_hal_sd.o(i.SD_SendStatus)
    i.SD_WideBus_Disable                     0x08002de8   Section        0  stm32f4xx_hal_sd.o(i.SD_WideBus_Disable)
    SD_WideBus_Disable                       0x08002de9   Thumb Code   106  stm32f4xx_hal_sd.o(i.SD_WideBus_Disable)
    i.SD_WideBus_Enable                      0x08002e52   Section        0  stm32f4xx_hal_sd.o(i.SD_WideBus_Enable)
    SD_WideBus_Enable                        0x08002e53   Thumb Code   106  stm32f4xx_hal_sd.o(i.SD_WideBus_Enable)
    i.SD_initialize                          0x08002ebc   Section        0  sd_diskio.o(i.SD_initialize)
    i.SD_ioctl                               0x08002ee4   Section        0  sd_diskio.o(i.SD_ioctl)
    i.SD_read                                0x08002f4c   Section        0  sd_diskio.o(i.SD_read)
    i.SD_status                              0x08002f94   Section        0  sd_diskio.o(i.SD_status)
    i.SD_write                               0x08002fbc   Section        0  sd_diskio.o(i.SD_write)
    i.SPI_CheckFlag_BSY                      0x08003004   Section        0  stm32f4xx_hal_spi.o(i.SPI_CheckFlag_BSY)
    SPI_CheckFlag_BSY                        0x08003005   Thumb Code    40  stm32f4xx_hal_spi.o(i.SPI_CheckFlag_BSY)
    i.SPI_WaitFlagStateUntilTimeout          0x0800302c   Section        0  stm32f4xx_hal_spi.o(i.SPI_WaitFlagStateUntilTimeout)
    SPI_WaitFlagStateUntilTimeout            0x0800302d   Thumb Code   170  stm32f4xx_hal_spi.o(i.SPI_WaitFlagStateUntilTimeout)
    i.SVC_Handler                            0x080030d6   Section        0  stm32f4xx_it.o(i.SVC_Handler)
    i.SysTick_Handler                        0x080030d8   Section        0  stm32f4xx_it.o(i.SysTick_Handler)
    i.SystemClock_Config                     0x080030e4   Section        0  main.o(i.SystemClock_Config)
    i.SystemInit                             0x080031c4   Section        0  system_stm32f4xx.o(i.SystemInit)
    i.UART4_IRQHandler                       0x08003228   Section        0  stm32f4xx_it.o(i.UART4_IRQHandler)
    i.UART_DMAAbortOnError                   0x08003238   Section        0  stm32f4xx_hal_uart.o(i.UART_DMAAbortOnError)
    UART_DMAAbortOnError                     0x08003239   Thumb Code    20  stm32f4xx_hal_uart.o(i.UART_DMAAbortOnError)
    i.UART_EndRxTransfer                     0x0800324c   Section        0  stm32f4xx_hal_uart.o(i.UART_EndRxTransfer)
    UART_EndRxTransfer                       0x0800324d   Thumb Code    32  stm32f4xx_hal_uart.o(i.UART_EndRxTransfer)
    i.UART_EndTransmit_IT                    0x0800326c   Section        0  stm32f4xx_hal_uart.o(i.UART_EndTransmit_IT)
    UART_EndTransmit_IT                      0x0800326d   Thumb Code    32  stm32f4xx_hal_uart.o(i.UART_EndTransmit_IT)
    i.UART_Receive_IT                        0x0800328c   Section        0  stm32f4xx_hal_uart.o(i.UART_Receive_IT)
    UART_Receive_IT                          0x0800328d   Thumb Code   154  stm32f4xx_hal_uart.o(i.UART_Receive_IT)
    i.UART_SetConfig                         0x08003328   Section        0  stm32f4xx_hal_uart.o(i.UART_SetConfig)
    UART_SetConfig                           0x08003329   Thumb Code   864  stm32f4xx_hal_uart.o(i.UART_SetConfig)
    i.UART_Transmit_IT                       0x08003690   Section        0  stm32f4xx_hal_uart.o(i.UART_Transmit_IT)
    UART_Transmit_IT                         0x08003691   Thumb Code   104  stm32f4xx_hal_uart.o(i.UART_Transmit_IT)
    i.UART_WaitOnFlagUntilTimeout            0x080036f8   Section        0  stm32f4xx_hal_uart.o(i.UART_WaitOnFlagUntilTimeout)
    UART_WaitOnFlagUntilTimeout              0x080036f9   Thumb Code   108  stm32f4xx_hal_uart.o(i.UART_WaitOnFlagUntilTimeout)
    i._Error_Handler                         0x08003764   Section        0  main.o(i._Error_Handler)
    i.__0sprintf$1                           0x08003768   Section        0  printf1.o(i.__0sprintf$1)
    i.__aeabi_errno_addr                     0x08003790   Section        0  errno.o(i.__aeabi_errno_addr)
    i.__scatterload_copy                     0x08003798   Section       14  handlers.o(i.__scatterload_copy)
    i.__scatterload_null                     0x080037a6   Section        2  handlers.o(i.__scatterload_null)
    i.__scatterload_zeroinit                 0x080037a8   Section       14  handlers.o(i.__scatterload_zeroinit)
    i._printf_core                           0x080037b8   Section        0  printf1.o(i._printf_core)
    _printf_core                             0x080037b9   Thumb Code   336  printf1.o(i._printf_core)
    i._sputc                                 0x0800390c   Section        0  printf1.o(i._sputc)
    _sputc                                   0x0800390d   Thumb Code    10  printf1.o(i._sputc)
    i.cd_play                                0x08003916   Section        0  main.o(i.cd_play)
    i.check_fs                               0x08003918   Section        0  ff.o(i.check_fs)
    check_fs                                 0x08003919   Thumb Code   150  ff.o(i.check_fs)
    i.chk_chr                                0x080039b4   Section        0  ff.o(i.chk_chr)
    chk_chr                                  0x080039b5   Thumb Code    20  ff.o(i.chk_chr)
    i.clmt_clust                             0x080039c8   Section        0  ff.o(i.clmt_clust)
    clmt_clust                               0x080039c9   Thumb Code    76  ff.o(i.clmt_clust)
    i.clust2sect                             0x08003a14   Section        0  ff.o(i.clust2sect)
    i.create_chain                           0x08003a3a   Section        0  ff.o(i.create_chain)
    create_chain                             0x08003a3b   Thumb Code   252  ff.o(i.create_chain)
    i.create_name                            0x08003b38   Section        0  ff.o(i.create_name)
    create_name                              0x08003b39   Thumb Code   270  ff.o(i.create_name)
    i.dir_alloc                              0x08003c5c   Section        0  ff.o(i.dir_alloc)
    dir_alloc                                0x08003c5d   Thumb Code   108  ff.o(i.dir_alloc)
    i.dir_find                               0x08003cc8   Section        0  ff.o(i.dir_find)
    dir_find                                 0x08003cc9   Thumb Code   108  ff.o(i.dir_find)
    i.dir_next                               0x08003d34   Section        0  ff.o(i.dir_next)
    dir_next                                 0x08003d35   Thumb Code   492  ff.o(i.dir_next)
    i.dir_read                               0x08003f20   Section        0  ff.o(i.dir_read)
    dir_read                                 0x08003f21   Thumb Code   134  ff.o(i.dir_read)
    i.dir_register                           0x08003fa6   Section        0  ff.o(i.dir_register)
    dir_register                             0x08003fa7   Thumb Code    82  ff.o(i.dir_register)
    i.dir_sdi                                0x08003ff8   Section        0  ff.o(i.dir_sdi)
    dir_sdi                                  0x08003ff9   Thumb Code   308  ff.o(i.dir_sdi)
    i.disk_initialize                        0x0800412c   Section        0  diskio.o(i.disk_initialize)
    i.disk_ioctl                             0x08004158   Section        0  diskio.o(i.disk_ioctl)
    i.disk_read                              0x08004180   Section        0  diskio.o(i.disk_read)
    i.disk_status                            0x080041b0   Section        0  diskio.o(i.disk_status)
    i.disk_write                             0x080041cc   Section        0  diskio.o(i.disk_write)
    i.f_gets                                 0x080041fc   Section        0  ff.o(i.f_gets)
    i.f_lseek                                0x08004252   Section        0  ff.o(i.f_lseek)
    i.f_mount                                0x080046b0   Section        0  ff.o(i.f_mount)
    i.f_open                                 0x08004714   Section        0  ff.o(i.f_open)
    i.f_opendir                              0x080048f0   Section        0  ff.o(i.f_opendir)
    i.f_read                                 0x08004982   Section        0  ff.o(i.f_read)
    i.f_readdir                              0x08004c68   Section        0  ff.o(i.f_readdir)
    i.find_volume                            0x08004ccc   Section        0  ff.o(i.find_volume)
    find_volume                              0x08004ccd   Thumb Code  1150  ff.o(i.find_volume)
    i.follow_path                            0x08005150   Section        0  ff.o(i.follow_path)
    follow_path                              0x08005151   Thumb Code   166  ff.o(i.follow_path)
    i.get_fat                                0x080051f6   Section        0  ff.o(i.get_fat)
    i.get_fattime                            0x0800535a   Section        0  fatfs.o(i.get_fattime)
    i.get_fileinfo                           0x0800535e   Section        0  ff.o(i.get_fileinfo)
    get_fileinfo                             0x0800535f   Thumb Code   118  ff.o(i.get_fileinfo)
    i.get_ldnumber                           0x080053d4   Section        0  ff.o(i.get_ldnumber)
    get_ldnumber                             0x080053d5   Thumb Code    72  ff.o(i.get_ldnumber)
    i.get_scd                                0x0800541c   Section        0  main.o(i.get_scd)
    i.get_toc                                0x08005484   Section        0  main.o(i.get_toc)
    i.ld_clust                               0x080055c8   Section        0  ff.o(i.ld_clust)
    ld_clust                                 0x080055c9   Thumb Code    36  ff.o(i.ld_clust)
    i.main                                   0x080055ec   Section        0  main.o(i.main)
    i.mem_cmp                                0x080057b8   Section        0  ff.o(i.mem_cmp)
    mem_cmp                                  0x080057b9   Thumb Code    38  ff.o(i.mem_cmp)
    i.mem_cpy                                0x080057de   Section        0  ff.o(i.mem_cpy)
    mem_cpy                                  0x080057df   Thumb Code    26  ff.o(i.mem_cpy)
    i.mem_set                                0x080057f8   Section        0  ff.o(i.mem_set)
    mem_set                                  0x080057f9   Thumb Code    20  ff.o(i.mem_set)
    i.move_window                            0x0800580c   Section        0  ff.o(i.move_window)
    move_window                              0x0800580d   Thumb Code    62  ff.o(i.move_window)
    i.open_gdi                               0x0800584c   Section        0  main.o(i.open_gdi)
    i.process_cmd                            0x0800595c   Section        0  main.o(i.process_cmd)
    i.put_fat                                0x080059d0   Section        0  ff.o(i.put_fat)
    i.read_cd                                0x08005b90   Section        0  main.o(i.read_cd)
    i.remove_chain                           0x08005d28   Section        0  ff.o(i.remove_chain)
    remove_chain                             0x08005d29   Thumb Code   136  ff.o(i.remove_chain)
    i.req_error                              0x08005db0   Section        0  main.o(i.req_error)
    i.req_ses                                0x08005dd8   Section        0  main.o(i.req_ses)
    i.request_mode                           0x08005e3c   Section        0  main.o(i.request_mode)
    i.st_clust                               0x08005e94   Section        0  ff.o(i.st_clust)
    st_clust                                 0x08005e95   Thumb Code    16  ff.o(i.st_clust)
    i.sync_window                            0x08005ea4   Section        0  ff.o(i.sync_window)
    sync_window                              0x08005ea5   Thumb Code   114  ff.o(i.sync_window)
    i.transmit_71                            0x08005f18   Section        0  main.o(i.transmit_71)
    i.validate                               0x08005f4c   Section        0  ff.o(i.validate)
    validate                                 0x08005f4d   Thumb Code    82  ff.o(i.validate)
    .constdata                               0x08005f9e   Section       24  system_stm32f4xx.o(.constdata)
    .constdata                               0x08005fb6   Section      172  ff.o(.constdata)
    ExCvt                                    0x08005fb6   Data         128  ff.o(.constdata)
    vst                                      0x08006036   Data          22  ff.o(.constdata)
    cst                                      0x0800604c   Data          22  ff.o(.constdata)
    .constdata                               0x08006064   Section       20  sd_diskio.o(.constdata)
    .constdata                               0x08006078   Section      129  ctype_o.o(.constdata)
    .constdata                               0x080060fc   Section        4  ctype_o.o(.constdata)
    table                                    0x080060fc   Data           4  ctype_o.o(.constdata)
    .data                                    0x20000000   Section        4  system_stm32f4xx.o(.data)
    .data                                    0x20000004   Section        6  ff.o(.data)
    FatFs                                    0x20000004   Data           4  ff.o(.data)
    Fsid                                     0x20000008   Data           2  ff.o(.data)
    .data                                    0x2000000a   Section        1  sd_diskio.o(.data)
    Stat                                     0x2000000a   Data           1  sd_diskio.o(.data)
    .data                                    0x2000000c   Section        4  stm32f4xx_hal.o(.data)
    .data                                    0x20000010   Section       15  main.o(.data)
    .data                                    0x2000001f   Section        5  fatfs.o(.data)
    .data                                    0x20000024   Section        4  strtok.o(.data)
    state                                    0x20000024   Data           4  strtok.o(.data)
    .data                                    0x20000028   Section        4  errno.o(.data)
    _errno                                   0x20000028   Data           4  errno.o(.data)
    .bss                                     0x2000002c   Section       12  ff_gen_drv.o(.bss)
    .bss                                     0x20000038   Section    54792  main.o(.bss)
    STACK                                    0x2000d640   Section     1024  startup_stm32f407xx.o(STACK)

    Global Symbols

    Symbol Name                              Value     Ov Type        Size  Object(Section)

    BuildAttributes$$THM_ISAv4$E$P$D$K$B$S$7EM$VFPi3$EXTD16$VFPS$VFMA$PE$A:L22UL41UL21$X:L11$S22US41US21$IEEE1$IW$USESV6$~STKCKD$USESV7$~SHL$OSPACE$ROPI$EBA8$MICROLIB$REQ8$PRES8$EABIv2 0x00000000   Number         0  anon$$obj.o ABSOLUTE
    __ARM_use_no_argv                        0x00000000   Number         0  main.o ABSOLUTE
    _printf_a                                0x00000000   Number         0  stubs.o ABSOLUTE
    _printf_c                                0x00000000   Number         0  stubs.o ABSOLUTE
    _printf_charcount                        0x00000000   Number         0  stubs.o ABSOLUTE
    _printf_d                                0x00000000   Number         0  stubs.o ABSOLUTE
    _printf_e                                0x00000000   Number         0  stubs.o ABSOLUTE
    _printf_f                                0x00000000   Number         0  stubs.o ABSOLUTE
    _printf_flags                            0x00000000   Number         0  stubs.o ABSOLUTE
    _printf_fp_dec                           0x00000000   Number         0  stubs.o ABSOLUTE
    _printf_fp_hex                           0x00000000   Number         0  stubs.o ABSOLUTE
    _printf_g                                0x00000000   Number         0  stubs.o ABSOLUTE
    _printf_i                                0x00000000   Number         0  stubs.o ABSOLUTE
    _printf_int_dec                          0x00000000   Number         0  stubs.o ABSOLUTE
    _printf_l                                0x00000000   Number         0  stubs.o ABSOLUTE
    _printf_lc                               0x00000000   Number         0  stubs.o ABSOLUTE
    _printf_ll                               0x00000000   Number         0  stubs.o ABSOLUTE
    _printf_lld                              0x00000000   Number         0  stubs.o ABSOLUTE
    _printf_lli                              0x00000000   Number         0  stubs.o ABSOLUTE
    _printf_llo                              0x00000000   Number         0  stubs.o ABSOLUTE
    _printf_llu                              0x00000000   Number         0  stubs.o ABSOLUTE
    _printf_llx                              0x00000000   Number         0  stubs.o ABSOLUTE
    _printf_longlong_dec                     0x00000000   Number         0  stubs.o ABSOLUTE
    _printf_longlong_hex                     0x00000000   Number         0  stubs.o ABSOLUTE
    _printf_longlong_oct                     0x00000000   Number         0  stubs.o ABSOLUTE
    _printf_ls                               0x00000000   Number         0  stubs.o ABSOLUTE
    _printf_mbtowc                           0x00000000   Number         0  stubs.o ABSOLUTE
    _printf_n                                0x00000000   Number         0  stubs.o ABSOLUTE
    _printf_o                                0x00000000   Number         0  stubs.o ABSOLUTE
    _printf_p                                0x00000000   Number         0  stubs.o ABSOLUTE
    _printf_percent                          0x00000000   Number         0  stubs.o ABSOLUTE
    _printf_pre_padding                      0x00000000   Number         0  stubs.o ABSOLUTE
    _printf_return_value                     0x00000000   Number         0  stubs.o ABSOLUTE
    _printf_s                                0x00000000   Number         0  stubs.o ABSOLUTE
    _printf_sizespec                         0x00000000   Number         0  stubs.o ABSOLUTE
    _printf_str                              0x00000000   Number         0  stubs.o ABSOLUTE
    _printf_truncate_signed                  0x00000000   Number         0  stubs.o ABSOLUTE
    _printf_truncate_unsigned                0x00000000   Number         0  stubs.o ABSOLUTE
    _printf_u                                0x00000000   Number         0  stubs.o ABSOLUTE
    _printf_wc                               0x00000000   Number         0  stubs.o ABSOLUTE
    _printf_wctomb                           0x00000000   Number         0  stubs.o ABSOLUTE
    _printf_widthprec                        0x00000000   Number         0  stubs.o ABSOLUTE
    _printf_x                                0x00000000   Number         0  stubs.o ABSOLUTE
    __cpp_initialize__aeabi_                  - Undefined Weak Reference
    __cxa_finalize                            - Undefined Weak Reference
    __decompress                              - Undefined Weak Reference
    _clock_init                               - Undefined Weak Reference
    _microlib_exit                            - Undefined Weak Reference
    __Vectors_Size                           0x00000188   Number         0  startup_stm32f407xx.o ABSOLUTE
    __Vectors                                0x08000000   Data           4  startup_stm32f407xx.o(RESET)
    __Vectors_End                            0x08000188   Data           0  startup_stm32f407xx.o(RESET)
    __main                                   0x08000189   Thumb Code     0  entry.o(.ARM.Collect$$$$00000000)
    _main_stk                                0x08000189   Thumb Code     0  entry2.o(.ARM.Collect$$$$00000001)
    _main_scatterload                        0x0800018d   Thumb Code     0  entry5.o(.ARM.Collect$$$$00000004)
    __main_after_scatterload                 0x08000191   Thumb Code     0  entry5.o(.ARM.Collect$$$$00000004)
    _main_clock                              0x08000191   Thumb Code     0  entry7b.o(.ARM.Collect$$$$00000008)
    _main_cpp_init                           0x08000191   Thumb Code     0  entry8b.o(.ARM.Collect$$$$0000000A)
    _main_init                               0x08000191   Thumb Code     0  entry9a.o(.ARM.Collect$$$$0000000B)
    __rt_final_cpp                           0x08000199   Thumb Code     0  entry10a.o(.ARM.Collect$$$$0000000D)
    __rt_final_exit                          0x08000199   Thumb Code     0  entry11a.o(.ARM.Collect$$$$0000000F)
    Reset_Handler                            0x0800019d   Thumb Code     8  startup_stm32f407xx.o(.text)
    NMI_Handler                              0x080001a5   Thumb Code     2  startup_stm32f407xx.o(.text)
    HardFault_Handler                        0x080001a7   Thumb Code     2  startup_stm32f407xx.o(.text)
    MemManage_Handler                        0x080001a9   Thumb Code     2  startup_stm32f407xx.o(.text)
    BusFault_Handler                         0x080001ab   Thumb Code     2  startup_stm32f407xx.o(.text)
    UsageFault_Handler                       0x080001ad   Thumb Code     2  startup_stm32f407xx.o(.text)
    DebugMon_Handler                         0x080001b1   Thumb Code     2  startup_stm32f407xx.o(.text)
    ADC_IRQHandler                           0x080001b7   Thumb Code     0  startup_stm32f407xx.o(.text)
    CAN1_RX0_IRQHandler                      0x080001b7   Thumb Code     0  startup_stm32f407xx.o(.text)
    CAN1_RX1_IRQHandler                      0x080001b7   Thumb Code     0  startup_stm32f407xx.o(.text)
    CAN1_SCE_IRQHandler                      0x080001b7   Thumb Code     0  startup_stm32f407xx.o(.text)
    CAN1_TX_IRQHandler                       0x080001b7   Thumb Code     0  startup_stm32f407xx.o(.text)
    CAN2_RX0_IRQHandler                      0x080001b7   Thumb Code     0  startup_stm32f407xx.o(.text)
    CAN2_RX1_IRQHandler                      0x080001b7   Thumb Code     0  startup_stm32f407xx.o(.text)
    CAN2_SCE_IRQHandler                      0x080001b7   Thumb Code     0  startup_stm32f407xx.o(.text)
    CAN2_TX_IRQHandler                       0x080001b7   Thumb Code     0  startup_stm32f407xx.o(.text)
    DCMI_IRQHandler                          0x080001b7   Thumb Code     0  startup_stm32f407xx.o(.text)
    DMA1_Stream0_IRQHandler                  0x080001b7   Thumb Code     0  startup_stm32f407xx.o(.text)
    DMA1_Stream1_IRQHandler                  0x080001b7   Thumb Code     0  startup_stm32f407xx.o(.text)
    DMA1_Stream2_IRQHandler                  0x080001b7   Thumb Code     0  startup_stm32f407xx.o(.text)
    DMA1_Stream3_IRQHandler                  0x080001b7   Thumb Code     0  startup_stm32f407xx.o(.text)
    DMA1_Stream4_IRQHandler                  0x080001b7   Thumb Code     0  startup_stm32f407xx.o(.text)
    DMA1_Stream5_IRQHandler                  0x080001b7   Thumb Code     0  startup_stm32f407xx.o(.text)
    DMA1_Stream6_IRQHandler                  0x080001b7   Thumb Code     0  startup_stm32f407xx.o(.text)
    DMA1_Stream7_IRQHandler                  0x080001b7   Thumb Code     0  startup_stm32f407xx.o(.text)
    DMA2_Stream0_IRQHandler                  0x080001b7   Thumb Code     0  startup_stm32f407xx.o(.text)
    DMA2_Stream1_IRQHandler                  0x080001b7   Thumb Code     0  startup_stm32f407xx.o(.text)
    DMA2_Stream2_IRQHandler                  0x080001b7   Thumb Code     0  startup_stm32f407xx.o(.text)
    DMA2_Stream3_IRQHandler                  0x080001b7   Thumb Code     0  startup_stm32f407xx.o(.text)
    DMA2_Stream4_IRQHandler                  0x080001b7   Thumb Code     0  startup_stm32f407xx.o(.text)
    DMA2_Stream5_IRQHandler                  0x080001b7   Thumb Code     0  startup_stm32f407xx.o(.text)
    DMA2_Stream6_IRQHandler                  0x080001b7   Thumb Code     0  startup_stm32f407xx.o(.text)
    DMA2_Stream7_IRQHandler                  0x080001b7   Thumb Code     0  startup_stm32f407xx.o(.text)
    ETH_IRQHandler                           0x080001b7   Thumb Code     0  startup_stm32f407xx.o(.text)
    ETH_WKUP_IRQHandler                      0x080001b7   Thumb Code     0  startup_stm32f407xx.o(.text)
    EXTI0_IRQHandler                         0x080001b7   Thumb Code     0  startup_stm32f407xx.o(.text)
    EXTI15_10_IRQHandler                     0x080001b7   Thumb Code     0  startup_stm32f407xx.o(.text)
    EXTI1_IRQHandler                         0x080001b7   Thumb Code     0  startup_stm32f407xx.o(.text)
    EXTI2_IRQHandler                         0x080001b7   Thumb Code     0  startup_stm32f407xx.o(.text)
    EXTI3_IRQHandler                         0x080001b7   Thumb Code     0  startup_stm32f407xx.o(.text)
    EXTI4_IRQHandler                         0x080001b7   Thumb Code     0  startup_stm32f407xx.o(.text)
    EXTI9_5_IRQHandler                       0x080001b7   Thumb Code     0  startup_stm32f407xx.o(.text)
    FLASH_IRQHandler                         0x080001b7   Thumb Code     0  startup_stm32f407xx.o(.text)
    FMC_IRQHandler                           0x080001b7   Thumb Code     0  startup_stm32f407xx.o(.text)
    FPU_IRQHandler                           0x080001b7   Thumb Code     0  startup_stm32f407xx.o(.text)
    HASH_RNG_IRQHandler                      0x080001b7   Thumb Code     0  startup_stm32f407xx.o(.text)
    I2C1_ER_IRQHandler                       0x080001b7   Thumb Code     0  startup_stm32f407xx.o(.text)
    I2C1_EV_IRQHandler                       0x080001b7   Thumb Code     0  startup_stm32f407xx.o(.text)
    I2C2_ER_IRQHandler                       0x080001b7   Thumb Code     0  startup_stm32f407xx.o(.text)
    I2C2_EV_IRQHandler                       0x080001b7   Thumb Code     0  startup_stm32f407xx.o(.text)
    I2C3_ER_IRQHandler                       0x080001b7   Thumb Code     0  startup_stm32f407xx.o(.text)
    I2C3_EV_IRQHandler                       0x080001b7   Thumb Code     0  startup_stm32f407xx.o(.text)
    OTG_FS_IRQHandler                        0x080001b7   Thumb Code     0  startup_stm32f407xx.o(.text)
    OTG_FS_WKUP_IRQHandler                   0x080001b7   Thumb Code     0  startup_stm32f407xx.o(.text)
    OTG_HS_EP1_IN_IRQHandler                 0x080001b7   Thumb Code     0  startup_stm32f407xx.o(.text)
    OTG_HS_EP1_OUT_IRQHandler                0x080001b7   Thumb Code     0  startup_stm32f407xx.o(.text)
    OTG_HS_IRQHandler                        0x080001b7   Thumb Code     0  startup_stm32f407xx.o(.text)
    OTG_HS_WKUP_IRQHandler                   0x080001b7   Thumb Code     0  startup_stm32f407xx.o(.text)
    PVD_IRQHandler                           0x080001b7   Thumb Code     0  startup_stm32f407xx.o(.text)
    RCC_IRQHandler                           0x080001b7   Thumb Code     0  startup_stm32f407xx.o(.text)
    RTC_Alarm_IRQHandler                     0x080001b7   Thumb Code     0  startup_stm32f407xx.o(.text)
    RTC_WKUP_IRQHandler                      0x080001b7   Thumb Code     0  startup_stm32f407xx.o(.text)
    SDIO_IRQHandler                          0x080001b7   Thumb Code     0  startup_stm32f407xx.o(.text)
    SPI1_IRQHandler                          0x080001b7   Thumb Code     0  startup_stm32f407xx.o(.text)
    SPI2_IRQHandler                          0x080001b7   Thumb Code     0  startup_stm32f407xx.o(.text)
    SPI3_IRQHandler                          0x080001b7   Thumb Code     0  startup_stm32f407xx.o(.text)
    TAMP_STAMP_IRQHandler                    0x080001b7   Thumb Code     0  startup_stm32f407xx.o(.text)
    TIM1_BRK_TIM9_IRQHandler                 0x080001b7   Thumb Code     0  startup_stm32f407xx.o(.text)
    TIM1_CC_IRQHandler                       0x080001b7   Thumb Code     0  startup_stm32f407xx.o(.text)
    TIM1_TRG_COM_TIM11_IRQHandler            0x080001b7   Thumb Code     0  startup_stm32f407xx.o(.text)
    TIM1_UP_TIM10_IRQHandler                 0x080001b7   Thumb Code     0  startup_stm32f407xx.o(.text)
    TIM2_IRQHandler                          0x080001b7   Thumb Code     0  startup_stm32f407xx.o(.text)
    TIM3_IRQHandler                          0x080001b7   Thumb Code     0  startup_stm32f407xx.o(.text)
    TIM4_IRQHandler                          0x080001b7   Thumb Code     0  startup_stm32f407xx.o(.text)
    TIM5_IRQHandler                          0x080001b7   Thumb Code     0  startup_stm32f407xx.o(.text)
    TIM6_DAC_IRQHandler                      0x080001b7   Thumb Code     0  startup_stm32f407xx.o(.text)
    TIM7_IRQHandler                          0x080001b7   Thumb Code     0  startup_stm32f407xx.o(.text)
    TIM8_BRK_TIM12_IRQHandler                0x080001b7   Thumb Code     0  startup_stm32f407xx.o(.text)
    TIM8_CC_IRQHandler                       0x080001b7   Thumb Code     0  startup_stm32f407xx.o(.text)
    TIM8_TRG_COM_TIM14_IRQHandler            0x080001b7   Thumb Code     0  startup_stm32f407xx.o(.text)
    TIM8_UP_TIM13_IRQHandler                 0x080001b7   Thumb Code     0  startup_stm32f407xx.o(.text)
    UART5_IRQHandler                         0x080001b7   Thumb Code     0  startup_stm32f407xx.o(.text)
    USART1_IRQHandler                        0x080001b7   Thumb Code     0  startup_stm32f407xx.o(.text)
    USART2_IRQHandler                        0x080001b7   Thumb Code     0  startup_stm32f407xx.o(.text)
    USART3_IRQHandler                        0x080001b7   Thumb Code     0  startup_stm32f407xx.o(.text)
    USART6_IRQHandler                        0x080001b7   Thumb Code     0  startup_stm32f407xx.o(.text)
    WWDG_IRQHandler                          0x080001b7   Thumb Code     0  startup_stm32f407xx.o(.text)
    __aeabi_memcpy                           0x080001c1   Thumb Code    36  memcpya.o(.text)
    __aeabi_memcpy4                          0x080001c1   Thumb Code     0  memcpya.o(.text)
    __aeabi_memcpy8                          0x080001c1   Thumb Code     0  memcpya.o(.text)
    __aeabi_memset                           0x080001e5   Thumb Code    14  memseta.o(.text)
    __aeabi_memset4                          0x080001e5   Thumb Code     0  memseta.o(.text)
    __aeabi_memset8                          0x080001e5   Thumb Code     0  memseta.o(.text)
    __aeabi_memclr                           0x080001f3   Thumb Code     4  memseta.o(.text)
    __aeabi_memclr4                          0x080001f3   Thumb Code     0  memseta.o(.text)
    __aeabi_memclr8                          0x080001f3   Thumb Code     0  memseta.o(.text)
    _memset$wrapper                          0x080001f7   Thumb Code    18  memseta.o(.text)
    strcat                                   0x08000209   Thumb Code    24  strcat.o(.text)
    strlen                                   0x08000221   Thumb Code    14  strlen.o(.text)
    strcmp                                   0x0800022f   Thumb Code    28  strcmp.o(.text)
    strcpy                                   0x0800024b   Thumb Code    18  strcpy.o(.text)
    strtok                                   0x0800025d   Thumb Code    62  strtok.o(.text)
    atoi                                     0x080002a1   Thumb Code    26  atoi.o(.text)
    __aeabi_uidiv                            0x080002bb   Thumb Code     0  uidiv.o(.text)
    __aeabi_uidivmod                         0x080002bb   Thumb Code    44  uidiv.o(.text)
    strtol                                   0x080002e7   Thumb Code   112  strtol.o(.text)
    __scatterload                            0x08000359   Thumb Code    28  init.o(.text)
    __scatterload_rt2                        0x08000359   Thumb Code     0  init.o(.text)
    __rt_ctype_table                         0x0800037d   Thumb Code     4  ctype_o.o(.text)
    _strtoul                                 0x08000385   Thumb Code   158  _strtoul.o(.text)
    _chval                                   0x08000423   Thumb Code    28  _chval.o(.text)
    BSP_SD_GetCardInfo                       0x08000441   Thumb Code    14  bsp_driver_sd.o(i.BSP_SD_GetCardInfo)
    BSP_SD_GetCardState                      0x08000455   Thumb Code    20  bsp_driver_sd.o(i.BSP_SD_GetCardState)
    BSP_SD_Init                              0x0800046d   Thumb Code    44  bsp_driver_sd.o(i.BSP_SD_Init)
    BSP_SD_IsDetected                        0x0800049d   Thumb Code    12  bsp_driver_sd.o(i.BSP_SD_IsDetected)
    BSP_SD_ReadBlocks                        0x080004a9   Thumb Code    42  bsp_driver_sd.o(i.BSP_SD_ReadBlocks)
    BSP_SD_WriteBlocks                       0x080004d9   Thumb Code    42  bsp_driver_sd.o(i.BSP_SD_WriteBlocks)
    FATFS_LinkDriver                         0x08000509   Thumb Code    18  ff_gen_drv.o(i.FATFS_LinkDriver)
    FATFS_LinkDriverEx                       0x0800051d   Thumb Code    78  ff_gen_drv.o(i.FATFS_LinkDriverEx)
    HAL_DMA_Abort_IT                         0x08000571   Thumb Code    40  stm32f4xx_hal_dma.o(i.HAL_DMA_Abort_IT)
    HAL_Delay                                0x08000599   Thumb Code    30  stm32f4xx_hal.o(i.HAL_Delay)
    HAL_GPIO_Init                            0x080005b9   Thumb Code   466  stm32f4xx_hal_gpio.o(i.HAL_GPIO_Init)
    HAL_GPIO_WritePin                        0x080007b9   Thumb Code    12  stm32f4xx_hal_gpio.o(i.HAL_GPIO_WritePin)
    HAL_GetTick                              0x080007c5   Thumb Code     6  stm32f4xx_hal.o(i.HAL_GetTick)
    HAL_IncTick                              0x080007d1   Thumb Code    12  stm32f4xx_hal.o(i.HAL_IncTick)
    HAL_Init                                 0x080007e1   Thumb Code    54  stm32f4xx_hal.o(i.HAL_Init)
    HAL_InitTick                             0x0800081d   Thumb Code    36  stm32f4xx_hal.o(i.HAL_InitTick)
    HAL_MspInit                              0x08000845   Thumb Code    86  stm32f4xx_hal_msp.o(i.HAL_MspInit)
    HAL_NVIC_EnableIRQ                       0x0800089b   Thumb Code    26  stm32f4xx_hal_cortex.o(i.HAL_NVIC_EnableIRQ)
    HAL_NVIC_SetPriority                     0x080008b5   Thumb Code   124  stm32f4xx_hal_cortex.o(i.HAL_NVIC_SetPriority)
    HAL_NVIC_SetPriorityGrouping             0x08000931   Thumb Code    32  stm32f4xx_hal_cortex.o(i.HAL_NVIC_SetPriorityGrouping)
    HAL_RCC_ClockConfig                      0x08000959   Thumb Code   446  stm32f4xx_hal_rcc.o(i.HAL_RCC_ClockConfig)
    HAL_RCC_GetHCLKFreq                      0x08000b29   Thumb Code     6  stm32f4xx_hal_rcc.o(i.HAL_RCC_GetHCLKFreq)
    HAL_RCC_GetPCLK1Freq                     0x08000b35   Thumb Code    36  stm32f4xx_hal_rcc.o(i.HAL_RCC_GetPCLK1Freq)
    HAL_RCC_GetPCLK2Freq                     0x08000b61   Thumb Code    36  stm32f4xx_hal_rcc.o(i.HAL_RCC_GetPCLK2Freq)
    HAL_RCC_GetSysClockFreq                  0x08000b8d   Thumb Code   168  stm32f4xx_hal_rcc.o(i.HAL_RCC_GetSysClockFreq)
    HAL_RCC_OscConfig                        0x08000c41   Thumb Code  1090  stm32f4xx_hal_rcc.o(i.HAL_RCC_OscConfig)
    HAL_SD_ConfigWideBusOperation            0x0800108d   Thumb Code   168  stm32f4xx_hal_sd.o(i.HAL_SD_ConfigWideBusOperation)
    HAL_SD_GetCardCSD                        0x08001135   Thumb Code   496  stm32f4xx_hal_sd.o(i.HAL_SD_GetCardCSD)
    HAL_SD_GetCardInfo                       0x08001325   Thumb Code    38  stm32f4xx_hal_sd.o(i.HAL_SD_GetCardInfo)
    HAL_SD_GetCardState                      0x0800134b   Thumb Code    40  stm32f4xx_hal_sd.o(i.HAL_SD_GetCardState)
    HAL_SD_Init                              0x08001373   Thumb Code    54  stm32f4xx_hal_sd.o(i.HAL_SD_Init)
    HAL_SD_InitCard                          0x080013a9   Thumb Code   128  stm32f4xx_hal_sd.o(i.HAL_SD_InitCard)
    HAL_SD_MspInit                           0x0800142d   Thumb Code   108  stm32f4xx_hal_msp.o(i.HAL_SD_MspInit)
    HAL_SD_ReadBlocks                        0x080014a9   Thumb Code   588  stm32f4xx_hal_sd.o(i.HAL_SD_ReadBlocks)
    HAL_SD_WriteBlocks                       0x080016f5   Thumb Code   516  stm32f4xx_hal_sd.o(i.HAL_SD_WriteBlocks)
    HAL_SPI_Init                             0x080018f9   Thumb Code   140  stm32f4xx_hal_spi.o(i.HAL_SPI_Init)
    HAL_SPI_MspInit                          0x08001985   Thumb Code   182  stm32f4xx_hal_msp.o(i.HAL_SPI_MspInit)
    HAL_SPI_Transmit                         0x08001a55   Thumb Code   422  stm32f4xx_hal_spi.o(i.HAL_SPI_Transmit)
    HAL_SYSTICK_CLKSourceConfig              0x08001bfb   Thumb Code    40  stm32f4xx_hal_cortex.o(i.HAL_SYSTICK_CLKSourceConfig)
    HAL_SYSTICK_Callback                     0x08001c23   Thumb Code     2  stm32f4xx_hal_cortex.o(i.HAL_SYSTICK_Callback)
    HAL_SYSTICK_Config                       0x08001c25   Thumb Code    52  stm32f4xx_hal_cortex.o(i.HAL_SYSTICK_Config)
    HAL_SYSTICK_IRQHandler                   0x08001c59   Thumb Code     8  stm32f4xx_hal_cortex.o(i.HAL_SYSTICK_IRQHandler)
    HAL_UART_ErrorCallback                   0x08001c61   Thumb Code     2  stm32f4xx_hal_uart.o(i.HAL_UART_ErrorCallback)
    HAL_UART_IRQHandler                      0x08001c65   Thumb Code   326  stm32f4xx_hal_uart.o(i.HAL_UART_IRQHandler)
    HAL_UART_Init                            0x08001db1   Thumb Code   114  stm32f4xx_hal_uart.o(i.HAL_UART_Init)
    HAL_UART_MspInit                         0x08001e25   Thumb Code    94  stm32f4xx_hal_msp.o(i.HAL_UART_MspInit)
    HAL_UART_Receive                         0x08001e91   Thumb Code   222  stm32f4xx_hal_uart.o(i.HAL_UART_Receive)
    HAL_UART_RxCpltCallback                  0x08001f6f   Thumb Code     2  stm32f4xx_hal_uart.o(i.HAL_UART_RxCpltCallback)
    HAL_UART_Transmit                        0x08001f71   Thumb Code   214  stm32f4xx_hal_uart.o(i.HAL_UART_Transmit)
    HAL_UART_TxCpltCallback                  0x08002047   Thumb Code     2  stm32f4xx_hal_uart.o(i.HAL_UART_TxCpltCallback)
    MX_FATFS_Init                            0x08002049   Thumb Code    16  fatfs.o(i.MX_FATFS_Init)
    PendSV_Handler                           0x08002271   Thumb Code     2  stm32f4xx_it.o(i.PendSV_Handler)
    SDIO_ConfigData                          0x08002273   Thumb Code    44  stm32f4xx_ll_sdmmc.o(i.SDIO_ConfigData)
    SDIO_GetCommandResponse                  0x0800229f   Thumb Code     8  stm32f4xx_ll_sdmmc.o(i.SDIO_GetCommandResponse)
    SDIO_GetPowerState                       0x080022a7   Thumb Code    10  stm32f4xx_ll_sdmmc.o(i.SDIO_GetPowerState)
    SDIO_GetResponse                         0x080022b1   Thumb Code    22  stm32f4xx_ll_sdmmc.o(i.SDIO_GetResponse)
    SDIO_Init                                0x080022c7   Thumb Code    52  stm32f4xx_ll_sdmmc.o(i.SDIO_Init)
    SDIO_PowerState_ON                       0x080022fb   Thumb Code    10  stm32f4xx_ll_sdmmc.o(i.SDIO_PowerState_ON)
    SDIO_ReadFIFO                            0x08002305   Thumb Code     8  stm32f4xx_ll_sdmmc.o(i.SDIO_ReadFIFO)
    SDIO_SendCommand                         0x0800230d   Thumb Code    40  stm32f4xx_ll_sdmmc.o(i.SDIO_SendCommand)
    SDIO_WriteFIFO                           0x08002335   Thumb Code    12  stm32f4xx_ll_sdmmc.o(i.SDIO_WriteFIFO)
    SDMMC_CmdAppCommand                      0x08002341   Thumb Code    58  stm32f4xx_ll_sdmmc.o(i.SDMMC_CmdAppCommand)
    SDMMC_CmdAppOperCommand                  0x0800237d   Thumb Code    56  stm32f4xx_ll_sdmmc.o(i.SDMMC_CmdAppOperCommand)
    SDMMC_CmdBlockLength                     0x080023b9   Thumb Code    58  stm32f4xx_ll_sdmmc.o(i.SDMMC_CmdBlockLength)
    SDMMC_CmdBusWidth                        0x080023f3   Thumb Code    58  stm32f4xx_ll_sdmmc.o(i.SDMMC_CmdBusWidth)
    SDMMC_CmdGoIdleState                     0x0800242d   Thumb Code    46  stm32f4xx_ll_sdmmc.o(i.SDMMC_CmdGoIdleState)
    SDMMC_CmdOperCond                        0x0800245b   Thumb Code    54  stm32f4xx_ll_sdmmc.o(i.SDMMC_CmdOperCond)
    SDMMC_CmdReadMultiBlock                  0x08002491   Thumb Code    58  stm32f4xx_ll_sdmmc.o(i.SDMMC_CmdReadMultiBlock)
    SDMMC_CmdReadSingleBlock                 0x080024cb   Thumb Code    58  stm32f4xx_ll_sdmmc.o(i.SDMMC_CmdReadSingleBlock)
    SDMMC_CmdSelDesel                        0x08002505   Thumb Code    60  stm32f4xx_ll_sdmmc.o(i.SDMMC_CmdSelDesel)
    SDMMC_CmdSendCID                         0x08002541   Thumb Code    52  stm32f4xx_ll_sdmmc.o(i.SDMMC_CmdSendCID)
    SDMMC_CmdSendCSD                         0x08002575   Thumb Code    52  stm32f4xx_ll_sdmmc.o(i.SDMMC_CmdSendCSD)
    SDMMC_CmdSendSCR                         0x080025a9   Thumb Code    58  stm32f4xx_ll_sdmmc.o(i.SDMMC_CmdSendSCR)
    SDMMC_CmdSendStatus                      0x080025e3   Thumb Code    58  stm32f4xx_ll_sdmmc.o(i.SDMMC_CmdSendStatus)
    SDMMC_CmdSetRelAdd                       0x0800261d   Thumb Code    58  stm32f4xx_ll_sdmmc.o(i.SDMMC_CmdSetRelAdd)
    SDMMC_CmdStopTransfer                    0x08002659   Thumb Code    56  stm32f4xx_ll_sdmmc.o(i.SDMMC_CmdStopTransfer)
    SDMMC_CmdWriteMultiBlock                 0x08002695   Thumb Code    58  stm32f4xx_ll_sdmmc.o(i.SDMMC_CmdWriteMultiBlock)
    SDMMC_CmdWriteSingleBlock                0x080026cf   Thumb Code    58  stm32f4xx_ll_sdmmc.o(i.SDMMC_CmdWriteSingleBlock)
    SD_initialize                            0x08002ebd   Thumb Code    34  sd_diskio.o(i.SD_initialize)
    SD_ioctl                                 0x08002ee5   Thumb Code   100  sd_diskio.o(i.SD_ioctl)
    SD_read                                  0x08002f4d   Thumb Code    64  sd_diskio.o(i.SD_read)
    SD_status                                0x08002f95   Thumb Code    34  sd_diskio.o(i.SD_status)
    SD_write                                 0x08002fbd   Thumb Code    64  sd_diskio.o(i.SD_write)
    SVC_Handler                              0x080030d7   Thumb Code     2  stm32f4xx_it.o(i.SVC_Handler)
    SysTick_Handler                          0x080030d9   Thumb Code    12  stm32f4xx_it.o(i.SysTick_Handler)
    SystemClock_Config                       0x080030e5   Thumb Code   200  main.o(i.SystemClock_Config)
    SystemInit                               0x080031c5   Thumb Code    82  system_stm32f4xx.o(i.SystemInit)
    UART4_IRQHandler                         0x08003229   Thumb Code    10  stm32f4xx_it.o(i.UART4_IRQHandler)
    _Error_Handler                           0x08003765   Thumb Code     4  main.o(i._Error_Handler)
    __0sprintf$1                             0x08003769   Thumb Code    34  printf1.o(i.__0sprintf$1)
    __1sprintf$1                             0x08003769   Thumb Code     0  printf1.o(i.__0sprintf$1)
    __2sprintf                               0x08003769   Thumb Code     0  printf1.o(i.__0sprintf$1)
    __aeabi_errno_addr                       0x08003791   Thumb Code     4  errno.o(i.__aeabi_errno_addr)
    __rt_errno_addr                          0x08003791   Thumb Code     0  errno.o(i.__aeabi_errno_addr)
    __scatterload_copy                       0x08003799   Thumb Code    14  handlers.o(i.__scatterload_copy)
    __scatterload_null                       0x080037a7   Thumb Code     2  handlers.o(i.__scatterload_null)
    __scatterload_zeroinit                   0x080037a9   Thumb Code    14  handlers.o(i.__scatterload_zeroinit)
    cd_play                                  0x08003917   Thumb Code     2  main.o(i.cd_play)
    clust2sect                               0x08003a15   Thumb Code    38  ff.o(i.clust2sect)
    disk_initialize                          0x0800412d   Thumb Code    40  diskio.o(i.disk_initialize)
    disk_ioctl                               0x08004159   Thumb Code    36  diskio.o(i.disk_ioctl)
    disk_read                                0x08004181   Thumb Code    42  diskio.o(i.disk_read)
    disk_status                              0x080041b1   Thumb Code    24  diskio.o(i.disk_status)
    disk_write                               0x080041cd   Thumb Code    42  diskio.o(i.disk_write)
    f_gets                                   0x080041fd   Thumb Code    86  ff.o(i.f_gets)
    f_lseek                                  0x08004253   Thumb Code  1116  ff.o(i.f_lseek)
    f_mount                                  0x080046b1   Thumb Code    94  ff.o(i.f_mount)
    f_open                                   0x08004715   Thumb Code   476  ff.o(i.f_open)
    f_opendir                                0x080048f1   Thumb Code   146  ff.o(i.f_opendir)
    f_read                                   0x08004983   Thumb Code   742  ff.o(i.f_read)
    f_readdir                                0x08004c69   Thumb Code   100  ff.o(i.f_readdir)
    get_fat                                  0x080051f7   Thumb Code   356  ff.o(i.get_fat)
    get_fattime                              0x0800535b   Thumb Code     4  fatfs.o(i.get_fattime)
    get_scd                                  0x0800541d   Thumb Code    90  main.o(i.get_scd)
    get_toc                                  0x08005485   Thumb Code   292  main.o(i.get_toc)
    main                                     0x080055ed   Thumb Code   406  main.o(i.main)
    open_gdi                                 0x0800584d   Thumb Code   238  main.o(i.open_gdi)
    process_cmd                              0x0800595d   Thumb Code   116  main.o(i.process_cmd)
    put_fat                                  0x080059d1   Thumb Code   446  ff.o(i.put_fat)
    read_cd                                  0x08005b91   Thumb Code   368  main.o(i.read_cd)
    req_error                                0x08005db1   Thumb Code    32  main.o(i.req_error)
    req_ses                                  0x08005dd9   Thumb Code    84  main.o(i.req_ses)
    request_mode                             0x08005e3d   Thumb Code    68  main.o(i.request_mode)
    transmit_71                              0x08005f19   Thumb Code    42  main.o(i.transmit_71)
    AHBPrescTable                            0x08005f9e   Data          16  system_stm32f4xx.o(.constdata)
    APBPrescTable                            0x08005fae   Data           8  system_stm32f4xx.o(.constdata)
    SD_Driver                                0x08006064   Data          20  sd_diskio.o(.constdata)
    __ctype_table                            0x08006078   Data         129  ctype_o.o(.constdata)
    Region$$Table$$Base                      0x08006100   Number         0  anon$$obj.o(Region$$Table)
    Region$$Table$$Limit                     0x08006120   Number         0  anon$$obj.o(Region$$Table)
    SystemCoreClock                          0x20000000   Data           4  system_stm32f4xx.o(.data)
    uwTick                                   0x2000000c   Data           4  stm32f4xx_hal.o(.data)
    image_num                                0x20000010   Data           1  main.o(.data)
    gdi_name                                 0x20000011   Data           4  main.o(.data)
    cmd_process_state                        0x20000015   Data           1  main.o(.data)
    junk                                     0x20000018   Data           4  main.o(.data)
    file_count                               0x2000001c   Data           1  main.o(.data)
    gdda_playing                             0x2000001d   Data           1  main.o(.data)
    error_code                               0x2000001e   Data           1  main.o(.data)
    retSD                                    0x2000001f   Data           1  fatfs.o(.data)
    SD_Path                                  0x20000020   Data           4  fatfs.o(.data)
    disk                                     0x2000002c   Data          12  ff_gen_drv.o(.bss)
    hsd                                      0x20000038   Data         132  main.o(.bss)
    hspi1                                    0x200000bc   Data          88  main.o(.bss)
    hspi2                                    0x20000114   Data          88  main.o(.bss)
    huart4                                   0x2000016c   Data          64  main.o(.bss)
    path_to_change                           0x200001ac   Data          32  main.o(.bss)
    sd_card                                  0x200001cc   Data        4144  main.o(.bss)
    lba                                      0x200011fc   Data          20  main.o(.bss)
    data_type                                0x20001210   Data          10  main.o(.bss)
    files                                    0x2000121c   Data       41360  main.o(.bss)
    cmd_buf                                  0x2000b3ac   Data          11  main.o(.bss)
    data_buf                                 0x2000b3b7   Data        2352  main.o(.bss)
    data_buf1                                0x2000bce7   Data        2352  main.o(.bss)
    gdi_file                                 0x2000c618   Data        4136  main.o(.bss)
    __initial_sp                             0x2000da40   Data           0  startup_stm32f407xx.o(STACK)



==============================================================================

Memory Map of the image

  Image Entry point : 0x08000189

  Load Region LR_IROM1 (Base: 0x08000000, Size: 0x0000614c, Max: 0x00100000, ABSOLUTE)

    Execution Region ER_IROM1 (Exec base: 0x08000000, Load base: 0x08000000, Size: 0x00006120, Max: 0x00100000, ABSOLUTE)

    Exec Addr    Load Addr    Size         Type   Attr      Idx    E Section Name        Object

    0x08000000   0x08000000   0x00000188   Data   RO            3    RESET               startup_stm32f407xx.o
    0x08000188   0x08000188   0x00000000   Code   RO         3347  * .ARM.Collect$$$$00000000  mc_w.l(entry.o)
    0x08000188   0x08000188   0x00000004   Code   RO         3633    .ARM.Collect$$$$00000001  mc_w.l(entry2.o)
    0x0800018c   0x0800018c   0x00000004   Code   RO         3636    .ARM.Collect$$$$00000004  mc_w.l(entry5.o)
    0x08000190   0x08000190   0x00000000   Code   RO         3638    .ARM.Collect$$$$00000008  mc_w.l(entry7b.o)
    0x08000190   0x08000190   0x00000000   Code   RO         3640    .ARM.Collect$$$$0000000A  mc_w.l(entry8b.o)
    0x08000190   0x08000190   0x00000008   Code   RO         3641    .ARM.Collect$$$$0000000B  mc_w.l(entry9a.o)
    0x08000198   0x08000198   0x00000000   Code   RO         3643    .ARM.Collect$$$$0000000D  mc_w.l(entry10a.o)
    0x08000198   0x08000198   0x00000000   Code   RO         3645    .ARM.Collect$$$$0000000F  mc_w.l(entry11a.o)
    0x08000198   0x08000198   0x00000004   Code   RO         3634    .ARM.Collect$$$$00002712  mc_w.l(entry2.o)
    0x0800019c   0x0800019c   0x00000024   Code   RO            4    .text               startup_stm32f407xx.o
    0x080001c0   0x080001c0   0x00000024   Code   RO         3350    .text               mc_w.l(memcpya.o)
    0x080001e4   0x080001e4   0x00000024   Code   RO         3352    .text               mc_w.l(memseta.o)
    0x08000208   0x08000208   0x00000018   Code   RO         3354    .text               mc_w.l(strcat.o)
    0x08000220   0x08000220   0x0000000e   Code   RO         3356    .text               mc_w.l(strlen.o)
    0x0800022e   0x0800022e   0x0000001c   Code   RO         3358    .text               mc_w.l(strcmp.o)
    0x0800024a   0x0800024a   0x00000012   Code   RO         3360    .text               mc_w.l(strcpy.o)
    0x0800025c   0x0800025c   0x00000044   Code   RO         3362    .text               mc_w.l(strtok.o)
    0x080002a0   0x080002a0   0x0000001a   Code   RO         3631    .text               mc_w.l(atoi.o)
    0x080002ba   0x080002ba   0x0000002c   Code   RO         3650    .text               mc_w.l(uidiv.o)
    0x080002e6   0x080002e6   0x00000070   Code   RO         3661    .text               mc_w.l(strtol.o)
    0x08000356   0x08000356   0x00000002   PAD
    0x08000358   0x08000358   0x00000024   Code   RO         3674    .text               mc_w.l(init.o)
    0x0800037c   0x0800037c   0x00000008   Code   RO         3683    .text               mc_w.l(ctype_o.o)
    0x08000384   0x08000384   0x0000009e   Code   RO         3711    .text               mc_w.l(_strtoul.o)
    0x08000422   0x08000422   0x0000001c   Code   RO         3716    .text               mc_w.l(_chval.o)
    0x0800043e   0x0800043e   0x00000002   PAD
    0x08000440   0x08000440   0x00000014   Code   RO         3164    i.BSP_SD_GetCardInfo  bsp_driver_sd.o
    0x08000454   0x08000454   0x00000018   Code   RO         3165    i.BSP_SD_GetCardState  bsp_driver_sd.o
    0x0800046c   0x0800046c   0x00000030   Code   RO         3168    i.BSP_SD_Init       bsp_driver_sd.o
    0x0800049c   0x0800049c   0x0000000c   Code   RO         3169    i.BSP_SD_IsDetected  bsp_driver_sd.o
    0x080004a8   0x080004a8   0x00000030   Code   RO         3170    i.BSP_SD_ReadBlocks  bsp_driver_sd.o
    0x080004d8   0x080004d8   0x00000030   Code   RO         3172    i.BSP_SD_WriteBlocks  bsp_driver_sd.o
    0x08000508   0x08000508   0x00000012   Code   RO          540    i.FATFS_LinkDriver  ff_gen_drv.o
    0x0800051a   0x0800051a   0x00000002   PAD
    0x0800051c   0x0800051c   0x00000054   Code   RO          541    i.FATFS_LinkDriverEx  ff_gen_drv.o
    0x08000570   0x08000570   0x00000028   Code   RO          684    i.HAL_DMA_Abort_IT  stm32f4xx_hal_dma.o
    0x08000598   0x08000598   0x0000001e   Code   RO         1901    i.HAL_Delay         stm32f4xx_hal.o
    0x080005b6   0x080005b6   0x00000002   PAD
    0x080005b8   0x080005b8   0x00000200   Code   RO          789    i.HAL_GPIO_Init     stm32f4xx_hal_gpio.o
    0x080007b8   0x080007b8   0x0000000c   Code   RO          793    i.HAL_GPIO_WritePin  stm32f4xx_hal_gpio.o
    0x080007c4   0x080007c4   0x0000000c   Code   RO         1907    i.HAL_GetTick       stm32f4xx_hal.o
    0x080007d0   0x080007d0   0x00000010   Code   RO         1909    i.HAL_IncTick       stm32f4xx_hal.o
    0x080007e0   0x080007e0   0x0000003c   Code   RO         1910    i.HAL_Init          stm32f4xx_hal.o
    0x0800081c   0x0800081c   0x00000028   Code   RO         1911    i.HAL_InitTick      stm32f4xx_hal.o
    0x08000844   0x08000844   0x00000056   Code   RO         3099    i.HAL_MspInit       stm32f4xx_hal_msp.o
    0x0800089a   0x0800089a   0x0000001a   Code   RO         1241    i.HAL_NVIC_EnableIRQ  stm32f4xx_hal_cortex.o
    0x080008b4   0x080008b4   0x0000007c   Code   RO         1247    i.HAL_NVIC_SetPriority  stm32f4xx_hal_cortex.o
    0x08000930   0x08000930   0x00000028   Code   RO         1248    i.HAL_NVIC_SetPriorityGrouping  stm32f4xx_hal_cortex.o
    0x08000958   0x08000958   0x000001d0   Code   RO         1793    i.HAL_RCC_ClockConfig  stm32f4xx_hal_rcc.o
    0x08000b28   0x08000b28   0x0000000c   Code   RO         1798    i.HAL_RCC_GetHCLKFreq  stm32f4xx_hal_rcc.o
    0x08000b34   0x08000b34   0x0000002c   Code   RO         1800    i.HAL_RCC_GetPCLK1Freq  stm32f4xx_hal_rcc.o
    0x08000b60   0x08000b60   0x0000002c   Code   RO         1801    i.HAL_RCC_GetPCLK2Freq  stm32f4xx_hal_rcc.o
    0x08000b8c   0x08000b8c   0x000000b4   Code   RO         1802    i.HAL_RCC_GetSysClockFreq  stm32f4xx_hal_rcc.o
    0x08000c40   0x08000c40   0x0000044c   Code   RO         1805    i.HAL_RCC_OscConfig  stm32f4xx_hal_rcc.o
    0x0800108c   0x0800108c   0x000000a8   Code   RO         1540    i.HAL_SD_ConfigWideBusOperation  stm32f4xx_hal_sd.o
    0x08001134   0x08001134   0x000001f0   Code   RO         1545    i.HAL_SD_GetCardCSD  stm32f4xx_hal_sd.o
    0x08001324   0x08001324   0x00000026   Code   RO         1546    i.HAL_SD_GetCardInfo  stm32f4xx_hal_sd.o
    0x0800134a   0x0800134a   0x00000028   Code   RO         1547    i.HAL_SD_GetCardState  stm32f4xx_hal_sd.o
    0x08001372   0x08001372   0x00000036   Code   RO         1552    i.HAL_SD_Init       stm32f4xx_hal_sd.o
    0x080013a8   0x080013a8   0x00000084   Code   RO         1553    i.HAL_SD_InitCard   stm32f4xx_hal_sd.o
    0x0800142c   0x0800142c   0x0000007c   Code   RO         3101    i.HAL_SD_MspInit    stm32f4xx_hal_msp.o
    0x080014a8   0x080014a8   0x0000024c   Code   RO         1556    i.HAL_SD_ReadBlocks  stm32f4xx_hal_sd.o
    0x080016f4   0x080016f4   0x00000204   Code   RO         1561    i.HAL_SD_WriteBlocks  stm32f4xx_hal_sd.o
    0x080018f8   0x080018f8   0x0000008c   Code   RO         2431    i.HAL_SPI_Init      stm32f4xx_hal_spi.o
    0x08001984   0x08001984   0x000000d0   Code   RO         3103    i.HAL_SPI_MspInit   stm32f4xx_hal_msp.o
    0x08001a54   0x08001a54   0x000001a6   Code   RO         2439    i.HAL_SPI_Transmit  stm32f4xx_hal_spi.o
    0x08001bfa   0x08001bfa   0x00000028   Code   RO         1250    i.HAL_SYSTICK_CLKSourceConfig  stm32f4xx_hal_cortex.o
    0x08001c22   0x08001c22   0x00000002   Code   RO         1251    i.HAL_SYSTICK_Callback  stm32f4xx_hal_cortex.o
    0x08001c24   0x08001c24   0x00000034   Code   RO         1252    i.HAL_SYSTICK_Config  stm32f4xx_hal_cortex.o
    0x08001c58   0x08001c58   0x00000008   Code   RO         1253    i.HAL_SYSTICK_IRQHandler  stm32f4xx_hal_cortex.o
    0x08001c60   0x08001c60   0x00000002   Code   RO         2110    i.HAL_UART_ErrorCallback  stm32f4xx_hal_uart.o
    0x08001c62   0x08001c62   0x00000002   PAD
    0x08001c64   0x08001c64   0x0000014c   Code   RO         2113    i.HAL_UART_IRQHandler  stm32f4xx_hal_uart.o
    0x08001db0   0x08001db0   0x00000072   Code   RO         2114    i.HAL_UART_Init     stm32f4xx_hal_uart.o
    0x08001e22   0x08001e22   0x00000002   PAD
    0x08001e24   0x08001e24   0x0000006c   Code   RO         3105    i.HAL_UART_MspInit  stm32f4xx_hal_msp.o
    0x08001e90   0x08001e90   0x000000de   Code   RO         2117    i.HAL_UART_Receive  stm32f4xx_hal_uart.o
    0x08001f6e   0x08001f6e   0x00000002   Code   RO         2120    i.HAL_UART_RxCpltCallback  stm32f4xx_hal_uart.o
    0x08001f70   0x08001f70   0x000000d6   Code   RO         2122    i.HAL_UART_Transmit  stm32f4xx_hal_uart.o
    0x08002046   0x08002046   0x00000002   Code   RO         2125    i.HAL_UART_TxCpltCallback  stm32f4xx_hal_uart.o
    0x08002048   0x08002048   0x0000001c   Code   RO         3268    i.MX_FATFS_Init     fatfs.o
    0x08002064   0x08002064   0x000000b0   Code   RO         2960    i.MX_GPIO_Init      main.o
    0x08002114   0x08002114   0x00000024   Code   RO         2961    i.MX_SDIO_SD_Init   main.o
    0x08002138   0x08002138   0x00000058   Code   RO         2962    i.MX_SPI1_Init      main.o
    0x08002190   0x08002190   0x0000005c   Code   RO         2963    i.MX_SPI2_Init      main.o
    0x080021ec   0x080021ec   0x0000004c   Code   RO         2964    i.MX_UART4_Init     main.o
    0x08002238   0x08002238   0x00000010   Code   RO         1254    i.NVIC_GetPriorityGrouping  stm32f4xx_hal_cortex.o
    0x08002248   0x08002248   0x00000028   Code   RO         1255    i.NVIC_SetPriority  stm32f4xx_hal_cortex.o
    0x08002270   0x08002270   0x00000002   Code   RO         3304    i.PendSV_Handler    stm32f4xx_it.o
    0x08002272   0x08002272   0x0000002c   Code   RO          960    i.SDIO_ConfigData   stm32f4xx_ll_sdmmc.o
    0x0800229e   0x0800229e   0x00000008   Code   RO          961    i.SDIO_GetCommandResponse  stm32f4xx_ll_sdmmc.o
    0x080022a6   0x080022a6   0x0000000a   Code   RO          964    i.SDIO_GetPowerState  stm32f4xx_ll_sdmmc.o
    0x080022b0   0x080022b0   0x00000016   Code   RO          965    i.SDIO_GetResponse  stm32f4xx_ll_sdmmc.o
    0x080022c6   0x080022c6   0x00000034   Code   RO          966    i.SDIO_Init         stm32f4xx_ll_sdmmc.o
    0x080022fa   0x080022fa   0x0000000a   Code   RO          968    i.SDIO_PowerState_ON  stm32f4xx_ll_sdmmc.o
    0x08002304   0x08002304   0x00000008   Code   RO          969    i.SDIO_ReadFIFO     stm32f4xx_ll_sdmmc.o
    0x0800230c   0x0800230c   0x00000028   Code   RO          970    i.SDIO_SendCommand  stm32f4xx_ll_sdmmc.o
    0x08002334   0x08002334   0x0000000c   Code   RO          972    i.SDIO_WriteFIFO    stm32f4xx_ll_sdmmc.o
    0x08002340   0x08002340   0x0000003a   Code   RO          973    i.SDMMC_CmdAppCommand  stm32f4xx_ll_sdmmc.o
    0x0800237a   0x0800237a   0x00000002   PAD
    0x0800237c   0x0800237c   0x0000003c   Code   RO          974    i.SDMMC_CmdAppOperCommand  stm32f4xx_ll_sdmmc.o
    0x080023b8   0x080023b8   0x0000003a   Code   RO          975    i.SDMMC_CmdBlockLength  stm32f4xx_ll_sdmmc.o
    0x080023f2   0x080023f2   0x0000003a   Code   RO          976    i.SDMMC_CmdBusWidth  stm32f4xx_ll_sdmmc.o
    0x0800242c   0x0800242c   0x0000002e   Code   RO          980    i.SDMMC_CmdGoIdleState  stm32f4xx_ll_sdmmc.o
    0x0800245a   0x0800245a   0x00000036   Code   RO          982    i.SDMMC_CmdOperCond  stm32f4xx_ll_sdmmc.o
    0x08002490   0x08002490   0x0000003a   Code   RO          983    i.SDMMC_CmdReadMultiBlock  stm32f4xx_ll_sdmmc.o
    0x080024ca   0x080024ca   0x0000003a   Code   RO          984    i.SDMMC_CmdReadSingleBlock  stm32f4xx_ll_sdmmc.o
    0x08002504   0x08002504   0x0000003c   Code   RO          987    i.SDMMC_CmdSelDesel  stm32f4xx_ll_sdmmc.o
    0x08002540   0x08002540   0x00000034   Code   RO          988    i.SDMMC_CmdSendCID  stm32f4xx_ll_sdmmc.o
    0x08002574   0x08002574   0x00000034   Code   RO          989    i.SDMMC_CmdSendCSD  stm32f4xx_ll_sdmmc.o
    0x080025a8   0x080025a8   0x0000003a   Code   RO          990    i.SDMMC_CmdSendSCR  stm32f4xx_ll_sdmmc.o
    0x080025e2   0x080025e2   0x0000003a   Code   RO          991    i.SDMMC_CmdSendStatus  stm32f4xx_ll_sdmmc.o
    0x0800261c   0x0800261c   0x0000003a   Code   RO          992    i.SDMMC_CmdSetRelAdd  stm32f4xx_ll_sdmmc.o
    0x08002656   0x08002656   0x00000002   PAD
    0x08002658   0x08002658   0x0000003c   Code   RO          994    i.SDMMC_CmdStopTransfer  stm32f4xx_ll_sdmmc.o
    0x08002694   0x08002694   0x0000003a   Code   RO          996    i.SDMMC_CmdWriteMultiBlock  stm32f4xx_ll_sdmmc.o
    0x080026ce   0x080026ce   0x0000003a   Code   RO          997    i.SDMMC_CmdWriteSingleBlock  stm32f4xx_ll_sdmmc.o
    0x08002708   0x08002708   0x00000040   Code   RO          998    i.SDMMC_GetCmdError  stm32f4xx_ll_sdmmc.o
    0x08002748   0x08002748   0x000001a4   Code   RO          999    i.SDMMC_GetCmdResp1  stm32f4xx_ll_sdmmc.o
    0x080028ec   0x080028ec   0x0000005c   Code   RO         1000    i.SDMMC_GetCmdResp2  stm32f4xx_ll_sdmmc.o
    0x08002948   0x08002948   0x00000050   Code   RO         1001    i.SDMMC_GetCmdResp3  stm32f4xx_ll_sdmmc.o
    0x08002998   0x08002998   0x000000b0   Code   RO         1002    i.SDMMC_GetCmdResp6  stm32f4xx_ll_sdmmc.o
    0x08002a48   0x08002a48   0x00000058   Code   RO         1003    i.SDMMC_GetCmdResp7  stm32f4xx_ll_sdmmc.o
    0x08002aa0   0x08002aa0   0x0000012c   Code   RO         1569    i.SD_FindSCR        stm32f4xx_hal_sd.o
    0x08002bcc   0x08002bcc   0x000000fc   Code   RO         1570    i.SD_InitCard       stm32f4xx_hal_sd.o
    0x08002cc8   0x08002cc8   0x000000ee   Code   RO         1572    i.SD_PowerON        stm32f4xx_hal_sd.o
    0x08002db6   0x08002db6   0x00000032   Code   RO         1575    i.SD_SendStatus     stm32f4xx_hal_sd.o
    0x08002de8   0x08002de8   0x0000006a   Code   RO         1576    i.SD_WideBus_Disable  stm32f4xx_hal_sd.o
    0x08002e52   0x08002e52   0x0000006a   Code   RO         1577    i.SD_WideBus_Enable  stm32f4xx_hal_sd.o
    0x08002ebc   0x08002ebc   0x00000028   Code   RO          621    i.SD_initialize     sd_diskio.o
    0x08002ee4   0x08002ee4   0x00000068   Code   RO          622    i.SD_ioctl          sd_diskio.o
    0x08002f4c   0x08002f4c   0x00000048   Code   RO          623    i.SD_read           sd_diskio.o
    0x08002f94   0x08002f94   0x00000028   Code   RO          624    i.SD_status         sd_diskio.o
    0x08002fbc   0x08002fbc   0x00000048   Code   RO          625    i.SD_write          sd_diskio.o
    0x08003004   0x08003004   0x00000028   Code   RO         2455    i.SPI_CheckFlag_BSY  stm32f4xx_hal_spi.o
    0x0800302c   0x0800302c   0x000000aa   Code   RO         2473    i.SPI_WaitFlagStateUntilTimeout  stm32f4xx_hal_spi.o
    0x080030d6   0x080030d6   0x00000002   Code   RO         3305    i.SVC_Handler       stm32f4xx_it.o
    0x080030d8   0x080030d8   0x0000000c   Code   RO         3306    i.SysTick_Handler   stm32f4xx_it.o
    0x080030e4   0x080030e4   0x000000e0   Code   RO         2965    i.SystemClock_Config  main.o
    0x080031c4   0x080031c4   0x00000064   Code   RO           14    i.SystemInit        system_stm32f4xx.o
    0x08003228   0x08003228   0x00000010   Code   RO         3307    i.UART4_IRQHandler  stm32f4xx_it.o
    0x08003238   0x08003238   0x00000014   Code   RO         2127    i.UART_DMAAbortOnError  stm32f4xx_hal_uart.o
    0x0800324c   0x0800324c   0x00000020   Code   RO         2137    i.UART_EndRxTransfer  stm32f4xx_hal_uart.o
    0x0800326c   0x0800326c   0x00000020   Code   RO         2138    i.UART_EndTransmit_IT  stm32f4xx_hal_uart.o
    0x0800328c   0x0800328c   0x0000009a   Code   RO         2140    i.UART_Receive_IT   stm32f4xx_hal_uart.o
    0x08003326   0x08003326   0x00000002   PAD
    0x08003328   0x08003328   0x00000368   Code   RO         2141    i.UART_SetConfig    stm32f4xx_hal_uart.o
    0x08003690   0x08003690   0x00000068   Code   RO         2142    i.UART_Transmit_IT  stm32f4xx_hal_uart.o
    0x080036f8   0x080036f8   0x0000006c   Code   RO         2143    i.UART_WaitOnFlagUntilTimeout  stm32f4xx_hal_uart.o
    0x08003764   0x08003764   0x00000004   Code   RO         2966    i._Error_Handler    main.o
    0x08003768   0x08003768   0x00000028   Code   RO         3417    i.__0sprintf$1      mc_w.l(printf1.o)
    0x08003790   0x08003790   0x00000008   Code   RO         3654    i.__aeabi_errno_addr  mc_w.l(errno.o)
    0x08003798   0x08003798   0x0000000e   Code   RO         3720    i.__scatterload_copy  mc_w.l(handlers.o)
    0x080037a6   0x080037a6   0x00000002   Code   RO         3721    i.__scatterload_null  mc_w.l(handlers.o)
    0x080037a8   0x080037a8   0x0000000e   Code   RO         3722    i.__scatterload_zeroinit  mc_w.l(handlers.o)
    0x080037b6   0x080037b6   0x00000002   PAD
    0x080037b8   0x080037b8   0x00000154   Code   RO         3422    i._printf_core      mc_w.l(printf1.o)
    0x0800390c   0x0800390c   0x0000000a   Code   RO         3424    i._sputc            mc_w.l(printf1.o)
    0x08003916   0x08003916   0x00000002   Code   RO         2967    i.cd_play           main.o
    0x08003918   0x08003918   0x0000009c   Code   RO          220    i.check_fs          ff.o
    0x080039b4   0x080039b4   0x00000014   Code   RO          221    i.chk_chr           ff.o
    0x080039c8   0x080039c8   0x0000004c   Code   RO          222    i.clmt_clust        ff.o
    0x08003a14   0x08003a14   0x00000026   Code   RO          223    i.clust2sect        ff.o
    0x08003a3a   0x08003a3a   0x000000fc   Code   RO          224    i.create_chain      ff.o
    0x08003b36   0x08003b36   0x00000002   PAD
    0x08003b38   0x08003b38   0x00000124   Code   RO          225    i.create_name       ff.o
    0x08003c5c   0x08003c5c   0x0000006c   Code   RO          226    i.dir_alloc         ff.o
    0x08003cc8   0x08003cc8   0x0000006c   Code   RO          227    i.dir_find          ff.o
    0x08003d34   0x08003d34   0x000001ec   Code   RO          228    i.dir_next          ff.o
    0x08003f20   0x08003f20   0x00000086   Code   RO          229    i.dir_read          ff.o
    0x08003fa6   0x08003fa6   0x00000052   Code   RO          230    i.dir_register      ff.o
    0x08003ff8   0x08003ff8   0x00000134   Code   RO          232    i.dir_sdi           ff.o
    0x0800412c   0x0800412c   0x0000002c   Code   RO          143    i.disk_initialize   diskio.o
    0x08004158   0x08004158   0x00000028   Code   RO          144    i.disk_ioctl        diskio.o
    0x08004180   0x08004180   0x00000030   Code   RO          145    i.disk_read         diskio.o
    0x080041b0   0x080041b0   0x0000001c   Code   RO          146    i.disk_status       diskio.o
    0x080041cc   0x080041cc   0x00000030   Code   RO          147    i.disk_write        diskio.o
    0x080041fc   0x080041fc   0x00000056   Code   RO          237    i.f_gets            ff.o
    0x08004252   0x08004252   0x0000045c   Code   RO          238    i.f_lseek           ff.o
    0x080046ae   0x080046ae   0x00000002   PAD
    0x080046b0   0x080046b0   0x00000064   Code   RO          241    i.f_mount           ff.o
    0x08004714   0x08004714   0x000001dc   Code   RO          242    i.f_open            ff.o
    0x080048f0   0x080048f0   0x00000092   Code   RO          243    i.f_opendir         ff.o
    0x08004982   0x08004982   0x000002e6   Code   RO          247    i.f_read            ff.o
    0x08004c68   0x08004c68   0x00000064   Code   RO          248    i.f_readdir         ff.o
    0x08004ccc   0x08004ccc   0x00000484   Code   RO          256    i.find_volume       ff.o
    0x08005150   0x08005150   0x000000a6   Code   RO          257    i.follow_path       ff.o
    0x080051f6   0x080051f6   0x00000164   Code   RO          258    i.get_fat           ff.o
    0x0800535a   0x0800535a   0x00000004   Code   RO         3269    i.get_fattime       fatfs.o
    0x0800535e   0x0800535e   0x00000076   Code   RO          259    i.get_fileinfo      ff.o
    0x080053d4   0x080053d4   0x00000048   Code   RO          260    i.get_ldnumber      ff.o
    0x0800541c   0x0800541c   0x00000068   Code   RO         2968    i.get_scd           main.o
    0x08005484   0x08005484   0x00000144   Code   RO         2969    i.get_toc           main.o
    0x080055c8   0x080055c8   0x00000024   Code   RO          261    i.ld_clust          ff.o
    0x080055ec   0x080055ec   0x000001cc   Code   RO         2970    i.main              main.o
    0x080057b8   0x080057b8   0x00000026   Code   RO          262    i.mem_cmp           ff.o
    0x080057de   0x080057de   0x0000001a   Code   RO          263    i.mem_cpy           ff.o
    0x080057f8   0x080057f8   0x00000014   Code   RO          264    i.mem_set           ff.o
    0x0800580c   0x0800580c   0x0000003e   Code   RO          265    i.move_window       ff.o
    0x0800584a   0x0800584a   0x00000002   PAD
    0x0800584c   0x0800584c   0x00000110   Code   RO         2971    i.open_gdi          main.o
    0x0800595c   0x0800595c   0x00000074   Code   RO         2972    i.process_cmd       main.o
    0x080059d0   0x080059d0   0x000001be   Code   RO          266    i.put_fat           ff.o
    0x08005b8e   0x08005b8e   0x00000002   PAD
    0x08005b90   0x08005b90   0x00000198   Code   RO         2973    i.read_cd           main.o
    0x08005d28   0x08005d28   0x00000088   Code   RO          268    i.remove_chain      ff.o
    0x08005db0   0x08005db0   0x00000028   Code   RO         2974    i.req_error         main.o
    0x08005dd8   0x08005dd8   0x00000064   Code   RO         2975    i.req_ses           main.o
    0x08005e3c   0x08005e3c   0x00000058   Code   RO         2976    i.request_mode      main.o
    0x08005e94   0x08005e94   0x00000010   Code   RO          269    i.st_clust          ff.o
    0x08005ea4   0x08005ea4   0x00000072   Code   RO          271    i.sync_window       ff.o
    0x08005f16   0x08005f16   0x00000002   PAD
    0x08005f18   0x08005f18   0x00000034   Code   RO         2977    i.transmit_71       main.o
    0x08005f4c   0x08005f4c   0x00000052   Code   RO          272    i.validate          ff.o
    0x08005f9e   0x08005f9e   0x00000018   Data   RO           15    .constdata          system_stm32f4xx.o
    0x08005fb6   0x08005fb6   0x000000ac   Data   RO          273    .constdata          ff.o
    0x08006062   0x08006062   0x00000002   PAD
    0x08006064   0x08006064   0x00000014   Data   RO          626    .constdata          sd_diskio.o
    0x08006078   0x08006078   0x00000081   Data   RO         3684    .constdata          mc_w.l(ctype_o.o)
    0x080060f9   0x080060f9   0x00000003   PAD
    0x080060fc   0x080060fc   0x00000004   Data   RO         3685    .constdata          mc_w.l(ctype_o.o)
    0x08006100   0x08006100   0x00000020   Data   RO         3718    Region$$Table       anon$$obj.o


    Execution Region RW_IRAM1 (Exec base: 0x20000000, Load base: 0x08006120, Size: 0x0000da40, Max: 0x00020000, ABSOLUTE)

    Exec Addr    Load Addr    Size         Type   Attr      Idx    E Section Name        Object

    0x20000000   0x08006120   0x00000004   Data   RW           16    .data               system_stm32f4xx.o
    0x20000004   0x08006124   0x00000006   Data   RW          274    .data               ff.o
    0x2000000a   0x0800612a   0x00000001   Data   RW          627    .data               sd_diskio.o
    0x2000000b   0x0800612b   0x00000001   PAD
    0x2000000c   0x0800612c   0x00000004   Data   RW         1916    .data               stm32f4xx_hal.o
    0x20000010   0x08006130   0x0000000f   Data   RW         2979    .data               main.o
    0x2000001f   0x0800613f   0x00000005   Data   RW         3270    .data               fatfs.o
    0x20000024   0x08006144   0x00000004   Data   RW         3363    .data               mc_w.l(strtok.o)
    0x20000028   0x08006148   0x00000004   Data   RW         3657    .data               mc_w.l(errno.o)
    0x2000002c        -       0x0000000c   Zero   RW          544    .bss                ff_gen_drv.o
    0x20000038        -       0x0000d608   Zero   RW         2978    .bss                main.o
    0x2000d640        -       0x00000400   Zero   RW            1    STACK               startup_stm32f407xx.o


==============================================================================

Image component sizes


      Code (inc. data)   RO Data    RW Data    ZI Data      Debug   Object Name

       200         26          0          0          0       4304   bsp_driver_sd.o
       208         24          0          0          0       9001   diskio.o
        32         12          0          5          0       1546   fatfs.o
      7676         52        172          6          0      35741   ff.o
       102          6          0          0         12       1775   ff_gen_drv.o
      2662        350          0         15      54792      12810   main.o
       328         32         20          1          0       4900   sd_diskio.o
        36          8        392          0       1024        868   startup_stm32f407xx.o
       158         20          0          4          0       4663   stm32f4xx_hal.o
       348         22          0          0          0      32957   stm32f4xx_hal_cortex.o
        40          0          0          0          0       1195   stm32f4xx_hal_dma.o
       524         46          0          0          0       2416   stm32f4xx_hal_gpio.o
       526         56          0          0          0       3156   stm32f4xx_hal_msp.o
      1844         80          0          0          0       5700   stm32f4xx_hal_rcc.o
      3084          4          0          0          0      13728   stm32f4xx_hal_sd.o
       772          0          0          0          0       4202   stm32f4xx_hal_spi.o
      2210         14          0          0          0      11222   stm32f4xx_hal_uart.o
        32          6          0          0          0       1996   stm32f4xx_it.o
      2090         40          0          0          0      25179   stm32f4xx_ll_sdmmc.o
       100         18         24          4          0     678375   system_stm32f4xx.o

    ----------------------------------------------------------------------
     22996        816        642         36      55828     855734   Object Totals
         0          0         32          0          0          0   (incl. Generated)
        24          0          2          1          0          0   (incl. Padding)

    ----------------------------------------------------------------------

      Code (inc. data)   RO Data    RW Data    ZI Data      Debug   Library Member Name

        28          0          0          0          0         68   _chval.o
       158          0          0          0          0         92   _strtoul.o
        26          0          0          0          0         80   atoi.o
         8          4        133          0          0         68   ctype_o.o
         0          0          0          0          0          0   entry.o
         0          0          0          0          0          0   entry10a.o
         0          0          0          0          0          0   entry11a.o
         8          4          0          0          0          0   entry2.o
         4          0          0          0          0          0   entry5.o
         0          0          0          0          0          0   entry7b.o
         0          0          0          0          0          0   entry8b.o
         8          4          0          0          0          0   entry9a.o
         8          4          0          4          0         68   errno.o
        30          0          0          0          0          0   handlers.o
        36          8          0          0          0         68   init.o
        36          0          0          0          0         68   memcpya.o
        36          0          0          0          0        108   memseta.o
       390         10          0          0          0        252   printf1.o
        24          0          0          0          0         68   strcat.o
        28          0          0          0          0         76   strcmp.o
        18          0          0          0          0         68   strcpy.o
        14          0          0          0          0         68   strlen.o
        68          6          0          4          0         80   strtok.o
       112          0          0          0          0         88   strtol.o
        44          0          0          0          0         80   uidiv.o

    ----------------------------------------------------------------------
      1090         40        136          8          0       1400   Library Totals
         6          0          3          0          0          0   (incl. Padding)

    ----------------------------------------------------------------------

      Code (inc. data)   RO Data    RW Data    ZI Data      Debug   Library Name

      1084         40        133          8          0       1400   mc_w.l

    ----------------------------------------------------------------------
      1090         40        136          8          0       1400   Library Totals

    ----------------------------------------------------------------------

==============================================================================


      Code (inc. data)   RO Data    RW Data    ZI Data      Debug   

     24086        856        778         44      55828     840562   Grand Totals
     24086        856        778         44      55828     840562   ELF Image Totals
     24086        856        778         44          0          0   ROM Totals

==============================================================================

    Total RO  Size (Code + RO Data)                24864 (  24.28kB)
    Total RW  Size (RW Data + ZI Data)             55872 (  54.56kB)
    Total ROM Size (Code + RO Data + RW Data)      24908 (  24.32kB)

==============================================================================

